Component: ARM Compiler 5.05 update 1 (build 106) Tool: armlink [4d0efa]

==============================================================================

Section Cross References

    main.o(i.main) refers to delay.o(i.delay_init) for delay_init
    main.o(i.main) refers to dis_api.o(i.TFT_init) for TFT_init
    main.o(i.main) refers to rtc.o(i.RTC_Init) for RTC_Init
    main.o(i.main) refers to key.o(i.key_init) for key_init
    main.o(i.main) refers to misc.o(i.NVIC_PriorityGroupConfig) for NVIC_PriorityGroupConfig
    main.o(i.main) refers to component.o(.data) for component
    main.o(i.main) refers to touch.o(.data) for tp_dev
    main.o(i.main) refers to channel.o(.data) for channel
    main.o(i.main) refers to auzactivity.o(.data) for auzActivity
    main.o(i.main) refers to activity.o(.data) for activity
    system_stm32f10x.o(i.SetSysClock) refers to system_stm32f10x.o(i.SetSysClockTo72) for SetSysClockTo72
    system_stm32f10x.o(i.SystemCoreClockUpdate) refers to system_stm32f10x.o(.data) for SystemCoreClock
    system_stm32f10x.o(i.SystemInit) refers to system_stm32f10x.o(i.SetSysClock) for SetSysClock
    delay.o(i.delay_init) refers to misc.o(i.SysTick_CLKSourceConfig) for SysTick_CLKSourceConfig
    delay.o(i.delay_init) refers to system_stm32f10x.o(.data) for SystemCoreClock
    delay.o(i.delay_init) refers to delay.o(.data) for fac_us
    delay.o(i.delay_ms) refers to delay.o(.data) for fac_ms
    delay.o(i.delay_us) refers to delay.o(.data) for fac_us
    fsmc.o(i.LCD_WR_REG_DATA) refers to fsmc.o(i.LCD_WR_REG) for LCD_WR_REG
    fsmc.o(i.LCD_WR_REG_DATA) refers to fsmc.o(i.LCD_WR_DATA) for LCD_WR_DATA
    fsmc.o(i.TFT_FSMC_INIT) refers to stm32f10x_rcc.o(i.RCC_AHBPeriphClockCmd) for RCC_AHBPeriphClockCmd
    fsmc.o(i.TFT_FSMC_INIT) refers to stm32f10x_rcc.o(i.RCC_APB2PeriphClockCmd) for RCC_APB2PeriphClockCmd
    fsmc.o(i.TFT_FSMC_INIT) refers to stm32f10x_gpio.o(i.GPIO_Init) for GPIO_Init
    fsmc.o(i.TFT_FSMC_INIT) refers to stm32f10x_fsmc.o(i.FSMC_NORSRAMInit) for FSMC_NORSRAMInit
    fsmc.o(i.TFT_FSMC_INIT) refers to stm32f10x_fsmc.o(i.FSMC_NORSRAMCmd) for FSMC_NORSRAMCmd
    usart.o(i.USART1_IRQHandler) refers (Special) to use_no_semi_2.o(.text) for __use_no_semihosting
    usart.o(i.USART1_IRQHandler) refers to stm32f10x_usart.o(i.USART_GetITStatus) for USART_GetITStatus
    usart.o(i.USART1_IRQHandler) refers to stm32f10x_usart.o(i.USART_ReceiveData) for USART_ReceiveData
    usart.o(i.USART1_IRQHandler) refers to usart.o(.data) for USART_RX_STA
    usart.o(i.USART1_IRQHandler) refers to usart.o(.bss) for USART_RX_BUF
    usart.o(i._sys_exit) refers (Special) to use_no_semi_2.o(.text) for __use_no_semihosting
    usart.o(i.fputc) refers (Special) to use_no_semi_2.o(.text) for __use_no_semihosting
    usart.o(i.uart_init) refers (Special) to use_no_semi_2.o(.text) for __use_no_semihosting
    usart.o(i.uart_init) refers to stm32f10x_rcc.o(i.RCC_APB2PeriphClockCmd) for RCC_APB2PeriphClockCmd
    usart.o(i.uart_init) refers to stm32f10x_gpio.o(i.GPIO_Init) for GPIO_Init
    usart.o(i.uart_init) refers to misc.o(i.NVIC_Init) for NVIC_Init
    usart.o(i.uart_init) refers to stm32f10x_usart.o(i.USART_Init) for USART_Init
    usart.o(i.uart_init) refers to stm32f10x_usart.o(i.USART_ITConfig) for USART_ITConfig
    usart.o(i.uart_init) refers to stm32f10x_usart.o(i.USART_Cmd) for USART_Cmd
    usart.o(.bss) refers (Special) to use_no_semi_2.o(.text) for __use_no_semihosting
    usart.o(.data) refers (Special) to use_no_semi_2.o(.text) for __use_no_semihosting
    startup_stm32f10x_hd.o(STACK) refers (Special) to heapauxi.o(.text) for __use_two_region_memory
    startup_stm32f10x_hd.o(HEAP) refers (Special) to heapauxi.o(.text) for __use_two_region_memory
    startup_stm32f10x_hd.o(RESET) refers (Special) to heapauxi.o(.text) for __use_two_region_memory
    startup_stm32f10x_hd.o(RESET) refers to startup_stm32f10x_hd.o(STACK) for __initial_sp
    startup_stm32f10x_hd.o(RESET) refers to startup_stm32f10x_hd.o(.text) for Reset_Handler
    startup_stm32f10x_hd.o(RESET) refers to stm32f10x_it.o(i.NMI_Handler) for NMI_Handler
    startup_stm32f10x_hd.o(RESET) refers to stm32f10x_it.o(i.HardFault_Handler) for HardFault_Handler
    startup_stm32f10x_hd.o(RESET) refers to stm32f10x_it.o(i.MemManage_Handler) for MemManage_Handler
    startup_stm32f10x_hd.o(RESET) refers to stm32f10x_it.o(i.BusFault_Handler) for BusFault_Handler
    startup_stm32f10x_hd.o(RESET) refers to stm32f10x_it.o(i.UsageFault_Handler) for UsageFault_Handler
    startup_stm32f10x_hd.o(RESET) refers to stm32f10x_it.o(i.SVC_Handler) for SVC_Handler
    startup_stm32f10x_hd.o(RESET) refers to stm32f10x_it.o(i.DebugMon_Handler) for DebugMon_Handler
    startup_stm32f10x_hd.o(RESET) refers to stm32f10x_it.o(i.PendSV_Handler) for PendSV_Handler
    startup_stm32f10x_hd.o(RESET) refers to stm32f10x_it.o(i.SysTick_Handler) for SysTick_Handler
    startup_stm32f10x_hd.o(RESET) refers to rtc.o(i.RTC_IRQHandler) for RTC_IRQHandler
[...]
    lasthour                                 0x20000274   Data           1  auzactivity.o(.data)
    .data                                    0x20000278   Section       44  uvovactivity.o(.data)
    anchor                                   0x200002a1   Data           1  uvovactivity.o(.data)
    encoderAddSubflag                        0x200002a2   Data           1  uvovactivity.o(.data)
    lastanchor                               0x200002a3   Data           1  uvovactivity.o(.data)
    .data                                    0x200002a4   Section       54  pagespinneractivity.o(.data)
    anchor                                   0x200002d8   Data           1  pagespinneractivity.o(.data)
    spinner_0                                0x200002d9   Data           1  pagespinneractivity.o(.data)
    .bss                                     0x200002dc   Section      200  usart.o(.bss)
    .bss                                     0x200003a4   Section       10  rtc.o(.bss)
    .bss                                     0x200003ae   Section       60  homeactivity.o(.bss)
    .bss                                     0x200003ea   Section       40  component.o(.bss)
    .bss                                     0x20000412   Section       24  delayactivity.o(.bss)
    .bss                                     0x2000042a   Section       36  switchactivity.o(.bss)
    .bss                                     0x2000044e   Section       42  timeactivity.o(.bss)
    .bss                                     0x20000478   Section       40  pwdactivity.o(.bss)
    .bss                                     0x200004a0   Section       88  auzactivity.o(.bss)
    .bss                                     0x200004f8   Section       28  uvovactivity.o(.bss)
    .bss                                     0x20000514   Section       96  libspace.o(.bss)
    HEAP                                     0x20000578   Section      512  startup_stm32f10x_hd.o(HEAP)
    Heap_Mem                                 0x20000578   Data         512  startup_stm32f10x_hd.o(HEAP)
    STACK                                    0x20000778   Section     1024  startup_stm32f10x_hd.o(STACK)
    Stack_Mem                                0x20000778   Data        1024  startup_stm32f10x_hd.o(STACK)
    __initial_sp                             0x20000b78   Data           0  startup_stm32f10x_hd.o(STACK)

    Global Symbols

    Symbol Name                              Value     Ov Type        Size  Object(Section)

    BuildAttributes$$THM_ISAv4$P$D$K$B$S$PE$A:L22UL41UL21$X:L11$S22US41US21$IEEE1$IW$USESV6$~STKCKD$USESV7$~SHL$OTIME$ROPI$IEEEJ$EBA8$UX$STANDARDLIB$REQ8$PRES8$EABIv2 0x00000000   Number         0  anon$$obj.o ABSOLUTE
    __ARM_use_no_argv                        0x00000000   Number         0  main.o ABSOLUTE
    __ARM_exceptions_init                     - Undefined Weak Reference
    __alloca_initialize                       - Undefined Weak Reference
    __arm_preinit_                            - Undefined Weak Reference
    __cpp_initialize__aeabi_                  - Undefined Weak Reference
    __cxa_finalize                            - Undefined Weak Reference
    __rt_locale                               - Undefined Weak Reference
    __sigvec_lookup                           - Undefined Weak Reference
    _atexit_init                              - Undefined Weak Reference
    _call_atexit_fns                          - Undefined Weak Reference
    _clock_init                               - Undefined Weak Reference
    _fp_trap_init                             - Undefined Weak Reference
    _fp_trap_shutdown                         - Undefined Weak Reference
    _get_lc_collate                           - Undefined Weak Reference
    _get_lc_ctype                             - Undefined Weak Reference
    _get_lc_monetary                          - Undefined Weak Reference
    _get_lc_numeric                           - Undefined Weak Reference
    _get_lc_time                              - Undefined Weak Reference
    _getenv_init                              - Undefined Weak Reference
    _handle_redirection                       - Undefined Weak Reference
    _init_alloc                               - Undefined Weak Reference
    _init_user_alloc                          - Undefined Weak Reference
    _initio                                   - Undefined Weak Reference
    _rand_init                                - Undefined Weak Reference
    _signal_finish                            - Undefined Weak Reference
    _signal_init                              - Undefined Weak Reference
    _terminate_alloc                          - Undefined Weak Reference
    _terminate_user_alloc                     - Undefined Weak Reference
    _terminateio                              - Undefined Weak Reference
    __Vectors_Size                           0x00000130   Number         0  startup_stm32f10x_hd.o ABSOLUTE
    __Vectors                                0x08000000   Data           4  startup_stm32f10x_hd.o(RESET)
    __Vectors_End                            0x08000130   Data           0  startup_stm32f10x_hd.o(RESET)
    __main                                   0x08000131   Thumb Code     8  __main.o(!!!main)
    __scatterload                            0x08000139   Thumb Code     0  __scatter.o(!!!scatter)
    __scatterload_rt2                        0x08000139   Thumb Code    44  __scatter.o(!!!scatter)
    __scatterload_rt2_thumb_only             0x08000139   Thumb Code     0  __scatter.o(!!!scatter)
    __scatterload_null                       0x08000147   Thumb Code     0  __scatter.o(!!!scatter)
    __decompress                             0x0800016d   Thumb Code    90  __dczerorl2.o(!!dczerorl2)
    __decompress1                            0x0800016d   Thumb Code     0  __dczerorl2.o(!!dczerorl2)
    __scatterload_zeroinit                   0x080001c9   Thumb Code    28  __scatter_zi.o(!!handler_zi)
    __rt_lib_init                            0x080001e5   Thumb Code     0  libinit.o(.ARM.Collect$$libinit$$00000000)
    __rt_lib_init_alloca_1                   0x080001e7   Thumb Code     0  libinit2.o(.ARM.Collect$$libinit$$0000002E)
    __rt_lib_init_argv_1                     0x080001e7   Thumb Code     0  libinit2.o(.ARM.Collect$$libinit$$0000002C)
    __rt_lib_init_atexit_1                   0x080001e7   Thumb Code     0  libinit2.o(.ARM.Collect$$libinit$$0000001B)
    __rt_lib_init_clock_1                    0x080001e7   Thumb Code     0  libinit2.o(.ARM.Collect$$libinit$$00000021)
    __rt_lib_init_cpp_1                      0x080001e7   Thumb Code     0  libinit2.o(.ARM.Collect$$libinit$$00000032)
    __rt_lib_init_exceptions_1               0x080001e7   Thumb Code     0  libinit2.o(.ARM.Collect$$libinit$$00000030)
    __rt_lib_init_fp_1                       0x080001e7   Thumb Code     0  libinit2.o(.ARM.Collect$$libinit$$00000002)
    __rt_lib_init_fp_trap_1                  0x080001e7   Thumb Code     0  libinit2.o(.ARM.Collect$$libinit$$0000001F)
    __rt_lib_init_getenv_1                   0x080001e7   Thumb Code     0  libinit2.o(.ARM.Collect$$libinit$$00000023)
    __rt_lib_init_heap_1                     0x080001e7   Thumb Code     0  libinit2.o(.ARM.Collect$$libinit$$0000000A)
    __rt_lib_init_lc_collate_1               0x080001e7   Thumb Code     0  libinit2.o(.ARM.Collect$$libinit$$00000011)
    __rt_lib_init_lc_ctype_1                 0x080001e7   Thumb Code     0  libinit2.o(.ARM.Collect$$libinit$$00000013)
    __rt_lib_init_lc_monetary_1              0x080001e7   Thumb Code     0  libinit2.o(.ARM.Collect$$libinit$$00000015)
    __rt_lib_init_lc_numeric_1               0x080001e7   Thumb Code     0  libinit2.o(.ARM.Collect$$libinit$$00000017)
    __rt_lib_init_lc_time_1                  0x080001e7   Thumb Code     0  libinit2.o(.ARM.Collect$$libinit$$00000019)
    __rt_lib_init_preinit_1                  0x080001e7   Thumb Code     0  libinit2.o(.ARM.Collect$$libinit$$00000004)
    __rt_lib_init_rand_1                     0x080001e7   Thumb Code     0  libinit2.o(.ARM.Collect$$libinit$$0000000E)
    __rt_lib_init_return                     0x080001e7   Thumb Code     0  libinit2.o(.ARM.Collect$$libinit$$00000033)
    __rt_lib_init_signal_1                   0x080001e7   Thumb Code     0  libinit2.o(.ARM.Collect$$libinit$$0000001D)
    __rt_lib_init_stdio_1                    0x080001e7   Thumb Code     0  libinit2.o(.ARM.Collect$$libinit$$00000025)
    __rt_lib_init_user_alloc_1               0x080001e7   Thumb Code     0  libinit2.o(.ARM.Collect$$libinit$$0000000C)
    __rt_lib_shutdown                        0x080001e9   Thumb Code     0  libshutdown.o(.ARM.Collect$$libshutdown$$00000000)
    __rt_lib_shutdown_fp_trap_1              0x080001eb   Thumb Code     0  libshutdown2.o(.ARM.Collect$$libshutdown$$00000006)
    __rt_lib_shutdown_heap_1                 0x080001eb   Thumb Code     0  libshutdown2.o(.ARM.Collect$$libshutdown$$0000000E)
    __rt_lib_shutdown_return                 0x080001eb   Thumb Code     0  libshutdown2.o(.ARM.Collect$$libshutdown$$0000000F)
    __rt_lib_shutdown_signal_1               0x080001eb   Thumb Code     0  libshutdown2.o(.ARM.Collect$$libshutdown$$00000009)
    __rt_lib_shutdown_stdio_1                0x080001eb   Thumb Code     0  libshutdown2.o(.ARM.Collect$$libshutdown$$00000003)
    __rt_lib_shutdown_user_alloc_1           0x080001eb   Thumb Code     0  libshutdown2.o(.ARM.Collect$$libshutdown$$0000000B)
    __rt_entry                               0x080001ed   Thumb Code     0  __rtentry.o(.ARM.Collect$$rtentry$$00000000)
    __rt_entry_presh_1                       0x080001ed   Thumb Code     0  __rtentry2.o(.ARM.Collect$$rtentry$$00000002)
    __rt_entry_sh                            0x080001ed   Thumb Code     0  __rtentry4.o(.ARM.Collect$$rtentry$$00000004)
    __rt_entry_li                            0x080001f3   Thumb Code     0  __rtentry2.o(.ARM.Collect$$rtentry$$0000000A)
    __rt_entry_postsh_1                      0x080001f3   Thumb Code     0  __rtentry2.o(.ARM.Collect$$rtentry$$00000009)
    __rt_entry_main                          0x080001f7   Thumb Code     0  __rtentry2.o(.ARM.Collect$$rtentry$$0000000D)
    __rt_entry_postli_1                      0x080001f7   Thumb Code     0  __rtentry2.o(.ARM.Collect$$rtentry$$0000000C)
    __rt_exit                                0x080001ff   Thumb Code     0  rtexit.o(.ARM.Collect$$rtexit$$00000000)
    __rt_exit_ls                             0x08000201   Thumb Code     0  rtexit2.o(.ARM.Collect$$rtexit$$00000003)
    __rt_exit_prels_1                        0x08000201   Thumb Code     0  rtexit2.o(.ARM.Collect$$rtexit$$00000002)
    __rt_exit_exit                           0x08000205   Thumb Code     0  rtexit2.o(.ARM.Collect$$rtexit$$00000004)
    Reset_Handler                            0x0800020d   Thumb Code     8  startup_stm32f10x_hd.o(.text)
    ADC1_2_IRQHandler                        0x08000227   Thumb Code     0  startup_stm32f10x_hd.o(.text)
    ADC3_IRQHandler                          0x08000227   Thumb Code     0  startup_stm32f10x_hd.o(.text)
    CAN1_RX1_IRQHandler                      0x08000227   Thumb Code     0  startup_stm32f10x_hd.o(.text)
    CAN1_SCE_IRQHandler                      0x08000227   Thumb Code     0  startup_stm32f10x_hd.o(.text)
    DMA1_Channel1_IRQHandler                 0x08000227   Thumb Code     0  startup_stm32f10x_hd.o(.text)
    DMA1_Channel2_IRQHandler                 0x08000227   Thumb Code     0  startup_stm32f10x_hd.o(.text)
    DMA1_Channel3_IRQHandler                 0x08000227   Thumb Code     0  startup_stm32f10x_hd.o(.text)
    DMA1_Channel4_IRQHandler                 0x08000227   Thumb Code     0  startup_stm32f10x_hd.o(.text)
    DMA1_Channel5_IRQHandler                 0x08000227   Thumb Code     0  startup_stm32f10x_hd.o(.text)
    DMA1_Channel6_IRQHandler                 0x08000227   Thumb Code     0  startup_stm32f10x_hd.o(.text)
    DMA1_Channel7_IRQHandler                 0x08000227   Thumb Code     0  startup_stm32f10x_hd.o(.text)
    DMA2_Channel1_IRQHandler                 0x08000227   Thumb Code     0  startup_stm32f10x_hd.o(.text)
    DMA2_Channel2_IRQHandler                 0x08000227   Thumb Code     0  startup_stm32f10x_hd.o(.text)
    DMA2_Channel3_IRQHandler                 0x08000227   Thumb Code     0  startup_stm32f10x_hd.o(.text)
    DMA2_Channel4_5_IRQHandler               0x08000227   Thumb Code     0  startup_stm32f10x_hd.o(.text)
    EXTI0_IRQHandler                         0x08000227   Thumb Code     0  startup_stm32f10x_hd.o(.text)
    EXTI15_10_IRQHandler                     0x08000227   Thumb Code     0  startup_stm32f10x_hd.o(.text)
    EXTI1_IRQHandler                         0x08000227   Thumb Code     0  startup_stm32f10x_hd.o(.text)
    EXTI2_IRQHandler                         0x08000227   Thumb Code     0  startup_stm32f10x_hd.o(.text)
    EXTI3_IRQHandler                         0x08000227   Thumb Code     0  startup_stm32f10x_hd.o(.text)
    EXTI4_IRQHandler                         0x08000227   Thumb Code     0  startup_stm32f10x_hd.o(.text)
    EXTI9_5_IRQHandler                       0x08000227   Thumb Code     0  startup_stm32f10x_hd.o(.text)
    FLASH_IRQHandler                         0x08000227   Thumb Code     0  startup_stm32f10x_hd.o(.text)
    FSMC_IRQHandler                          0x08000227   Thumb Code     0  startup_stm32f10x_hd.o(.text)
    I2C1_ER_IRQHandler                       0x08000227   Thumb Code     0  startup_stm32f10x_hd.o(.text)
    I2C1_EV_IRQHandler                       0x08000227   Thumb Code     0  startup_stm32f10x_hd.o(.text)
    I2C2_ER_IRQHandler                       0x08000227   Thumb Code     0  startup_stm32f10x_hd.o(.text)
    I2C2_EV_IRQHandler                       0x08000227   Thumb Code     0  startup_stm32f10x_hd.o(.text)
    PVD_IRQHandler                           0x08000227   Thumb Code     0  startup_stm32f10x_hd.o(.text)
    RCC_IRQHandler                           0x08000227   Thumb Code     0  startup_stm32f10x_hd.o(.text)
    RTCAlarm_IRQHandler                      0x08000227   Thumb Code     0  startup_stm32f10x_hd.o(.text)
    SDIO_IRQHandler                          0x08000227   Thumb Code     0  startup_stm32f10x_hd.o(.text)
    SPI1_IRQHandler                          0x08000227   Thumb Code     0  startup_stm32f10x_hd.o(.text)
    SPI2_IRQHandler                          0x08000227   Thumb Code     0  startup_stm32f10x_hd.o(.text)
    SPI3_IRQHandler                          0x08000227   Thumb Code     0  startup_stm32f10x_hd.o(.text)
    TAMPER_IRQHandler                        0x08000227   Thumb Code     0  startup_stm32f10x_hd.o(.text)
    TIM1_BRK_IRQHandler                      0x08000227   Thumb Code     0  startup_stm32f10x_hd.o(.text)
    TIM1_CC_IRQHandler                       0x08000227   Thumb Code     0  startup_stm32f10x_hd.o(.text)
    TIM1_TRG_COM_IRQHandler                  0x08000227   Thumb Code     0  startup_stm32f10x_hd.o(.text)
    TIM1_UP_IRQHandler                       0x08000227   Thumb Code     0  startup_stm32f10x_hd.o(.text)
    TIM2_IRQHandler                          0x08000227   Thumb Code     0  startup_stm32f10x_hd.o(.text)
    TIM3_IRQHandler                          0x08000227   Thumb Code     0  startup_stm32f10x_hd.o(.text)
    TIM4_IRQHandler                          0x08000227   Thumb Code     0  startup_stm32f10x_hd.o(.text)
    TIM5_IRQHandler                          0x08000227   Thumb Code     0  startup_stm32f10x_hd.o(.text)
    TIM6_IRQHandler                          0x08000227   Thumb Code     0  startup_stm32f10x_hd.o(.text)
    TIM7_IRQHandler                          0x08000227   Thumb Code     0  startup_stm32f10x_hd.o(.text)
    TIM8_BRK_IRQHandler                      0x08000227   Thumb Code     0  startup_stm32f10x_hd.o(.text)
    TIM8_CC_IRQHandler                       0x08000227   Thumb Code     0  startup_stm32f10x_hd.o(.text)
    TIM8_TRG_COM_IRQHandler                  0x08000227   Thumb Code     0  startup_stm32f10x_hd.o(.text)
    TIM8_UP_IRQHandler                       0x08000227   Thumb Code     0  startup_stm32f10x_hd.o(.text)
    UART4_IRQHandler                         0x08000227   Thumb Code     0  startup_stm32f10x_hd.o(.text)
    UART5_IRQHandler                         0x08000227   Thumb Code     0  startup_stm32f10x_hd.o(.text)
    USART2_IRQHandler                        0x08000227   Thumb Code     0  startup_stm32f10x_hd.o(.text)
    USART3_IRQHandler                        0x08000227   Thumb Code     0  startup_stm32f10x_hd.o(.text)
    USBWakeUp_IRQHandler                     0x08000227   Thumb Code     0  startup_stm32f10x_hd.o(.text)
    USB_HP_CAN1_TX_IRQHandler                0x08000227   Thumb Code     0  startup_stm32f10x_hd.o(.text)
    USB_LP_CAN1_RX0_IRQHandler               0x08000227   Thumb Code     0  startup_stm32f10x_hd.o(.text)
    WWDG_IRQHandler                          0x08000227   Thumb Code     0  startup_stm32f10x_hd.o(.text)
    __user_initial_stackheap                 0x08000229   Thumb Code     0  startup_stm32f10x_hd.o(.text)
    __use_no_semihosting                     0x0800024d   Thumb Code     2  use_no_semi_2.o(.text)
    strlen                                   0x0800024f   Thumb Code    62  strlen.o(.text)
    __aeabi_memcpy4                          0x0800028d   Thumb Code     0  rt_memcpy_w.o(.text)
    __aeabi_memcpy8                          0x0800028d   Thumb Code     0  rt_memcpy_w.o(.text)
    __rt_memcpy_w                            0x0800028d   Thumb Code   100  rt_memcpy_w.o(.text)
    _memcpy_lastbytes_aligned                0x080002d5   Thumb Code     0  rt_memcpy_w.o(.text)
    __use_two_region_memory                  0x080002f1   Thumb Code     2  heapauxi.o(.text)
    __rt_heap_escrow$2region                 0x080002f3   Thumb Code     2  heapauxi.o(.text)
    __rt_heap_expand$2region                 0x080002f5   Thumb Code     2  heapauxi.o(.text)
    __I$use$semihosting                      0x080002f7   Thumb Code     0  use_no_semi.o(.text)
    __use_no_semihosting_swi                 0x080002f7   Thumb Code     2  use_no_semi.o(.text)
    __read_errno                             0x080002f9   Thumb Code    10  _rserrno.o(.text)
    __set_errno                              0x08000303   Thumb Code    12  _rserrno.o(.text)
    __aeabi_errno_addr                       0x08000311   Thumb Code     8  rt_errno_addr_intlibspace.o(.text)
    __errno$intlibspace                      0x08000311   Thumb Code     0  rt_errno_addr_intlibspace.o(.text)
    __rt_errno_addr$intlibspace              0x08000311   Thumb Code     0  rt_errno_addr_intlibspace.o(.text)
    __user_libspace                          0x08000319   Thumb Code     8  libspace.o(.text)
    __user_perproc_libspace                  0x08000319   Thumb Code     0  libspace.o(.text)
    __user_perthread_libspace                0x08000319   Thumb Code     0  libspace.o(.text)
    __user_setup_stackheap                   0x08000321   Thumb Code    74  sys_stackheap_outer.o(.text)
    exit                                     0x0800036b   Thumb Code    12  exit.o(.text)
    AT24CXX_Init                             0x08000377   Thumb Code     8  24cxx.o(i.AT24CXX_Init)
    AT24CXX_Read                             0x0800037f   Thumb Code    34  24cxx.o(i.AT24CXX_Read)
    AT24CXX_ReadLenByte                      0x080003a1   Thumb Code    48  24cxx.o(i.AT24CXX_ReadLenByte)
    AT24CXX_ReadOneByte                      0x080003d1   Thumb Code    90  24cxx.o(i.AT24CXX_ReadOneByte)
    AT24CXX_Write                            0x0800042b   Thumb Code    36  24cxx.o(i.AT24CXX_Write)
    AT24CXX_WriteLenByte                     0x0800044f   Thumb Code    42  24cxx.o(i.AT24CXX_WriteLenByte)
    AT24CXX_WriteOneByte                     0x08000479   Thumb Code    82  24cxx.o(i.AT24CXX_WriteOneByte)
    BKP_DeInit                               0x080004cb   Thumb Code    16  stm32f10x_bkp.o(i.BKP_DeInit)
    BKP_ReadBackupRegister                   0x080004dd   Thumb Code    24  stm32f10x_bkp.o(i.BKP_ReadBackupRegister)
    BKP_WriteBackupRegister                  0x080004f9   Thumb Code    22  stm32f10x_bkp.o(i.BKP_WriteBackupRegister)
    BusFault_Handler                         0x08000515   Thumb Code     4  stm32f10x_it.o(i.BusFault_Handler)
    DebugMon_Handler                         0x08000519   Thumb Code     2  stm32f10x_it.o(i.DebugMon_Handler)
    EXTI_ClearITPendingBit                   0x0800051d   Thumb Code     6  stm32f10x_exti.o(i.EXTI_ClearITPendingBit)
    EXTI_Init                                0x08000529   Thumb Code   142  stm32f10x_exti.o(i.EXTI_Init)
    FSMC_NORSRAMCmd                          0x080005bd   Thumb Code    46  stm32f10x_fsmc.o(i.FSMC_NORSRAMCmd)
    FSMC_NORSRAMInit                         0x080005f1   Thumb Code   230  stm32f10x_fsmc.o(i.FSMC_NORSRAMInit)
    Fill_Fast_Rec                            0x080006d7   Thumb Code   114  dis_api.o(i.Fill_Fast_Rec)
    GPIO_Init                                0x08000749   Thumb Code   278  stm32f10x_gpio.o(i.GPIO_Init)
    GPIO_ReadOutputDataBit                   0x0800085f   Thumb Code    18  stm32f10x_gpio.o(i.GPIO_ReadOutputDataBit)
    GPIO_ResetBits                           0x08000871   Thumb Code     4  stm32f10x_gpio.o(i.GPIO_ResetBits)
    GPIO_SetBits                             0x08000875   Thumb Code     4  stm32f10x_gpio.o(i.GPIO_SetBits)
    HardFault_Handler                        0x08000879   Thumb Code     4  stm32f10x_it.o(i.HardFault_Handler)
    IIC_Ack                                  0x0800087d   Thumb Code    66  myiic.o(i.IIC_Ack)
    IIC_Init                                 0x080008cd   Thumb Code    46  myiic.o(i.IIC_Init)
    IIC_NAck                                 0x08000901   Thumb Code    66  myiic.o(i.IIC_NAck)
    IIC_Read_Byte                            0x08000951   Thumb Code    98  myiic.o(i.IIC_Read_Byte)
    IIC_Send_Byte                            0x080009c1   Thumb Code   104  myiic.o(i.IIC_Send_Byte)
    IIC_Start                                0x08000a35   Thumb Code    64  myiic.o(i.IIC_Start)
    IIC_Stop                                 0x08000a81   Thumb Code    62  myiic.o(i.IIC_Stop)
    IIC_Wait_Ack                             0x08000acd   Thumb Code    86  myiic.o(i.IIC_Wait_Ack)
    IPActivityPage                           0x08000b31   Thumb Code   124  ipactivity.o(i.IPActivityPage)
    Is_Leap_Year                             0x08000bcd   Thumb Code    58  rtc.o(i.Is_Leap_Year)
    LCD_Clear                                0x08000c07   Thumb Code    20  dis_api.o(i.LCD_Clear)
    LCD_DrawLine                             0x08000c1b   Thumb Code   172  dis_api.o(i.LCD_DrawLine)
    LCD_DrawLtrigo                           0x08000cc7   Thumb Code   176  dis_api.o(i.LCD_DrawLtrigo)
    LCD_WR_DATA                              0x08000d79   Thumb Code    10  fsmc.o(i.LCD_WR_DATA)
    LCD_WR_REG                               0x08000d89   Thumb Code    10  fsmc.o(i.LCD_WR_REG)
    LCD_WR_REG_DATA                          0x08000d99   Thumb Code    20  fsmc.o(i.LCD_WR_REG_DATA)
    MemManage_Handler                        0x08000dad   Thumb Code     4  stm32f10x_it.o(i.MemManage_Handler)
    Mirro_Y                                  0x08000db1   Thumb Code    10  dis_api.o(i.Mirro_Y)
    NMI_Handler                              0x08000dbb   Thumb Code     2  stm32f10x_it.o(i.NMI_Handler)
    NVIC_Init                                0x08000dbd   Thumb Code   100  misc.o(i.NVIC_Init)
    NVIC_PriorityGroupConfig                 0x08000e2d   Thumb Code    10  misc.o(i.NVIC_PriorityGroupConfig)
    OPEN_WINDOW                              0x08000e41   Thumb Code    90  dis_api.o(i.OPEN_WINDOW)
    PWR_BackupAccessCmd                      0x08000e9d   Thumb Code     6  stm32f10x_pwr.o(i.PWR_BackupAccessCmd)
    PendSV_Handler                           0x08000ea9   Thumb Code     2  stm32f10x_it.o(i.PendSV_Handler)
    RCC_AHBPeriphClockCmd                    0x08000ead   Thumb Code    26  stm32f10x_rcc.o(i.RCC_AHBPeriphClockCmd)
    RCC_APB1PeriphClockCmd                   0x08000ecd   Thumb Code    26  stm32f10x_rcc.o(i.RCC_APB1PeriphClockCmd)
    RCC_APB2PeriphClockCmd                   0x08000eed   Thumb Code    26  stm32f10x_rcc.o(i.RCC_APB2PeriphClockCmd)
    RCC_BackupResetCmd                       0x08000f0d   Thumb Code     6  stm32f10x_rcc.o(i.RCC_BackupResetCmd)
    RCC_GetFlagStatus                        0x08000f19   Thumb Code    56  stm32f10x_rcc.o(i.RCC_GetFlagStatus)
    RCC_LSEConfig                            0x08000f55   Thumb Code    46  stm32f10x_rcc.o(i.RCC_LSEConfig)
    RCC_RTCCLKCmd                            0x08000f89   Thumb Code     6  stm32f10x_rcc.o(i.RCC_RTCCLKCmd)
    RCC_RTCCLKConfig                         0x08000f95   Thumb Code    12  stm32f10x_rcc.o(i.RCC_RTCCLKConfig)
    RTC_ClearITPendingBit                    0x08000fa5   Thumb Code    12  stm32f10x_rtc.o(i.RTC_ClearITPendingBit)
    RTC_EnterConfigMode                      0x08000fb5   Thumb Code    14  stm32f10x_rtc.o(i.RTC_EnterConfigMode)
    RTC_ExitConfigMode                       0x08000fc9   Thumb Code    16  stm32f10x_rtc.o(i.RTC_ExitConfigMode)
    RTC_Get                                  0x08000fdd   Thumb Code   240  rtc.o(i.RTC_Get)
    RTC_GetCounter                           0x080010dd   Thumb Code    16  stm32f10x_rtc.o(i.RTC_GetCounter)
    RTC_GetITStatus                          0x080010f1   Thumb Code    32  stm32f10x_rtc.o(i.RTC_GetITStatus)
    RTC_Get_Week                             0x08001115   Thumb Code   116  rtc.o(i.RTC_Get_Week)
    RTC_IRQHandler                           0x0800118d   Thumb Code    50  rtc.o(i.RTC_IRQHandler)
    RTC_ITConfig                             0x080011c9   Thumb Code    26  stm32f10x_rtc.o(i.RTC_ITConfig)
    RTC_Init                                 0x080011e9   Thumb Code   198  rtc.o(i.RTC_Init)
    RTC_Set                                  0x08001315   Thumb Code   184  rtc.o(i.RTC_Set)
    RTC_SetCounter                           0x080013dd   Thumb Code    24  stm32f10x_rtc.o(i.RTC_SetCounter)
    RTC_SetPrescaler                         0x080013f9   Thumb Code    26  stm32f10x_rtc.o(i.RTC_SetPrescaler)
    RTC_WaitForLastTask                      0x08001419   Thumb Code    16  stm32f10x_rtc.o(i.RTC_WaitForLastTask)
    RTC_WaitForSynchro                       0x0800142d   Thumb Code    30  stm32f10x_rtc.o(i.RTC_WaitForSynchro)
    SVC_Handler                              0x08001451   Thumb Code     2  stm32f10x_it.o(i.SVC_Handler)
    ShowpageSpinner                          0x0800153d   Thumb Code   140  component.o(i.ShowpageSpinner)
    SysTick_CLKSourceConfig                  0x080015d5   Thumb Code    40  misc.o(i.SysTick_CLKSourceConfig)
    SysTick_Handler                          0x080015fd   Thumb Code     2  stm32f10x_it.o(i.SysTick_Handler)
    SystemInit                               0x08001601   Thumb Code    78  system_stm32f10x.o(i.SystemInit)
    TFT_DrawPoint                            0x08001661   Thumb Code    58  dis_api.o(i.TFT_DrawPoint)
    TFT_Draw_One_Char                        0x0800169d   Thumb Code   250  dis_api.o(i.TFT_Draw_One_Char)
    TFT_FSMC_INIT                            0x080017a5   Thumb Code   226  fsmc.o(i.TFT_FSMC_INIT)
    TFT_ShowNum                              0x08001895   Thumb Code   252  dis_api.o(i.TFT_ShowNum)
    TFT_ShowString                           0x08001995   Thumb Code    64  dis_api.o(i.TFT_ShowString)
    TFT_Show_Any_Picture                     0x080019d5   Thumb Code    96  dis_api.o(i.TFT_Show_Any_Picture)
    TFT_Show_OnePoint_Num                    0x08001a35   Thumb Code   372  dis_api.o(i.TFT_Show_OnePoint_Num)
    TFT_ZF_Num                               0x08001bb1   Thumb Code   130  dis_api.o(i.TFT_ZF_Num)
    TFT_ZF_OnePoint_Num                      0x08001c33   Thumb Code   130  dis_api.o(i.TFT_ZF_OnePoint_Num)
    TFT_init                                 0x08001cb5   Thumb Code   386  dis_api.o(i.TFT_init)
    TP_Adjust                                0x08001e41   Thumb Code  1374  touch.o(i.TP_Adjust)
    TP_Drow_Touch_Point                      0x080023bd   Thumb Code   130  touch.o(i.TP_Drow_Touch_Point)
    TP_Get_Adjdata                           0x08002445   Thumb Code    44  touch.o(i.TP_Get_Adjdata)
    TP_Init                                  0x0800247d   Thumb Code   172  touch.o(i.TP_Init)
    TP_Read_AD                               0x08002531   Thumb Code   136  touch.o(i.TP_Read_AD)
    TP_Read_XOY                              0x080025c1   Thumb Code   120  touch.o(i.TP_Read_XOY)
    TP_Read_XY                               0x08002639   Thumb Code    38  touch.o(i.TP_Read_XY)
    TP_Read_XY2                              0x08002669   Thumb Code   192  touch.o(i.TP_Read_XY2)
    TP_Save_Adjdata                          0x08002729   Thumb Code    22  touch.o(i.TP_Save_Adjdata)
    TP_Scan                                  0x08002745   Thumb Code   262  touch.o(i.TP_Scan)
    TP_Write_Byte                            0x08002855   Thumb Code    66  touch.o(i.TP_Write_Byte)
    USART1_IRQHandler                        0x080028a1   Thumb Code   122  usart.o(i.USART1_IRQHandler)
    USART_GetITStatus                        0x08002929   Thumb Code    84  stm32f10x_usart.o(i.USART_GetITStatus)
    USART_ReceiveData                        0x0800297d   Thumb Code    10  stm32f10x_usart.o(i.USART_ReceiveData)
    UsageFault_Handler                       0x08002987   Thumb Code     4  stm32f10x_it.o(i.UsageFault_Handler)
    Write_Num_Center                         0x0800298d   Thumb Code   390  dis_api.o(i.Write_Num_Center)
    Write_Word_Center                        0x08002b19   Thumb Code   100  dis_api.o(i.Write_Word_Center)
    _sys_exit                                0x08002b7d   Thumb Code     6  usart.o(i._sys_exit)
    assignStructure                          0x08002b83   Thumb Code    14  component.o(i.assignStructure)
    assignVal                                0x08002b91   Thumb Code   134  delayactivity.o(i.assignVal)
    auzActivityAction                        0x08002c25   Thumb Code    28  auzactivity.o(i.auzActivityAction)
    auzActivityItemSelect                    0x08002c45   Thumb Code  3300  auzactivity.o(i.auzActivityItemSelect)
    auzActivityPage                          0x0800393d   Thumb Code   716  auzactivity.o(i.auzActivityPage)
    auzActivityUserPage                      0x08003c49   Thumb Code   336  auzactivity.o(i.auzActivityUserPage)
    auzActivityUserPageItemSelect            0x08003db9   Thumb Code   806  auzactivity.o(i.auzActivityUserPageItemSelect)
    checkAUZData                             0x0800410d   Thumb Code    80  auzactivity.o(i.checkAUZData)
    checkPwd                                 0x0800415d   Thumb Code    56  pwdactivity.o(i.checkPwd)
    clear                                    0x08004195   Thumb Code    36  component.o(i.clear)
    clearPage                                0x080041b9   Thumb Code    18  component.o(i.clearPage)
    clearScreen                              0x080041cb   Thumb Code    18  component.o(i.clearScreen)
    createActivity                           0x080041dd   Thumb Code   224  activity.o(i.createActivity)
    delatPageSelectItem                      0x080042ed   Thumb Code  1270  delayactivity.o(i.delatPageSelectItem)
    delayActivityAction                      0x080047e9   Thumb Code    42  delayactivity.o(i.delayActivityAction)
    delayPage                                0x0800481d   Thumb Code    80  delayactivity.o(i.delayPage)
    delaySpinnerItemSelect                   0x08004881   Thumb Code   376  delayactivity.o(i.delaySpinnerItemSelect)
    delay_init                               0x08004a0d   Thumb Code    50  delay.o(i.delay_init)
    delay_ms                                 0x08004a51   Thumb Code    72  delay.o(i.delay_ms)
    delay_us                                 0x08004a9d   Thumb Code    72  delay.o(i.delay_us)
    emptyRectangle                           0x08004ae9   Thumb Code   236  component.o(i.emptyRectangle)
    encoder                                  0x08004be5   Thumb Code   140  key.o(i.encoder)
    encoderToAddSub                          0x08004c81   Thumb Code    46  activity.o(i.encoderToAddSub)
    encoder_key                              0x08004cb1   Thumb Code    52  key.o(i.encoder_key)
    executeInWhile                           0x08004ced   Thumb Code    16  activity.o(i.executeInWhile)
    flashAUZItem                             0x08004d01   Thumb Code   856  auzactivity.o(i.flashAUZItem)
    flashChannel                             0x08005079   Thumb Code   690  homeactivity.o(i.flashChannel)
    flashChannelSate                         0x08005355   Thumb Code   270  homeactivity.o(i.flashChannelSate)
    flashChar                                0x08005469   Thumb Code    72  component.o(i.flashChar)
    flashData                                0x080054b5   Thumb Code    84  component.o(i.flashData)
    flashDelaySpinnerItem                    0x0800550d   Thumb Code   292  delayactivity.o(i.flashDelaySpinnerItem)
    flashIpItem                              0x08005639   Thumb Code   152  ipactivity.o(i.flashIpItem)
    flashItem                                0x080056e1   Thumb Code   676  delayactivity.o(i.flashItem)
    flashPasswordItem                        0x080059cd   Thumb Code   460  homeactivity.o(i.flashPasswordItem)
    flashPwdItem                             0x08005bc1   Thumb Code   548  pwdactivity.o(i.flashPwdItem)
    flashSubPage                             0x08005dfd   Thumb Code   626  delayactivity.o(i.flashSubPage)
    flashSwitchItem                          0x080060d1   Thumb Code   474  switchactivity.o(i.flashSwitchItem)
    flashTime                                0x080062c9   Thumb Code    92  activity.o(i.flashTime)
    flashTimeItem                            0x08006331   Thumb Code   430  timeactivity.o(i.flashTimeItem)
    flashUVOVItem                            0x080064fd   Thumb Code   370  uvovactivity.o(i.flashUVOVItem)
    flashUserItem                            0x0800668d   Thumb Code   376  auzactivity.o(i.flashUserItem)
    getMAXofArray                            0x08006815   Thumb Code    40  component.o(i.getMAXofArray)
    getflashChannel                          0x0800683d   Thumb Code     6  channel.o(i.getflashChannel)
    gui_4_yuanhu_CU_EMPTY                    0x08006849   Thumb Code    82  dis_api.o(i.gui_4_yuanhu_CU_EMPTY)
    gui_4_yuanhu_EMPTY                       0x0800689b   Thumb Code   260  dis_api.o(i.gui_4_yuanhu_EMPTY)
    gui_draw_arc                             0x0800699f   Thumb Code   112  dis_api.o(i.gui_draw_arc)
    gui_draw_circle8                         0x08006a0f   Thumb Code   232  dis_api.o(i.gui_draw_circle8)
    gui_draw_expoint                         0x08006af7   Thumb Code    48  dis_api.o(i.gui_draw_expoint)
    gui_draw_hline                           0x08006b27   Thumb Code    32  dis_api.o(i.gui_draw_hline)
    gui_fill_circle                          0x08006b47   Thumb Code   176  dis_api.o(i.gui_fill_circle)
    homeActivityAction                       0x08006bf9   Thumb Code    68  homeactivity.o(i.homeActivityAction)
    homeActivitySelectItem                   0x08006c49   Thumb Code  2428  homeactivity.o(i.homeActivitySelectItem)
    horizontaladderSubtracter                0x080075e5   Thumb Code   278  component.o(i.horizontaladderSubtracter)
    initChannel                              0x08007709   Thumb Code    38  channel.o(i.initChannel)
    ipActivityAction                         0x08007735   Thumb Code    28  ipactivity.o(i.ipActivityAction)
    ipActivityItemSelect                     0x08007755   Thumb Code   394  ipactivity.o(i.ipActivityItemSelect)
    isFreeDayOver                            0x08007901   Thumb Code    66  auzactivity.o(i.isFreeDayOver)
    key_init                                 0x08007949   Thumb Code    34  key.o(i.key_init)
    main                                     0x08007971   Thumb Code    74  main.o(i.main)
    mainOpenSplash                           0x080079d1   Thumb Code   150  homeactivity.o(i.mainOpenSplash)
    mainPage                                 0x08007a6d   Thumb Code  1170  homeactivity.o(i.mainPage)
    pageButton                               0x08007f0d   Thumb Code    78  component.o(i.pageButton)
    pageCheckBox                             0x08007f5b   Thumb Code    62  component.o(i.pageCheckBox)
    pageCircleButton                         0x08007f99   Thumb Code   196  component.o(i.pageCircleButton)
    pageEditText                             0x08008061   Thumb Code    94  component.o(i.pageEditText)
    pageSpinner                              0x080080c5   Thumb Code   154  component.o(i.pageSpinner)
    pageSpinnerActivity                      0x08008161   Thumb Code    28  pagespinneractivity.o(i.pageSpinnerActivity)
    pageSpinnerActivityAction                0x08008185   Thumb Code    28  pagespinneractivity.o(i.pageSpinnerActivityAction)
    pageSpinnerItem                          0x080081a5   Thumb Code   166  component.o(i.pageSpinnerItem)
    pageswitch                               0x08008251   Thumb Code   238  component.o(i.pageswitch)
    pwdActivityAction                        0x0800834d   Thumb Code    28  pwdactivity.o(i.pwdActivityAction)
    pwdActivityItemSelect                    0x0800836d   Thumb Code  1972  pwdactivity.o(i.pwdActivityItemSelect)
    pwdActivityPage                          0x08008b5d   Thumb Code   494  pwdactivity.o(i.pwdActivityPage)
    pwdSelectItem                            0x08008d79   Thumb Code  1666  homeactivity.o(i.pwdSelectItem)
    readAUZData                              0x08009455   Thumb Code    84  auzactivity.o(i.readAUZData)
    readData                                 0x080094b1   Thumb Code    34  activity.o(i.readData)
    readDelayData                            0x080094e9   Thumb Code   192  delayactivity.o(i.readDelayData)
    readEnchanData                           0x080095b1   Thumb Code    98  switchactivity.o(i.readEnchanData)
    readIPData                               0x08009619   Thumb Code    14  ipactivity.o(i.readIPData)
    readPwdData                              0x0800962d   Thumb Code    50  pwdactivity.o(i.readPwdData)
    readUVOVData                             0x08009665   Thumb Code    62  uvovactivity.o(i.readUVOVData)
    relay_key                                0x080096a9   Thumb Code    52  key.o(i.relay_key)
    resetCH                                  0x080096e5   Thumb Code   106  channel.o(i.resetCH)
    saveAUZData                              0x08009755   Thumb Code    84  auzactivity.o(i.saveAUZData)
    saveDelayData                            0x080097b1   Thumb Code   318  delayactivity.o(i.saveDelayData)
    saveEnchanData                           0x080098fd   Thumb Code    98  switchactivity.o(i.saveEnchanData)
    saveIPData                               0x08009965   Thumb Code    14  ipactivity.o(i.saveIPData)
    savePwdData                              0x08009979   Thumb Code    50  pwdactivity.o(i.savePwdData)
    saveUVOVData                             0x080099b1   Thumb Code    74  uvovactivity.o(i.saveUVOVData)
    scanAddSubstruct                         0x08009a05   Thumb Code   176  activity.o(i.scanAddSubstruct)
    sequenceToDelayOpenClose                 0x08009ab9   Thumb Code   892  channel.o(i.sequenceToDelayOpenClose)
    setCH                                    0x08009e55   Thumb Code   154  channel.o(i.setCH)
    showItem                                 0x08009ef9   Thumb Code   118  pagespinneractivity.o(i.showItem)
    showVolAndTime                           0x08009f75   Thumb Code   140  homeactivity.o(i.showVolAndTime)
    showotherItem                            0x0800a011   Thumb Code    90  pagespinneractivity.o(i.showotherItem)
    spinnerAction                            0x0800a06d   Thumb Code  2124  pagespinneractivity.o(i.spinnerAction)
    sqrt                                     0x0800a8c5   Thumb Code    76  sqrt.o(i.sqrt)
    switchActivityAction                     0x0800a911   Thumb Code    28  switchactivity.o(i.switchActivityAction)
    switchActivitySelectItem                 0x0800a931   Thumb Code  1096  switchactivity.o(i.switchActivitySelectItem)
    switchActivitypage                       0x0800ad81   Thumb Code   464  switchactivity.o(i.switchActivitypage)
    timeActivityAction                       0x0800af95   Thumb Code    28  timeactivity.o(i.timeActivityAction)
    timeActivityItemSelect                   0x0800afb5   Thumb Code  1040  timeactivity.o(i.timeActivityItemSelect)
    timeActivityPage                         0x0800b3c5   Thumb Code   598  timeactivity.o(i.timeActivityPage)
    timerActivityAction                      0x0800b661   Thumb Code    22  timeractivity.o(i.timerActivityAction)
    timerActivityPage                        0x0800b67d   Thumb Code   960  timeractivity.o(i.timerActivityPage)
    timerActivitySelectItem                  0x0800bac1   Thumb Code   178  timeractivity.o(i.timerActivitySelectItem)
    titleBar                                 0x0800bb89   Thumb Code    20  component.o(i.titleBar)
    toucharea                                0x0800bb9d   Thumb Code   104  activity.o(i.toucharea)
    uvovActivityAction                       0x0800bc09   Thumb Code    28  uvovactivity.o(i.uvovActivityAction)
    uvovActivityItemSelect                   0x0800bc29   Thumb Code  1218  uvovactivity.o(i.uvovActivityItemSelect)
    uvovActivityPage                         0x0800c0f9   Thumb Code   342  uvovactivity.o(i.uvovActivityPage)
    uvovProtection                           0x0800c285   Thumb Code   172  uvovactivity.o(i.uvovProtection)
    virticleadderSubtracter                  0x0800c339   Thumb Code   304  component.o(i.virticleadderSubtracter)
    __fpl_dcmp_Inf                           0x0800c475   Thumb Code    24  dcmpi.o(x$fpl$dcmpinf)
    __aeabi_d2uiz                            0x0800c48d   Thumb Code     0  dfixu.o(x$fpl$dfixu)
    _dfixu                                   0x0800c48d   Thumb Code    90  dfixu.o(x$fpl$dfixu)
    __aeabi_ui2d                             0x0800c4e7   Thumb Code     0  dflt_clz.o(x$fpl$dfltu)
    _dfltu                                   0x0800c4e7   Thumb Code    38  dflt_clz.o(x$fpl$dfltu)
    __aeabi_cdcmple                          0x0800c50d   Thumb Code     0  dleqf.o(x$fpl$dleqf)
    _dcmple                                  0x0800c50d   Thumb Code   120  dleqf.o(x$fpl$dleqf)
    __fpl_dcmple_InfNaN                      0x0800c56f   Thumb Code     0  dleqf.o(x$fpl$dleqf)
    __fpl_dnaninf                            0x0800c585   Thumb Code   156  dnaninf.o(x$fpl$dnaninf)
    __fpl_dretinf                            0x0800c621   Thumb Code    12  dretinf.o(x$fpl$dretinf)
    __aeabi_cdrcmple                         0x0800c62d   Thumb Code     0  drleqf.o(x$fpl$drleqf)
    _drcmple                                 0x0800c62d   Thumb Code   108  drleqf.o(x$fpl$drleqf)
    _dsqrt                                   0x0800c699   Thumb Code   456  dsqrt_noumaal.o(x$fpl$dsqrt)
    __aeabi_f2d                              0x0800c865   Thumb Code     0  f2d.o(x$fpl$f2d)
    _f2d                                     0x0800c865   Thumb Code    86  f2d.o(x$fpl$f2d)
    __aeabi_fadd                             0x0800c8bd   Thumb Code     0  faddsub_clz.o(x$fpl$fadd)
    _fadd                                    0x0800c8bd   Thumb Code   196  faddsub_clz.o(x$fpl$fadd)
    __aeabi_fdiv                             0x0800c981   Thumb Code     0  fdiv.o(x$fpl$fdiv)
    _fdiv                                    0x0800c981   Thumb Code   384  fdiv.o(x$fpl$fdiv)
    __aeabi_f2iz                             0x0800cb05   Thumb Code     0  ffix.o(x$fpl$ffix)
    _ffix                                    0x0800cb05   Thumb Code    54  ffix.o(x$fpl$ffix)
    __aeabi_f2uiz                            0x0800cb3d   Thumb Code     0  ffixu.o(x$fpl$ffixu)
    _ffixu                                   0x0800cb3d   Thumb Code    62  ffixu.o(x$fpl$ffixu)
    __aeabi_i2f                              0x0800cb7d   Thumb Code     0  fflt_clz.o(x$fpl$fflt)
    _fflt                                    0x0800cb7d   Thumb Code    48  fflt_clz.o(x$fpl$fflt)
    __aeabi_ui2f                             0x0800cbad   Thumb Code     0  fflt_clz.o(x$fpl$ffltu)
    _ffltu                                   0x0800cbad   Thumb Code    38  fflt_clz.o(x$fpl$ffltu)
    __aeabi_fmul                             0x0800cbd5   Thumb Code     0  fmul.o(x$fpl$fmul)
    _fmul                                    0x0800cbd5   Thumb Code   258  fmul.o(x$fpl$fmul)
    __fpl_fnaninf                            0x0800ccd7   Thumb Code   140  fnaninf.o(x$fpl$fnaninf)
    __fpl_fretinf                            0x0800cd63   Thumb Code    10  fretinf.o(x$fpl$fretinf)
    __aeabi_frsub                            0x0800cd6d   Thumb Code     0  faddsub_clz.o(x$fpl$frsb)
    _frsb                                    0x0800cd6d   Thumb Code    20  faddsub_clz.o(x$fpl$frsb)
    __aeabi_fsub                             0x0800cd81   Thumb Code     0  faddsub_clz.o(x$fpl$fsub)
    _fsub                                    0x0800cd81   Thumb Code   234  faddsub_clz.o(x$fpl$fsub)
    Font_16X8                                0x0800ce6a   Data        1520  font.o(.constdata)
    __I$use$fp                               0x0800ce6a   Number         0  usenofp.o(x$fpl$usenofp)
    Font_24X12                               0x0800d45a   Data        3420  font.o(.constdata)
    Font_32X16                               0x0800e1b6   Data        6080  font.o(.constdata)
    LOGO                                     0x0800f976   Data         620  font.o(.constdata)
    table_week                               0x0800fbe2   Data          12  rtc.o(.constdata)
    mon_table                                0x0800fbee   Data          12  rtc.o(.constdata)
    Region$$Table$$Base                      0x0800fc90   Number         0  anon$$obj.o(Region$$Table)
    Region$$Table$$Limit                     0x0800fcb0   Number         0  anon$$obj.o(Region$$Table)
    SystemCoreClock                          0x20000000   Data           4  system_stm32f10x.o(.data)
    AHBPrescTable                            0x20000004   Data          16  system_stm32f10x.o(.data)
    __stdout                                 0x20000018   Data           4  usart.o(.data)
    USART_RX_STA                             0x2000001c   Data           2  usart.o(.data)
    DisAPI                                   0x20000020   Data          36  dis_api.o(.data)
    flag_ten_sec                             0x20000044   Data           1  rtc.o(.data)
    relay_key_dev                            0x20000048   Data           1  key.o(.data)
    encoder_dev                              0x20000049   Data           2  key.o(.data)
    back_flag                                0x2000004b   Data           1  key.o(.data)
    front_flag                               0x2000004c   Data           1  key.o(.data)
    LAST_A_LEVEL                             0x2000004d   Data           1  key.o(.data)
    LAST_KEY_LEVEL                           0x2000004e   Data           1  key.o(.data)
    LAST_REKEY_LEVEL                         0x2000004f   Data           1  key.o(.data)
    channel                                  0x20000054   Data          20  channel.o(.data)
    POINT_COLOR_                             0x20000070   Data           2  touch.o(.data)
    BACK_COLOR_                              0x20000072   Data           2  touch.o(.data)
    tp_dev                                   0x20000074   Data          52  touch.o(.data)
    CMD_RDY                                  0x200000a8   Data           1  touch.o(.data)
    CMD_RDX                                  0x200000a9   Data           1  touch.o(.data)
    vol                                      0x200000ac   Data          28  homeactivity.o(.data)
    homeActivity                             0x200000c8   Data          28  homeactivity.o(.data)
    pwdTempData                              0x200000e4   Data           4  homeactivity.o(.data)
    component                                0x200000f0   Data          76  component.o(.data)
    subitemName                              0x2000013c   Data          16  delayactivity.o(.data)
    chan_open_data                           0x2000014c   Data           8  delayactivity.o(.data)
    chan_close_data                          0x20000154   Data           8  delayactivity.o(.data)
    chan_data                                0x2000015c   Data           8  delayactivity.o(.data)
    delayActivity                            0x20000164   Data          28  delayactivity.o(.data)
    spinnerxy                                0x20000180   Data           4  delayactivity.o(.data)
    ChanenStructure                          0x2000018c   Data           8  switchactivity.o(.data)
    switchActivity                           0x20000194   Data          16  switchactivity.o(.data)
    timerActivity                            0x200001a8   Data           4  timeractivity.o(.data)
    activity                                 0x200001b0   Data          40  activity.o(.data)
    timeActivity                             0x200001d8   Data           8  timeactivity.o(.data)
    pwdData                                  0x200001e4   Data           4  pwdactivity.o(.data)
    rawPwdData                               0x200001e8   Data           4  pwdactivity.o(.data)
    oldPwdDataTemp                           0x200001ec   Data           4  pwdactivity.o(.data)
    newPwdDataTemp                           0x200001f0   Data           4  pwdactivity.o(.data)
    pwdActivity                              0x200001f4   Data          24  pwdactivity.o(.data)
    ipActivity                               0x20000210   Data          16  ipactivity.o(.data)
    ip_data                                  0x20000220   Data           1  ipactivity.o(.data)
    ipXY                                     0x20000221   Data           8  ipactivity.o(.data)
    auzDataTemp                              0x2000022c   Data           6  auzactivity.o(.data)
    auzData                                  0x20000232   Data           6  auzactivity.o(.data)
    userData                                 0x20000238   Data           6  auzactivity.o(.data)
    freeTime                                 0x2000023e   Data           1  auzactivity.o(.data)
    isAUZRight                               0x2000023f   Data           1  auzactivity.o(.data)
    userDataTemp                             0x20000240   Data           6  auzactivity.o(.data)
    user_Data                                0x20000246   Data           6  auzactivity.o(.data)
    auzActivity                              0x2000024c   Data          32  auzactivity.o(.data)
    uvovActivity                             0x20000278   Data          24  uvovactivity.o(.data)
    uv_ov_data                               0x20000290   Data           8  uvovactivity.o(.data)
    _uv_ov_tempdata                          0x20000298   Data           8  uvovactivity.o(.data)
    channelStatus                            0x200002a0   Data           1  uvovactivity.o(.data)
    SpinnerActivity                          0x200002a4   Data          12  pagespinneractivity.o(.data)
    otherPage                                0x200002b0   Data          20  pagespinneractivity.o(.data)
    itemName                                 0x200002c4   Data          20  pagespinneractivity.o(.data)
    USART_RX_BUF                             0x200002dc   Data         200  usart.o(.bss)
    calendar                                 0x200003a4   Data          10  rtc.o(.bss)
    homeItemXY                               0x200003ae   Data          40  homeactivity.o(.bss)
    passcordItemXY                           0x200003d6   Data          20  homeactivity.o(.bss)
    spinnerXY                                0x200003ea   Data          40  component.o(.bss)
    rectangle                                0x20000412   Data          24  delayactivity.o(.bss)
    switchItemXY                             0x2000042a   Data          36  switchactivity.o(.bss)
    tempCalender                             0x2000044e   Data          10  timeactivity.o(.bss)
    timeXY                                   0x20000458   Data          32  timeactivity.o(.bss)
    pwdXY                                    0x20000478   Data          40  pwdactivity.o(.bss)
    auzXY                                    0x200004a0   Data          60  auzactivity.o(.bss)
    auzXY_u                                  0x200004dc   Data          28  auzactivity.o(.bss)
    uvovXY                                   0x200004f8   Data          28  uvovactivity.o(.bss)
    __libspace_start                         0x20000514   Data          96  libspace.o(.bss)
    __temporary_stack_top$libspace           0x20000574   Data           0  libspace.o(.bss)



==============================================================================

Memory Map of the image

  Image Entry point : 0x0800020d

  Load Region LR_1 (Base: 0x08000000, Size: 0x0000ff8c, Max: 0xffffffff, ABSOLUTE, COMPRESSED[0x0000fe84])

    Execution Region ER_RO (Base: 0x08000000, Size: 0x0000fcb0, Max: 0xffffffff, ABSOLUTE)

    Base Addr    Size         Type   Attr      Idx    E Section Name        Object

    0x08000000   0x00000130   Data   RO          471    RESET               startup_stm32f10x_hd.o
    0x08000130   0x00000008   Code   RO         3612  * !!!main             c_w.l(__main.o)
    0x08000138   0x00000034   Code   RO         3838    !!!scatter          c_w.l(__scatter.o)
    0x0800016c   0x0000005a   Code   RO         3836    !!dczerorl2         c_w.l(__dczerorl2.o)
    0x080001c6   0x00000002   PAD
    0x080001c8   0x0000001c   Code   RO         3840    !!handler_zi        c_w.l(__scatter_zi.o)
    0x080001e4   0x00000002   Code   RO         3714    .ARM.Collect$$libinit$$00000000  c_w.l(libinit.o)
    0x080001e6   0x00000000   Code   RO         3718    .ARM.Collect$$libinit$$00000002  c_w.l(libinit2.o)
    0x080001e6   0x00000000   Code   RO         3720    .ARM.Collect$$libinit$$00000004  c_w.l(libinit2.o)
    0x080001e6   0x00000000   Code   RO         3723    .ARM.Collect$$libinit$$0000000A  c_w.l(libinit2.o)
    0x080001e6   0x00000000   Code   RO         3725    .ARM.Collect$$libinit$$0000000C  c_w.l(libinit2.o)
    0x080001e6   0x00000000   Code   RO         3727    .ARM.Collect$$libinit$$0000000E  c_w.l(libinit2.o)
    0x080001e6   0x00000000   Code   RO         3730    .ARM.Collect$$libinit$$00000011  c_w.l(libinit2.o)
    0x080001e6   0x00000000   Code   RO         3732    .ARM.Collect$$libinit$$00000013  c_w.l(libinit2.o)
    0x080001e6   0x00000000   Code   RO         3734    .ARM.Collect$$libinit$$00000015  c_w.l(libinit2.o)
    0x080001e6   0x00000000   Code   RO         3736    .ARM.Collect$$libinit$$00000017  c_w.l(libinit2.o)
    0x080001e6   0x00000000   Code   RO         3738    .ARM.Collect$$libinit$$00000019  c_w.l(libinit2.o)
    0x080001e6   0x00000000   Code   RO         3740    .ARM.Collect$$libinit$$0000001B  c_w.l(libinit2.o)
    0x080001e6   0x00000000   Code   RO         3742    .ARM.Collect$$libinit$$0000001D  c_w.l(libinit2.o)
    0x080001e6   0x00000000   Code   RO         3744    .ARM.Collect$$libinit$$0000001F  c_w.l(libinit2.o)
    0x080001e6   0x00000000   Code   RO         3746    .ARM.Collect$$libinit$$00000021  c_w.l(libinit2.o)
    0x080001e6   0x00000000   Code   RO         3748    .ARM.Collect$$libinit$$00000023  c_w.l(libinit2.o)
    0x080001e6   0x00000000   Code   RO         3750    .ARM.Collect$$libinit$$00000025  c_w.l(libinit2.o)
    0x080001e6   0x00000000   Code   RO         3754    .ARM.Collect$$libinit$$0000002C  c_w.l(libinit2.o)
    0x080001e6   0x00000000   Code   RO         3756    .ARM.Collect$$libinit$$0000002E  c_w.l(libinit2.o)
    0x080001e6   0x00000000   Code   RO         3758    .ARM.Collect$$libinit$$00000030  c_w.l(libinit2.o)
    0x080001e6   0x00000000   Code   RO         3760    .ARM.Collect$$libinit$$00000032  c_w.l(libinit2.o)
    0x080001e6   0x00000002   Code   RO         3761    .ARM.Collect$$libinit$$00000033  c_w.l(libinit2.o)
    0x080001e8   0x00000002   Code   RO         3779    .ARM.Collect$$libshutdown$$00000000  c_w.l(libshutdown.o)
    0x080001ea   0x00000000   Code   RO         3790    .ARM.Collect$$libshutdown$$00000003  c_w.l(libshutdown2.o)
    0x080001ea   0x00000000   Code   RO         3793    .ARM.Collect$$libshutdown$$00000006  c_w.l(libshutdown2.o)
    0x080001ea   0x00000000   Code   RO         3796    .ARM.Collect$$libshutdown$$00000009  c_w.l(libshutdown2.o)
    0x080001ea   0x00000000   Code   RO         3798    .ARM.Collect$$libshutdown$$0000000B  c_w.l(libshutdown2.o)
    0x080001ea   0x00000000   Code   RO         3801    .ARM.Collect$$libshutdown$$0000000E  c_w.l(libshutdown2.o)
    0x080001ea   0x00000002   Code   RO         3802    .ARM.Collect$$libshutdown$$0000000F  c_w.l(libshutdown2.o)
    0x080001ec   0x00000000   Code   RO         3666    .ARM.Collect$$rtentry$$00000000  c_w.l(__rtentry.o)
    0x080001ec   0x00000000   Code   RO         3683    .ARM.Collect$$rtentry$$00000002  c_w.l(__rtentry2.o)
    0x080001ec   0x00000006   Code   RO         3695    .ARM.Collect$$rtentry$$00000004  c_w.l(__rtentry4.o)
    0x080001f2   0x00000000   Code   RO         3685    .ARM.Collect$$rtentry$$00000009  c_w.l(__rtentry2.o)
    0x080001f2   0x00000004   Code   RO         3686    .ARM.Collect$$rtentry$$0000000A  c_w.l(__rtentry2.o)
    0x080001f6   0x00000000   Code   RO         3688    .ARM.Collect$$rtentry$$0000000C  c_w.l(__rtentry2.o)
    0x080001f6   0x00000008   Code   RO         3689    .ARM.Collect$$rtentry$$0000000D  c_w.l(__rtentry2.o)
    0x080001fe   0x00000002   Code   RO         3715    .ARM.Collect$$rtexit$$00000000  c_w.l(rtexit.o)
    0x08000200   0x00000000   Code   RO         3763    .ARM.Collect$$rtexit$$00000002  c_w.l(rtexit2.o)
    0x08000200   0x00000004   Code   RO         3764    .ARM.Collect$$rtexit$$00000003  c_w.l(rtexit2.o)
    0x08000204   0x00000006   Code   RO         3765    .ARM.Collect$$rtexit$$00000004  c_w.l(rtexit2.o)
    0x0800020a   0x00000002   PAD
    0x0800020c   0x00000040   Code   RO          472  * .text               startup_stm32f10x_hd.o
    0x0800024c   0x00000002   Code   RO         3604    .text               c_w.l(use_no_semi_2.o)
    0x0800024e   0x0000003e   Code   RO         3606    .text               c_w.l(strlen.o)
    0x0800028c   0x00000064   Code   RO         3608    .text               c_w.l(rt_memcpy_w.o)
    0x080002f0   0x00000006   Code   RO         3610    .text               c_w.l(heapauxi.o)
    0x080002f6   0x00000002   Code   RO         3664    .text               c_w.l(use_no_semi.o)
    0x080002f8   0x00000016   Code   RO         3667    .text               c_w.l(_rserrno.o)
    0x0800030e   0x00000002   PAD
    0x08000310   0x00000008   Code   RO         3700    .text               c_w.l(rt_errno_addr_intlibspace.o)
    0x08000318   0x00000008   Code   RO         3702    .text               c_w.l(libspace.o)
    0x08000320   0x0000004a   Code   RO         3705    .text               c_w.l(sys_stackheap_outer.o)
    0x0800036a   0x0000000c   Code   RO         3707    .text               c_w.l(exit.o)
    0x08000376   0x00000008   Code   RO         2746    i.AT24CXX_Init      24cxx.o
    0x0800037e   0x00000022   Code   RO         2747    i.AT24CXX_Read      24cxx.o
    0x080003a0   0x00000030   Code   RO         2748    i.AT24CXX_ReadLenByte  24cxx.o
    0x080003d0   0x0000005a   Code   RO         2749    i.AT24CXX_ReadOneByte  24cxx.o
    0x0800042a   0x00000024   Code   RO         2750    i.AT24CXX_Write     24cxx.o
    0x0800044e   0x0000002a   Code   RO         2751    i.AT24CXX_WriteLenByte  24cxx.o
    0x08000478   0x00000052   Code   RO         2752    i.AT24CXX_WriteOneByte  24cxx.o
    0x080004ca   0x00000010   Code   RO         2042    i.BKP_DeInit        stm32f10x_bkp.o
    0x080004da   0x00000002   PAD
    0x080004dc   0x0000001c   Code   RO         2047    i.BKP_ReadBackupRegister  stm32f10x_bkp.o
    0x080004f8   0x0000001c   Code   RO         2051    i.BKP_WriteBackupRegister  stm32f10x_bkp.o
    0x08000514   0x00000004   Code   RO          201    i.BusFault_Handler  stm32f10x_it.o
    0x08000518   0x00000002   Code   RO          202    i.DebugMon_Handler  stm32f10x_it.o
    0x0800051a   0x00000002   PAD
    0x0800051c   0x0000000c   Code   RO         2119    i.EXTI_ClearITPendingBit  stm32f10x_exti.o
    0x08000528   0x00000094   Code   RO         2124    i.EXTI_Init         stm32f10x_exti.o
    0x080005bc   0x00000034   Code   RO          613    i.FSMC_NORSRAMCmd   stm32f10x_fsmc.o
    0x080005f0   0x000000e6   Code   RO          615    i.FSMC_NORSRAMInit  stm32f10x_fsmc.o
    0x080006d6   0x00000072   Code   RO         2235    i.Fill_Fast_Rec     dis_api.o
    0x08000748   0x00000116   Code   RO          728    i.GPIO_Init         stm32f10x_gpio.o
    0x0800085e   0x00000012   Code   RO          734    i.GPIO_ReadOutputDataBit  stm32f10x_gpio.o
    0x08000870   0x00000004   Code   RO          735    i.GPIO_ResetBits    stm32f10x_gpio.o
    0x08000874   0x00000004   Code   RO          736    i.GPIO_SetBits      stm32f10x_gpio.o
    0x08000878   0x00000004   Code   RO          203    i.HardFault_Handler  stm32f10x_it.o
    0x0800087c   0x00000050   Code   RO         2799    i.IIC_Ack           myiic.o
    0x080008cc   0x00000034   Code   RO         2800    i.IIC_Init          myiic.o
    0x08000900   0x00000050   Code   RO         2801    i.IIC_NAck          myiic.o
    0x08000950   0x00000070   Code   RO         2802    i.IIC_Read_Byte     myiic.o
    0x080009c0   0x00000074   Code   RO         2803    i.IIC_Send_Byte     myiic.o
    0x08000a34   0x0000004c   Code   RO         2804    i.IIC_Start         myiic.o
    0x08000a80   0x0000004c   Code   RO         2805    i.IIC_Stop          myiic.o
    0x08000acc   0x00000064   Code   RO         2806    i.IIC_Wait_Ack      myiic.o
    0x08000b30   0x0000009c   Code   RO         3356    i.IPActivityPage    ipactivity.o
    0x08000bcc   0x0000003a   Code   RO         2462    i.Is_Leap_Year      rtc.o
    0x08000c06   0x00000014   Code   RO         2236    i.LCD_Clear         dis_api.o
    0x08000c1a   0x000000ac   Code   RO         2237    i.LCD_DrawLine      dis_api.o
    0x08000cc6   0x000000b0   Code   RO         2238    i.LCD_DrawLtrigo    dis_api.o
    0x08000d76   0x00000002   PAD
    0x08000d78   0x00000010   Code   RO          380    i.LCD_WR_DATA       fsmc.o
    0x08000d88   0x00000010   Code   RO          381    i.LCD_WR_REG        fsmc.o
    0x08000d98   0x00000014   Code   RO          382    i.LCD_WR_REG_DATA   fsmc.o
    0x08000dac   0x00000004   Code   RO          204    i.MemManage_Handler  stm32f10x_it.o
    0x08000db0   0x0000000a   Code   RO         2239    i.Mirro_Y           dis_api.o
    0x08000dba   0x00000002   Code   RO          205    i.NMI_Handler       stm32f10x_it.o
    0x08000dbc   0x00000070   Code   RO          476    i.NVIC_Init         misc.o
    0x08000e2c   0x00000014   Code   RO          477    i.NVIC_PriorityGroupConfig  misc.o
    0x08000e40   0x0000005a   Code   RO         2240    i.OPEN_WINDOW       dis_api.o
    0x08000e9a   0x00000002   PAD
    0x08000e9c   0x0000000c   Code   RO         2172    i.PWR_BackupAccessCmd  stm32f10x_pwr.o
    0x08000ea8   0x00000002   Code   RO          206    i.PendSV_Handler    stm32f10x_it.o
    0x08000eaa   0x00000002   PAD
    0x08000eac   0x00000020   Code   RO         1751    i.RCC_AHBPeriphClockCmd  stm32f10x_rcc.o
    0x08000ecc   0x00000020   Code   RO         1752    i.RCC_APB1PeriphClockCmd  stm32f10x_rcc.o
    0x08000eec   0x00000020   Code   RO         1754    i.RCC_APB2PeriphClockCmd  stm32f10x_rcc.o
    0x08000f0c   0x0000000c   Code   RO         1757    i.RCC_BackupResetCmd  stm32f10x_rcc.o
    0x08000f18   0x0000003c   Code   RO         1763    i.RCC_GetFlagStatus  stm32f10x_rcc.o
    0x08000f54   0x00000034   Code   RO         1770    i.RCC_LSEConfig     stm32f10x_rcc.o
    0x08000f88   0x0000000c   Code   RO         1777    i.RCC_RTCCLKCmd     stm32f10x_rcc.o
    0x08000f94   0x00000010   Code   RO         1778    i.RCC_RTCCLKConfig  stm32f10x_rcc.o
    0x08000fa4   0x00000010   Code   RO         1951    i.RTC_ClearITPendingBit  stm32f10x_rtc.o
    0x08000fb4   0x00000014   Code   RO         1952    i.RTC_EnterConfigMode  stm32f10x_rtc.o
    0x08000fc8   0x00000014   Code   RO         1953    i.RTC_ExitConfigMode  stm32f10x_rtc.o
    0x08000fdc   0x00000100   Code   RO         2464    i.RTC_Get           rtc.o
    0x080010dc   0x00000014   Code   RO         1954    i.RTC_GetCounter    stm32f10x_rtc.o
    0x080010f0   0x00000024   Code   RO         1957    i.RTC_GetITStatus   stm32f10x_rtc.o
    0x08001114   0x00000078   Code   RO         2465    i.RTC_Get_Week      rtc.o
    0x0800118c   0x0000003c   Code   RO         2466    i.RTC_IRQHandler    rtc.o
    0x080011c8   0x00000020   Code   RO         1958    i.RTC_ITConfig      stm32f10x_rtc.o
    0x080011e8   0x000000c6   Code   RO         2467    i.RTC_Init          rtc.o
    0x080012ae   0x00000064   Code   RO         2468    i.RTC_NVIC_Config   rtc.o
    0x08001312   0x00000002   PAD
    0x08001314   0x000000c8   Code   RO         2469    i.RTC_Set           rtc.o
    0x080013dc   0x0000001c   Code   RO         1960    i.RTC_SetCounter    stm32f10x_rtc.o
    0x080013f8   0x00000020   Code   RO         1961    i.RTC_SetPrescaler  stm32f10x_rtc.o
    0x08001418   0x00000014   Code   RO         1962    i.RTC_WaitForLastTask  stm32f10x_rtc.o
    0x0800142c   0x00000024   Code   RO         1963    i.RTC_WaitForSynchro  stm32f10x_rtc.o
    0x08001450   0x00000002   Code   RO          207    i.SVC_Handler       stm32f10x_it.o
    0x08001452   0x00000008   Code   RO          264    i.SetSysClock       system_stm32f10x.o
    0x0800145a   0x00000002   PAD
    0x0800145c   0x000000e0   Code   RO          265    i.SetSysClockTo72   system_stm32f10x.o
    0x0800153c   0x00000098   Code   RO         2924    i.ShowpageSpinner   component.o
    0x080015d4   0x00000028   Code   RO          480    i.SysTick_CLKSourceConfig  misc.o
    0x080015fc   0x00000002   Code   RO          208    i.SysTick_Handler   stm32f10x_it.o
    0x080015fe   0x00000002   PAD
    0x08001600   0x00000060   Code   RO          267    i.SystemInit        system_stm32f10x.o
    0x08001660   0x0000003a   Code   RO         2242    i.TFT_DrawPoint     dis_api.o
    0x0800169a   0x00000002   PAD
    0x0800169c   0x00000108   Code   RO         2243    i.TFT_Draw_One_Char  dis_api.o
    0x080017a4   0x000000f0   Code   RO          383    i.TFT_FSMC_INIT     fsmc.o
    0x08001894   0x00000100   Code   RO         2245    i.TFT_ShowNum       dis_api.o
    0x08001994   0x00000040   Code   RO         2246    i.TFT_ShowString    dis_api.o
    0x080019d4   0x00000060   Code   RO         2247    i.TFT_Show_Any_Picture  dis_api.o
    0x08001a34   0x0000017c   Code   RO         2248    i.TFT_Show_OnePoint_Num  dis_api.o
    0x08001bb0   0x00000082   Code   RO         2249    i.TFT_ZF_Num        dis_api.o
    0x08001c32   0x00000082   Code   RO         2250    i.TFT_ZF_OnePoint_Num  dis_api.o
    0x08001cb4   0x0000018c   Code   RO         2251    i.TFT_init          dis_api.o
    0x08001e40   0x0000057c   Code   RO         2661    i.TP_Adjust         touch.o
    0x080023bc   0x00000088   Code   RO         2663    i.TP_Drow_Touch_Point  touch.o
    0x08002444   0x00000038   Code   RO         2664    i.TP_Get_Adjdata    touch.o
    0x0800247c   0x000000b4   Code   RO         2665    i.TP_Init           touch.o
    0x08002530   0x00000090   Code   RO         2666    i.TP_Read_AD        touch.o
    0x080025c0   0x00000078   Code   RO         2667    i.TP_Read_XOY       touch.o
    0x08002638   0x00000030   Code   RO         2668    i.TP_Read_XY        touch.o
    0x08002668   0x000000c0   Code   RO         2669    i.TP_Read_XY2       touch.o
    0x08002728   0x0000001c   Code   RO         2670    i.TP_Save_Adjdata   touch.o
    0x08002744   0x00000110   Code   RO         2671    i.TP_Scan           touch.o
    0x08002854   0x0000004c   Code   RO         2672    i.TP_Write_Byte     touch.o
    0x080028a0   0x00000088   Code   RO          418    i.USART1_IRQHandler  usart.o
    0x08002928   0x00000054   Code   RO         1536    i.USART_GetITStatus  stm32f10x_usart.o
    0x0800297c   0x0000000a   Code   RO         1546    i.USART_ReceiveData  stm32f10x_usart.o
    0x08002986   0x00000004   Code   RO          209    i.UsageFault_Handler  stm32f10x_it.o
    0x0800298a   0x00000002   PAD
    0x0800298c   0x0000018c   Code   RO         2252    i.Write_Num_Center  dis_api.o
    0x08002b18   0x00000064   Code   RO         2253    i.Write_Word_Center  dis_api.o
    0x08002b7c   0x00000006   Code   RO          419    i._sys_exit         usart.o
    0x08002b82   0x0000000e   Code   RO         2925    i.assignStructure   component.o
    0x08002b90   0x00000094   Code   RO         3053    i.assignVal         delayactivity.o
    0x08002c24   0x00000020   Code   RO         3404    i.auzActivityAction  auzactivity.o
    0x08002c44   0x00000cf8   Code   RO         3405    i.auzActivityItemSelect  auzactivity.o
    0x0800393c   0x0000030c   Code   RO         3406    i.auzActivityPage   auzactivity.o
    0x08003c48   0x00000170   Code   RO         3407    i.auzActivityUserPage  auzactivity.o
    0x08003db8   0x00000354   Code   RO         3408    i.auzActivityUserPageItemSelect  auzactivity.o
    0x0800410c   0x00000050   Code   RO         3409    i.checkAUZData      auzactivity.o
    0x0800415c   0x00000038   Code   RO         3301    i.checkPwd          pwdactivity.o
    0x08004194   0x00000024   Code   RO         2926    i.clear             component.o
    0x080041b8   0x00000012   Code   RO         2927    i.clearPage         component.o
    0x080041ca   0x00000012   Code   RO         2928    i.clearScreen       component.o
    0x080041dc   0x00000110   Code   RO         3210    i.createActivity    activity.o
    0x080042ec   0x000004fc   Code   RO         3054    i.delatPageSelectItem  delayactivity.o
    0x080047e8   0x00000034   Code   RO         3055    i.delayActivityAction  delayactivity.o
    0x0800481c   0x00000064   Code   RO         3056    i.delayPage         delayactivity.o
    0x08004880   0x0000018c   Code   RO         3057    i.delaySpinnerItemSelect  delayactivity.o
    0x08004a0c   0x00000044   Code   RO          298    i.delay_init        delay.o
    0x08004a50   0x0000004c   Code   RO          299    i.delay_ms          delay.o
    0x08004a9c   0x0000004c   Code   RO          300    i.delay_us          delay.o
    0x08004ae8   0x000000fc   Code   RO         2929    i.emptyRectangle    component.o
    0x08004be4   0x0000009c   Code   RO         2527    i.encoder           key.o
    0x08004c80   0x0000002e   Code   RO         3211    i.encoderToAddSub   activity.o
    0x08004cae   0x00000002   PAD
    0x08004cb0   0x0000003c   Code   RO         2528    i.encoder_key       key.o
    0x08004cec   0x00000014   Code   RO         3212    i.executeInWhile    activity.o
    0x08004d00   0x00000378   Code   RO         3410    i.flashAUZItem      auzactivity.o
    0x08005078   0x000002dc   Code   RO         2853    i.flashChannel      homeactivity.o
    0x08005354   0x00000114   Code   RO         2854    i.flashChannelSate  homeactivity.o
    0x08005468   0x0000004c   Code   RO         2930    i.flashChar         component.o
    0x080054b4   0x00000058   Code   RO         2931    i.flashData         component.o
    0x0800550c   0x0000012c   Code   RO         3058    i.flashDelaySpinnerItem  delayactivity.o
    0x08005638   0x000000a8   Code   RO         3357    i.flashIpItem       ipactivity.o
    0x080056e0   0x000002ec   Code   RO         3059    i.flashItem         delayactivity.o
    0x080059cc   0x000001f4   Code   RO         2855    i.flashPasswordItem  homeactivity.o
    0x08005bc0   0x0000023c   Code   RO         3302    i.flashPwdItem      pwdactivity.o
    0x08005dfc   0x000002d4   Code   RO         3060    i.flashSubPage      delayactivity.o
    0x080060d0   0x000001f8   Code   RO         3127    i.flashSwitchItem   switchactivity.o
    0x080062c8   0x00000068   Code   RO         3213    i.flashTime         activity.o
    0x08006330   0x000001cc   Code   RO         3264    i.flashTimeItem     timeactivity.o
    0x080064fc   0x00000190   Code   RO         3489    i.flashUVOVItem     uvovactivity.o
    0x0800668c   0x00000188   Code   RO         3411    i.flashUserItem     auzactivity.o
    0x08006814   0x00000028   Code   RO         2932    i.getMAXofArray     component.o
    0x0800683c   0x0000000c   Code   RO         2563    i.getflashChannel   channel.o
    0x08006848   0x00000052   Code   RO         2255    i.gui_4_yuanhu_CU_EMPTY  dis_api.o
    0x0800689a   0x00000104   Code   RO         2256    i.gui_4_yuanhu_EMPTY  dis_api.o
    0x0800699e   0x00000070   Code   RO         2257    i.gui_draw_arc      dis_api.o
    0x08006a0e   0x000000e8   Code   RO         2259    i.gui_draw_circle8  dis_api.o
    0x08006af6   0x00000030   Code   RO         2261    i.gui_draw_expoint  dis_api.o
    0x08006b26   0x00000020   Code   RO         2262    i.gui_draw_hline    dis_api.o
    0x08006b46   0x000000b0   Code   RO         2264    i.gui_fill_circle   dis_api.o
    0x08006bf6   0x00000002   PAD
    0x08006bf8   0x00000050   Code   RO         2856    i.homeActivityAction  homeactivity.o
    0x08006c48   0x0000099c   Code   RO         2857    i.homeActivitySelectItem  homeactivity.o
    0x080075e4   0x00000124   Code   RO         2933    i.horizontaladderSubtracter  component.o
    0x08007708   0x0000002c   Code   RO         2564    i.initChannel       channel.o
    0x08007734   0x00000020   Code   RO         3358    i.ipActivityAction  ipactivity.o
    0x08007754   0x000001ac   Code   RO         3359    i.ipActivityItemSelect  ipactivity.o
    0x08007900   0x00000048   Code   RO         3412    i.isFreeDayOver     auzactivity.o
    0x08007948   0x00000028   Code   RO         2529    i.key_init          key.o
    0x08007970   0x00000060   Code   RO            1    i.main              main.o
    0x080079d0   0x0000009c   Code   RO         2858    i.mainOpenSplash    homeactivity.o
    0x08007a6c   0x000004a0   Code   RO         2859    i.mainPage          homeactivity.o
    0x08007f0c   0x0000004e   Code   RO         2934    i.pageButton        component.o
    0x08007f5a   0x0000003e   Code   RO         2935    i.pageCheckBox      component.o
    0x08007f98   0x000000c8   Code   RO         2936    i.pageCircleButton  component.o
    0x08008060   0x00000064   Code   RO         2937    i.pageEditText      component.o
    0x080080c4   0x0000009a   Code   RO         2938    i.pageSpinner       component.o
    0x0800815e   0x00000002   PAD
    0x08008160   0x00000024   Code   RO         3559    i.pageSpinnerActivity  pagespinneractivity.o
    0x08008184   0x00000020   Code   RO         3560    i.pageSpinnerActivityAction  pagespinneractivity.o
    0x080081a4   0x000000ac   Code   RO         2939    i.pageSpinnerItem   component.o
    0x08008250   0x000000fc   Code   RO         2940    i.pageswitch        component.o
    0x0800834c   0x00000020   Code   RO         3303    i.pwdActivityAction  pwdactivity.o
    0x0800836c   0x000007f0   Code   RO         3304    i.pwdActivityItemSelect  pwdactivity.o
    0x08008b5c   0x0000021c   Code   RO         3305    i.pwdActivityPage   pwdactivity.o
    0x08008d78   0x000006dc   Code   RO         2860    i.pwdSelectItem     homeactivity.o
    0x08009454   0x0000005c   Code   RO         3414    i.readAUZData       auzactivity.o
    0x080094b0   0x00000038   Code   RO         3214    i.readData          activity.o
    0x080094e8   0x000000c8   Code   RO         3061    i.readDelayData     delayactivity.o
    0x080095b0   0x00000068   Code   RO         3128    i.readEnchanData    switchactivity.o
    0x08009618   0x00000014   Code   RO         3360    i.readIPData        ipactivity.o
    0x0800962c   0x00000038   Code   RO         3306    i.readPwdData       pwdactivity.o
    0x08009664   0x00000044   Code   RO         3491    i.readUVOVData      uvovactivity.o
    0x080096a8   0x0000003c   Code   RO         2530    i.relay_key         key.o
    0x080096e4   0x00000070   Code   RO         2565    i.resetCH           channel.o
    0x08009754   0x0000005c   Code   RO         3415    i.saveAUZData       auzactivity.o
    0x080097b0   0x0000014c   Code   RO         3062    i.saveDelayData     delayactivity.o
    0x080098fc   0x00000068   Code   RO         3129    i.saveEnchanData    switchactivity.o
    0x08009964   0x00000014   Code   RO         3361    i.saveIPData        ipactivity.o
    0x08009978   0x00000038   Code   RO         3307    i.savePwdData       pwdactivity.o
    0x080099b0   0x00000054   Code   RO         3493    i.saveUVOVData      uvovactivity.o
    0x08009a04   0x000000b4   Code   RO         3215    i.scanAddSubstruct  activity.o
    0x08009ab8   0x0000039c   Code   RO         2566    i.sequenceToDelayOpenClose  channel.o
    0x08009e54   0x000000a4   Code   RO         2567    i.setCH             channel.o
    0x08009ef8   0x0000007c   Code   RO         3561    i.showItem          pagespinneractivity.o
    0x08009f74   0x0000009c   Code   RO         2861    i.showVolAndTime    homeactivity.o
    0x0800a010   0x0000005a   Code   RO         3562    i.showotherItem     pagespinneractivity.o
    0x0800a06a   0x00000002   PAD
    0x0800a06c   0x00000858   Code   RO         3563    i.spinnerAction     pagespinneractivity.o
    0x0800a8c4   0x0000004c   Code   RO         3657    i.sqrt              m_ws.l(sqrt.o)
    0x0800a910   0x00000020   Code   RO         3130    i.switchActivityAction  switchactivity.o
    0x0800a930   0x00000450   Code   RO         3131    i.switchActivitySelectItem  switchactivity.o
    0x0800ad80   0x00000214   Code   RO         3132    i.switchActivitypage  switchactivity.o
    0x0800af94   0x00000020   Code   RO         3265    i.timeActivityAction  timeactivity.o
    0x0800afb4   0x00000410   Code   RO         3266    i.timeActivityItemSelect  timeactivity.o
    0x0800b3c4   0x0000029c   Code   RO         3267    i.timeActivityPage  timeactivity.o
    0x0800b660   0x0000001c   Code   RO         3176    i.timerActivityAction  timeractivity.o
    0x0800b67c   0x00000444   Code   RO         3177    i.timerActivityPage  timeractivity.o
    0x0800bac0   0x000000c8   Code   RO         3178    i.timerActivitySelectItem  timeractivity.o
    0x0800bb88   0x00000014   Code   RO         2941    i.titleBar          component.o
    0x0800bb9c   0x0000006c   Code   RO         3216    i.toucharea         activity.o
    0x0800bc08   0x00000020   Code   RO         3494    i.uvovActivityAction  uvovactivity.o
    0x0800bc28   0x000004d0   Code   RO         3495    i.uvovActivityItemSelect  uvovactivity.o
    0x0800c0f8   0x0000018c   Code   RO         3496    i.uvovActivityPage  uvovactivity.o
    0x0800c284   0x000000b4   Code   RO         3497    i.uvovProtection    uvovactivity.o
    0x0800c338   0x0000013c   Code   RO         2942    i.virticleadderSubtracter  component.o
    0x0800c474   0x00000018   Code   RO         3669    x$fpl$dcmpinf       fz_ws.l(dcmpi.o)
    0x0800c48c   0x0000005a   Code   RO         3614    x$fpl$dfixu         fz_ws.l(dfixu.o)
    0x0800c4e6   0x00000026   Code   RO         3618    x$fpl$dfltu         fz_ws.l(dflt_clz.o)
    0x0800c50c   0x00000078   Code   RO         3624    x$fpl$dleqf         fz_ws.l(dleqf.o)
    0x0800c584   0x0000009c   Code   RO         3671    x$fpl$dnaninf       fz_ws.l(dnaninf.o)
    0x0800c620   0x0000000c   Code   RO         3673    x$fpl$dretinf       fz_ws.l(dretinf.o)
    0x0800c62c   0x0000006c   Code   RO         3626    x$fpl$drleqf        fz_ws.l(drleqf.o)
    0x0800c698   0x000001cc   Code   RO         3675    x$fpl$dsqrt         fz_ws.l(dsqrt_noumaal.o)
    0x0800c864   0x00000056   Code   RO         3628    x$fpl$f2d           fz_ws.l(f2d.o)
    0x0800c8ba   0x00000002   PAD
    0x0800c8bc   0x000000c4   Code   RO         3630    x$fpl$fadd          fz_ws.l(faddsub_clz.o)
    0x0800c980   0x00000184   Code   RO         3637    x$fpl$fdiv          fz_ws.l(fdiv.o)
    0x0800cb04   0x00000036   Code   RO         3640    x$fpl$ffix          fz_ws.l(ffix.o)
    0x0800cb3a   0x00000002   PAD
    0x0800cb3c   0x0000003e   Code   RO         3644    x$fpl$ffixu         fz_ws.l(ffixu.o)
    0x0800cb7a   0x00000002   PAD
    0x0800cb7c   0x00000030   Code   RO         3649    x$fpl$fflt          fz_ws.l(fflt_clz.o)
    0x0800cbac   0x00000026   Code   RO         3648    x$fpl$ffltu         fz_ws.l(fflt_clz.o)
    0x0800cbd2   0x00000002   PAD
    0x0800cbd4   0x00000102   Code   RO         3654    x$fpl$fmul          fz_ws.l(fmul.o)
    0x0800ccd6   0x0000008c   Code   RO         3677    x$fpl$fnaninf       fz_ws.l(fnaninf.o)
    0x0800cd62   0x0000000a   Code   RO         3679    x$fpl$fretinf       fz_ws.l(fretinf.o)
    0x0800cd6c   0x00000014   Code   RO         3631    x$fpl$frsb          fz_ws.l(faddsub_clz.o)
    0x0800cd80   0x000000ea   Code   RO         3632    x$fpl$fsub          fz_ws.l(faddsub_clz.o)
    0x0800ce6a   0x00000000   Code   RO         3681    x$fpl$usenofp       fz_ws.l(usenofp.o)
    0x0800ce6a   0x00002d78   Data   RO         2455    .constdata          font.o
    0x0800fbe2   0x00000018   Data   RO         2471    .constdata          rtc.o
    0x0800fbfa   0x00000002   PAD
    0x0800fbfc   0x00000028   Data   RO         2944    .constdata          component.o
    0x0800fc24   0x00000044   Data   RO         2945    .conststring        component.o
    0x0800fc68   0x00000028   Data   RO         3064    .conststring        delayactivity.o
    0x0800fc90   0x00000020   Data   RO         3834    Region$$Table       anon$$obj.o


    Execution Region ER_RW (Base: 0x20000000, Size: 0x000002dc, Max: 0xffffffff, ABSOLUTE, COMPRESSED[0x000001d4])

    Base Addr    Size         Type   Attr      Idx    E Section Name        Object

    0x20000000   0x00000014   Data   RW          268    .data               system_stm32f10x.o
    0x20000014   0x00000004   Data   RW          301    .data               delay.o
    0x20000018   0x00000006   Data   RW          423    .data               usart.o
    0x2000001e   0x00000002   PAD
    0x20000020   0x00000024   Data   RW         2267    .data               dis_api.o
    0x20000044   0x00000004   Data   RW         2472    .data               rtc.o
    0x20000048   0x0000000a   Data   RW         2531    .data               key.o
    0x20000052   0x00000002   PAD
    0x20000054   0x00000019   Data   RW         2568    .data               channel.o
    0x2000006d   0x00000003   PAD
    0x20000070   0x0000003a   Data   RW         2673    .data               touch.o
    0x200000aa   0x00000002   PAD
    0x200000ac   0x00000041   Data   RW         2863    .data               homeactivity.o
    0x200000ed   0x00000003   PAD
    0x200000f0   0x0000004c   Data   RW         2946    .data               component.o
    0x2000013c   0x0000004d   Data   RW         3065    .data               delayactivity.o
    0x20000189   0x00000003   PAD
    0x2000018c   0x0000001a   Data   RW         3134    .data               switchactivity.o
    0x200001a6   0x00000002   PAD
    0x200001a8   0x00000005   Data   RW         3179    .data               timeractivity.o
    0x200001ad   0x00000003   PAD
    0x200001b0   0x00000028   Data   RW         3217    .data               activity.o
    0x200001d8   0x0000000b   Data   RW         3269    .data               timeactivity.o
    0x200001e3   0x00000001   PAD
    0x200001e4   0x0000002b   Data   RW         3309    .data               pwdactivity.o
    0x2000020f   0x00000001   PAD
    0x20000210   0x0000001c   Data   RW         3362    .data               ipactivity.o
    0x2000022c   0x00000049   Data   RW         3417    .data               auzactivity.o
    0x20000275   0x00000003   PAD
    0x20000278   0x0000002c   Data   RW         3499    .data               uvovactivity.o
    0x200002a4   0x00000036   Data   RW         3565    .data               pagespinneractivity.o


    Execution Region ER_ZI (Base: 0x200002dc, Size: 0x0000089c, Max: 0xffffffff, ABSOLUTE)

    Base Addr    Size         Type   Attr      Idx    E Section Name        Object

    0x200002dc   0x000000c8   Zero   RW          422    .bss                usart.o
    0x200003a4   0x0000000a   Zero   RW         2470    .bss                rtc.o
    0x200003ae   0x0000003c   Zero   RW         2862    .bss                homeactivity.o
    0x200003ea   0x00000028   Zero   RW         2943    .bss                component.o
    0x20000412   0x00000018   Zero   RW         3063    .bss                delayactivity.o
    0x2000042a   0x00000024   Zero   RW         3133    .bss                switchactivity.o
    0x2000044e   0x0000002a   Zero   RW         3268    .bss                timeactivity.o
    0x20000478   0x00000028   Zero   RW         3308    .bss                pwdactivity.o
    0x200004a0   0x00000058   Zero   RW         3416    .bss                auzactivity.o
    0x200004f8   0x0000001c   Zero   RW         3498    .bss                uvovactivity.o
    0x20000514   0x00000060   Zero   RW         3703    .bss                c_w.l(libspace.o)
    0x20000574   0x00000004   PAD
    0x20000578   0x00000200   Zero   RW          470    HEAP                startup_stm32f10x_hd.o
    0x20000778   0x00000400   Zero   RW          469    STACK               startup_stm32f10x_hd.o


==============================================================================

Image component sizes


      Code (inc. data)   RO Data    RW Data    ZI Data      Debug   Object Name

       340          0          0          0          0       4228   24cxx.o
       786         94          0         40          0       5457   activity.o
      6968        422          0         73         88       9830   auzactivity.o
      1256         80          0         25          0       8067   channel.o
      2340         92        108         76         40      14845   component.o
       220         26          0          4          0     208423   delay.o
      4276        334         40         77         24       8145   delayactivity.o
      3794         42          0         36          0      20004   dis_api.o
         0          0      11640          0          0        531   font.o
       292         26          0          0          0       2073   fsmc.o
      7300        492          0         65         60       7778   homeactivity.o
       824         98          0         28          0       4013   ipactivity.o
       316         38          0         10          0       3089   key.o
        96         22          0          0          0      27171   main.o
       172         22          0          0          0       1921   misc.o
       692        100          0          0          0       3990   myiic.o
      2418         76          0         54          0       4994   pagespinneractivity.o
      3344        198          0         43         40       5545   pwdactivity.o
       992         46         24          4         10       5427   rtc.o
        64         26        304          0       1536        772   startup_stm32f10x_hd.o
        72         10          0          0          0       2536   stm32f10x_bkp.o
       160         12          0          0          0       1401   stm32f10x_exti.o
       282          6          0          0          0       1713   stm32f10x_fsmc.o
       304          0          0          0          0       3469   stm32f10x_gpio.o
        26          0          0          0          0       3398   stm32f10x_it.o
        12          6          0          0          0        478   stm32f10x_pwr.o
       248         44          0          0          0       4142   stm32f10x_rcc.o
       260         48          0          0          0       4784   stm32f10x_rtc.o
        94          0          0          0          0       2608   stm32f10x_usart.o
      2380        186          0         26         36       5089   switchactivity.o
         0          0          0          0          0         32   sys.o
       328         28          0         20          0       1917   system_stm32f10x.o
      2200        160          0         11         42       3696   timeactivity.o
      1320        160          0          5          0       2144   timeractivity.o
      2656        128          0         58          0       8621   touch.o
       142         14          0          6        200       2780   usart.o
      2392        182          0         44         28       5595   uvovactivity.o

    ----------------------------------------------------------------------
     49394       3218      12150        732       2104     400706   Object Totals
         0          0         32          0          0          0   (incl. Generated)
        28          0          2         27          0          0   (incl. Padding)

    ----------------------------------------------------------------------

      Code (inc. data)   RO Data    RW Data    ZI Data      Debug   Library Member Name

        90          0          0          0          0          0   __dczerorl2.o
         8          0          0          0          0         68   __main.o
         0          0          0          0          0          0   __rtentry.o
        12          0          0          0          0          0   __rtentry2.o
         6          0          0          0          0          0   __rtentry4.o
        52          8          0          0          0          0   __scatter.o
        28          0          0          0          0          0   __scatter_zi.o
        22          0          0          0          0        100   _rserrno.o
        12          0          0          0          0         72   exit.o
         6          0          0          0          0        152   heapauxi.o
         2          0          0          0          0          0   libinit.o
         2          0          0          0          0          0   libinit2.o
         2          0          0          0          0          0   libshutdown.o
         2          0          0          0          0          0   libshutdown2.o
         8          4          0          0         96         68   libspace.o
         8          4          0          0          0         68   rt_errno_addr_intlibspace.o
       100          0          0          0          0         80   rt_memcpy_w.o
         2          0          0          0          0          0   rtexit.o
        10          0          0          0          0          0   rtexit2.o
        62          0          0          0          0         76   strlen.o
        74          0          0          0          0         80   sys_stackheap_outer.o
         2          0          0          0          0         68   use_no_semi.o
         2          0          0          0          0         68   use_no_semi_2.o
        24          0          0          0          0         68   dcmpi.o
        90          4          0          0          0         92   dfixu.o
        38          0          0          0          0         68   dflt_clz.o
       120          4          0          0          0         92   dleqf.o
       156          4          0          0          0         92   dnaninf.o
        12          0          0          0          0         68   dretinf.o
       108          0          0          0          0         80   drleqf.o
       460         56          0          0          0        120   dsqrt_noumaal.o
        86          4          0          0          0         84   f2d.o
       450          8          0          0          0        236   faddsub_clz.o
       388         76          0          0          0         96   fdiv.o
        54          4          0          0          0         84   ffix.o
        62          4          0          0          0         84   ffixu.o
        86          0          0          0          0        136   fflt_clz.o
       258          4          0          0          0         84   fmul.o
       140          4          0          0          0         84   fnaninf.o
        10          0          0          0          0         68   fretinf.o
         0          0          0          0          0          0   usenofp.o
        76          0          0          0          0         84   sqrt.o

    ----------------------------------------------------------------------
      3144        188          0          0        100       2620   Library Totals
        14          0          0          0          4          0   (incl. Padding)

    ----------------------------------------------------------------------

      Code (inc. data)   RO Data    RW Data    ZI Data      Debug   Library Name

       512         16          0          0         96        900   c_w.l
      2542        172          0          0          0       1636   fz_ws.l
        76          0          0          0          0         84   m_ws.l

    ----------------------------------------------------------------------
      3144        188          0          0        100       2620   Library Totals

    ----------------------------------------------------------------------

==============================================================================


      Code (inc. data)   RO Data    RW Data    ZI Data      Debug   

     52538       3406      12150        732       2204     390894   Grand Totals
     52538       3406      12150        468       2204     390894   ELF Image Totals (compressed)
     52538       3406      12150        468          0          0   ROM Totals

==============================================================================

    Total RO  Size (Code + RO Data)                64688 (  63.17kB)
    Total RW  Size (RW Data + ZI Data)              2936 (   2.87kB)
    Total ROM Size (Code + RO Data + RW Data)      65156 (  63.63kB)

==============================================================================

