Component: ARM Compiler 5.05 update 1 (build 106) Tool: armlink [4d0efa]

==============================================================================

Section Cross References

    main.o(i.main) refers to delay.o(i.delay_init) for delay_init
    main.o(i.main) refers to dis_api.o(i.TFT_init) for TFT_init
    main.o(i.main) refers to rtc.o(i.RTC_Init) for RTC_Init
    main.o(i.main) refers to key.o(i.key_init) for key_init
    main.o(i.main) refers to misc.o(i.NVIC_PriorityGroupConfig) for NVIC_PriorityGroupConfig
    main.o(i.main) refers to component.o(.data) for component
    main.o(i.main) refers to touch.o(.data) for tp_dev
    main.o(i.main) refers to channel.o(.data) for channel
    main.o(i.main) refers to homeactivity.o(.data) for homeActivity
    main.o(i.main) refers to activity.o(.data) for activity
    system_stm32f10x.o(i.SetSysClock) refers to system_stm32f10x.o(i.SetSysClockTo72) for SetSysClockTo72
    system_stm32f10x.o(i.SystemCoreClockUpdate) refers to system_stm32f10x.o(.data) for SystemCoreClock
    system_stm32f10x.o(i.SystemInit) refers to system_stm32f10x.o(i.SetSysClock) for SetSysClock
    delay.o(i.delay_init) refers to misc.o(i.SysTick_CLKSourceConfig) for SysTick_CLKSourceConfig
    delay.o(i.delay_init) refers to system_stm32f10x.o(.data) for SystemCoreClock
    delay.o(i.delay_init) refers to delay.o(.data) for fac_us
    delay.o(i.delay_ms) refers to delay.o(.data) for fac_ms
    delay.o(i.delay_us) refers to delay.o(.data) for fac_us
    usart.o(i.USART1_IRQHandler) refers (Special) to use_no_semi_2.o(.text) for __use_no_semihosting
    usart.o(i.USART1_IRQHandler) refers to stm32f10x_usart.o(i.USART_GetITStatus) for USART_GetITStatus
    usart.o(i.USART1_IRQHandler) refers to stm32f10x_usart.o(i.USART_ReceiveData) for USART_ReceiveData
    usart.o(i.USART1_IRQHandler) refers to usart.o(.data) for USART_RX_STA
    usart.o(i.USART1_IRQHandler) refers to usart.o(.bss) for USART_RX_BUF
    usart.o(i._sys_exit) refers (Special) to use_no_semi_2.o(.text) for __use_no_semihosting
    usart.o(i.fputc) refers (Special) to use_no_semi_2.o(.text) for __use_no_semihosting
    usart.o(i.uart_init) refers (Special) to use_no_semi_2.o(.text) for __use_no_semihosting
    usart.o(i.uart_init) refers to stm32f10x_rcc.o(i.RCC_APB2PeriphClockCmd) for RCC_APB2PeriphClockCmd
    usart.o(i.uart_init) refers to stm32f10x_gpio.o(i.GPIO_Init) for GPIO_Init
    usart.o(i.uart_init) refers to misc.o(i.NVIC_Init) for NVIC_Init
    usart.o(i.uart_init) refers to stm32f10x_usart.o(i.USART_Init) for USART_Init
    usart.o(i.uart_init) refers to stm32f10x_usart.o(i.USART_ITConfig) for USART_ITConfig
    usart.o(i.uart_init) refers to stm32f10x_usart.o(i.USART_Cmd) for USART_Cmd
    usart.o(.bss) refers (Special) to use_no_semi_2.o(.text) for __use_no_semihosting
    usart.o(.data) refers (Special) to use_no_semi_2.o(.text) for __use_no_semihosting
    startup_stm32f10x_hd.o(STACK) refers (Special) to heapauxi.o(.text) for __use_two_region_memory
    startup_stm32f10x_hd.o(HEAP) refers (Special) to heapauxi.o(.text) for __use_two_region_memory
    startup_stm32f10x_hd.o(RESET) refers (Special) to heapauxi.o(.text) for __use_two_region_memory
    startup_stm32f10x_hd.o(RESET) refers to startup_stm32f10x_hd.o(STACK) for __initial_sp
    startup_stm32f10x_hd.o(RESET) refers to startup_stm32f10x_hd.o(.text) for Reset_Handler
    startup_stm32f10x_hd.o(RESET) refers to stm32f10x_it.o(i.NMI_Handler) for NMI_Handler
    startup_stm32f10x_hd.o(RESET) refers to stm32f10x_it.o(i.HardFault_Handler) for HardFault_Handler
    startup_stm32f10x_hd.o(RESET) refers to stm32f10x_it.o(i.MemManage_Handler) for MemManage_Handler
    startup_stm32f10x_hd.o(RESET) refers to stm32f10x_it.o(i.BusFault_Handler) for BusFault_Handler
    startup_stm32f10x_hd.o(RESET) refers to stm32f10x_it.o(i.UsageFault_Handler) for UsageFault_Handler
    startup_stm32f10x_hd.o(RESET) refers to stm32f10x_it.o(i.SVC_Handler) for SVC_Handler
    startup_stm32f10x_hd.o(RESET) refers to stm32f10x_it.o(i.DebugMon_Handler) for DebugMon_Handler
    startup_stm32f10x_hd.o(RESET) refers to stm32f10x_it.o(i.PendSV_Handler) for PendSV_Handler
    startup_stm32f10x_hd.o(RESET) refers to stm32f10x_it.o(i.SysTick_Handler) for SysTick_Handler
    startup_stm32f10x_hd.o(RESET) refers to rtc.o(i.RTC_IRQHandler) for RTC_IRQHandler
    startup_stm32f10x_hd.o(RESET) refers to usart.o(i.USART1_IRQHandler) for USART1_IRQHandler
    startup_stm32f10x_hd.o(.text) refers (Special) to heapauxi.o(.text) for __use_two_region_memory
    startup_stm32f10x_hd.o(.text) refers to system_stm32f10x.o(i.SystemInit) for SystemInit
    startup_stm32f10x_hd.o(.text) refers to __main.o(!!!main) for __main
    startup_stm32f10x_hd.o(.text) refers to startup_stm32f10x_hd.o(HEAP) for Heap_Mem
    startup_stm32f10x_hd.o(.text) refers to startup_stm32f10x_hd.o(STACK) for Stack_Mem
[...]
    i.RTC_WaitForLastTask                    0x0800137c   Section        0  stm32f10x_rtc.o(i.RTC_WaitForLastTask)
    i.RTC_WaitForSynchro                     0x08001390   Section        0  stm32f10x_rtc.o(i.RTC_WaitForSynchro)
    i.SVC_Handler                            0x080013b4   Section        0  stm32f10x_it.o(i.SVC_Handler)
    i.SetSysClock                            0x080013b6   Section        0  system_stm32f10x.o(i.SetSysClock)
    SetSysClock                              0x080013b7   Thumb Code     8  system_stm32f10x.o(i.SetSysClock)
    i.SetSysClockTo72                        0x080013c0   Section        0  system_stm32f10x.o(i.SetSysClockTo72)
    SetSysClockTo72                          0x080013c1   Thumb Code   214  system_stm32f10x.o(i.SetSysClockTo72)
    i.ShowpageSpinner                        0x080014a0   Section        0  component.o(i.ShowpageSpinner)
    i.SysTick_CLKSourceConfig                0x08001538   Section        0  misc.o(i.SysTick_CLKSourceConfig)
    i.SysTick_Handler                        0x08001560   Section        0  stm32f10x_it.o(i.SysTick_Handler)
    i.SystemInit                             0x08001564   Section        0  system_stm32f10x.o(i.SystemInit)
    i.TFT_DrawPoint                          0x080015c4   Section        0  dis_api.o(i.TFT_DrawPoint)
    i.TFT_Draw_One_Char                      0x08001600   Section        0  dis_api.o(i.TFT_Draw_One_Char)
    i.TFT_FSMC_INIT                          0x08001708   Section        0  fsmc.o(i.TFT_FSMC_INIT)
    i.TFT_ShowNum                            0x080017f8   Section        0  dis_api.o(i.TFT_ShowNum)
    i.TFT_ShowString                         0x080018f8   Section        0  dis_api.o(i.TFT_ShowString)
    i.TFT_Show_Any_Picture                   0x08001938   Section        0  dis_api.o(i.TFT_Show_Any_Picture)
    i.TFT_init                               0x08001998   Section        0  dis_api.o(i.TFT_init)
    i.TP_Adjust                              0x08001b24   Section        0  touch.o(i.TP_Adjust)
    i.TP_Drow_Touch_Point                    0x080020a0   Section        0  touch.o(i.TP_Drow_Touch_Point)
    i.TP_Get_Adjdata                         0x08002128   Section        0  touch.o(i.TP_Get_Adjdata)
    i.TP_Init                                0x08002160   Section        0  touch.o(i.TP_Init)
    i.TP_Read_AD                             0x08002214   Section        0  touch.o(i.TP_Read_AD)
    i.TP_Read_XOY                            0x080022a4   Section        0  touch.o(i.TP_Read_XOY)
    i.TP_Read_XY                             0x0800231c   Section        0  touch.o(i.TP_Read_XY)
    i.TP_Read_XY2                            0x0800234c   Section        0  touch.o(i.TP_Read_XY2)
    i.TP_Save_Adjdata                        0x0800240c   Section        0  touch.o(i.TP_Save_Adjdata)
    i.TP_Scan                                0x08002428   Section        0  touch.o(i.TP_Scan)
    i.TP_Write_Byte                          0x08002538   Section        0  touch.o(i.TP_Write_Byte)
    i.USART1_IRQHandler                      0x08002584   Section        0  usart.o(i.USART1_IRQHandler)
    i.USART_GetITStatus                      0x0800260c   Section        0  stm32f10x_usart.o(i.USART_GetITStatus)
    i.USART_ReceiveData                      0x08002660   Section        0  stm32f10x_usart.o(i.USART_ReceiveData)
    i.UsageFault_Handler                     0x0800266a   Section        0  stm32f10x_it.o(i.UsageFault_Handler)
    i.Write_Word_Center                      0x0800266e   Section        0  dis_api.o(i.Write_Word_Center)
    i._sys_exit                              0x080026d2   Section        0  usart.o(i._sys_exit)
    i.auzActivityAction                      0x080026d8   Section        0  auzactivity.o(i.auzActivityAction)
    i.auzActivityItemSelect                  0x080026f4   Section        0  auzactivity.o(i.auzActivityItemSelect)
    i.auzActivityPage                        0x080027b0   Section        0  auzactivity.o(i.auzActivityPage)
    i.clear                                  0x08002844   Section        0  component.o(i.clear)
    i.clearPage                              0x08002868   Section        0  component.o(i.clearPage)
    i.clearScreen                            0x0800287a   Section        0  component.o(i.clearScreen)
    i.createActivity                         0x0800288c   Section        0  activity.o(i.createActivity)
    i.delatPageSelectItem                    0x0800299c   Section        0  delayactivity.o(i.delatPageSelectItem)
    i.delayActivityAction                    0x08002a5c   Section        0  delayactivity.o(i.delayActivityAction)
    i.delayPage                              0x08002a78   Section        0  delayactivity.o(i.delayPage)
    i.delay_init                             0x08002bb8   Section        0  delay.o(i.delay_init)
    i.delay_ms                               0x08002bfc   Section        0  delay.o(i.delay_ms)
    i.delay_us                               0x08002c48   Section        0  delay.o(i.delay_us)
    i.encoder                                0x08002c94   Section        0  key.o(i.encoder)
    i.encoder_key                            0x08002d30   Section        0  key.o(i.encoder_key)
    i.gui_4_yuanhu_CU_EMPTY                  0x08002d6c   Section        0  dis_api.o(i.gui_4_yuanhu_CU_EMPTY)
    i.gui_4_yuanhu_EMPTY                     0x08002dbe   Section        0  dis_api.o(i.gui_4_yuanhu_EMPTY)
    i.gui_draw_arc                           0x08002ec2   Section        0  dis_api.o(i.gui_draw_arc)
    i.gui_draw_circle8                       0x08002f32   Section        0  dis_api.o(i.gui_draw_circle8)
    i.gui_draw_expoint                       0x0800301a   Section        0  dis_api.o(i.gui_draw_expoint)
    i.gui_draw_hline                         0x0800304a   Section        0  dis_api.o(i.gui_draw_hline)
    i.gui_fill_circle                        0x0800306a   Section        0  dis_api.o(i.gui_fill_circle)
    i.homeActivityAction                     0x0800311c   Section        0  homeactivity.o(i.homeActivityAction)
    i.homeActivitySelectItem                 0x08003138   Section        0  homeactivity.o(i.homeActivitySelectItem)
    i.horizontaladderSubtracter              0x0800400c   Section        0  component.o(i.horizontaladderSubtracter)
    i.initChannel                            0x08004108   Section        0  channel.o(i.initChannel)
    i.ipActivityAction                       0x08004134   Section        0  ipactivity.o(i.ipActivityAction)
    i.ipActivityItemSelect                   0x08004150   Section        0  ipactivity.o(i.ipActivityItemSelect)
    i.key_init                               0x0800420c   Section        0  key.o(i.key_init)
    i.main                                   0x08004234   Section        0  main.o(i.main)
    i.mainOpenSplash                         0x0800428c   Section        0  homeactivity.o(i.mainOpenSplash)
    i.mainPage                               0x08004328   Section        0  homeactivity.o(i.mainPage)
    i.pageButton                             0x08004638   Section        0  component.o(i.pageButton)
    i.pageCheckBox                           0x08004672   Section        0  component.o(i.pageCheckBox)
    i.pageCircleButton                       0x080046b0   Section        0  component.o(i.pageCircleButton)
    i.pageSpinner                            0x08004760   Section        0  component.o(i.pageSpinner)
    i.pageSpinnerActivity                    0x080047e0   Section        0  pagespinneractivity.o(i.pageSpinnerActivity)
    i.pageSpinnerActivityAction              0x08004804   Section        0  pagespinneractivity.o(i.pageSpinnerActivityAction)
    i.pageSpinnerItem                        0x08004820   Section        0  component.o(i.pageSpinnerItem)
    i.pageswitch                             0x080048a0   Section        0  component.o(i.pageswitch)
    i.pwdActivityAction                      0x08004920   Section        0  pwdactivity.o(i.pwdActivityAction)
    i.pwdActivityItemSelect                  0x0800493c   Section        0  pwdactivity.o(i.pwdActivityItemSelect)
    i.pwdActivityPage                        0x080049f8   Section        0  pwdactivity.o(i.pwdActivityPage)
    i.showItem                               0x08004acc   Section        0  pagespinneractivity.o(i.showItem)
    i.showVolAndTime                         0x08004b48   Section        0  homeactivity.o(i.showVolAndTime)
    i.showotherItem                          0x08004be4   Section        0  pagespinneractivity.o(i.showotherItem)
    i.spinnerAction                          0x08004c40   Section        0  pagespinneractivity.o(i.spinnerAction)
    i.sqrt                                   0x0800547c   Section        0  sqrt.o(i.sqrt)
    i.switchActivityAction                   0x080054c8   Section        0  switchactivity.o(i.switchActivityAction)
    i.switchActivitySelectItem               0x080054e4   Section        0  switchactivity.o(i.switchActivitySelectItem)
    i.switchActivitypage                     0x080055a4   Section        0  switchactivity.o(i.switchActivitypage)
    i.timeActivityAction                     0x08005718   Section        0  timeactivity.o(i.timeActivityAction)
    i.timeActivityItemSelect                 0x08005734   Section        0  timeactivity.o(i.timeActivityItemSelect)
    i.timeActivityPage                       0x080057f4   Section        0  timeactivity.o(i.timeActivityPage)
    i.timerActivityAction                    0x080059f8   Section        0  timeractivity.o(i.timerActivityAction)
    i.timerActivityPage                      0x08005a14   Section        0  timeractivity.o(i.timerActivityPage)
    i.timerActivitySelectItem                0x08005e20   Section        0  timeractivity.o(i.timerActivitySelectItem)
    i.titleBar                               0x08005ee0   Section        0  component.o(i.titleBar)
    i.toucharea                              0x08005ef4   Section        0  activity.o(i.toucharea)
    i.uvovActivityAction                     0x08005f60   Section        0  uvovactivity.o(i.uvovActivityAction)
    i.uvovActivityItemSelect                 0x08005f7c   Section        0  uvovactivity.o(i.uvovActivityItemSelect)
    i.uvovActivityPage                       0x0800603c   Section        0  uvovactivity.o(i.uvovActivityPage)
    i.virticleadderSubtracter                0x08006138   Section        0  component.o(i.virticleadderSubtracter)
    x$fpl$dcmpinf                            0x08006240   Section       24  dcmpi.o(x$fpl$dcmpinf)
    x$fpl$dfixu                              0x08006258   Section       90  dfixu.o(x$fpl$dfixu)
    x$fpl$dfltu                              0x080062b2   Section       38  dflt_clz.o(x$fpl$dfltu)
    x$fpl$dleqf                              0x080062d8   Section      120  dleqf.o(x$fpl$dleqf)
    x$fpl$dnaninf                            0x08006350   Section      156  dnaninf.o(x$fpl$dnaninf)
    x$fpl$dretinf                            0x080063ec   Section       12  dretinf.o(x$fpl$dretinf)
    x$fpl$drleqf                             0x080063f8   Section      108  drleqf.o(x$fpl$drleqf)
    x$fpl$dsqrt                              0x08006464   Section      460  dsqrt_noumaal.o(x$fpl$dsqrt)
    x$fpl$f2d                                0x08006630   Section       86  f2d.o(x$fpl$f2d)
    x$fpl$fadd                               0x08006688   Section      196  faddsub_clz.o(x$fpl$fadd)
    _fadd1                                   0x08006697   Thumb Code     0  faddsub_clz.o(x$fpl$fadd)
    x$fpl$fdiv                               0x0800674c   Section      388  fdiv.o(x$fpl$fdiv)
    _fdiv1                                   0x0800674d   Thumb Code     0  fdiv.o(x$fpl$fdiv)
    x$fpl$ffix                               0x080068d0   Section       54  ffix.o(x$fpl$ffix)
    x$fpl$ffixu                              0x08006908   Section       62  ffixu.o(x$fpl$ffixu)
    x$fpl$fflt                               0x08006948   Section       48  fflt_clz.o(x$fpl$fflt)
    x$fpl$ffltu                              0x08006978   Section       38  fflt_clz.o(x$fpl$ffltu)
    x$fpl$fmul                               0x080069a0   Section      258  fmul.o(x$fpl$fmul)
    x$fpl$fnaninf                            0x08006aa2   Section      140  fnaninf.o(x$fpl$fnaninf)
    x$fpl$fretinf                            0x08006b2e   Section       10  fretinf.o(x$fpl$fretinf)
    x$fpl$frsb                               0x08006b38   Section       20  faddsub_clz.o(x$fpl$frsb)
    x$fpl$fsub                               0x08006b4c   Section      234  faddsub_clz.o(x$fpl$fsub)
    _fsub1                                   0x08006b5b   Thumb Code     0  faddsub_clz.o(x$fpl$fsub)
    .constdata                               0x08006c36   Section    11640  font.o(.constdata)
    x$fpl$usenofp                            0x08006c36   Section        0  usenofp.o(x$fpl$usenofp)
    .constdata                               0x080099ae   Section       24  rtc.o(.constdata)
    .constdata                               0x080099c8   Section       40  component.o(.constdata)
    .conststring                             0x080099f0   Section       68  component.o(.conststring)
    .data                                    0x20000000   Section       20  system_stm32f10x.o(.data)
    .data                                    0x20000014   Section        4  delay.o(.data)
    fac_us                                   0x20000014   Data           1  delay.o(.data)
    fac_ms                                   0x20000016   Data           2  delay.o(.data)
    .data                                    0x20000018   Section        6  usart.o(.data)
    .data                                    0x20000020   Section       32  dis_api.o(.data)
    .data                                    0x20000040   Section        4  rtc.o(.data)
    daycnt                                   0x20000042   Data           2  rtc.o(.data)
    .data                                    0x20000044   Section       10  key.o(.data)
    key_up                                   0x2000004c   Data           1  key.o(.data)
    key_up                                   0x2000004d   Data           1  key.o(.data)
    .data                                    0x20000050   Section        4  channel.o(.data)
    .data                                    0x20000054   Section       58  touch.o(.data)
    .data                                    0x20000090   Section       46  homeactivity.o(.data)
    i                                        0x200000bc   Data           1  homeactivity.o(.data)
    lastindex                                0x200000bd   Data           1  homeactivity.o(.data)
    .data                                    0x200000c0   Section       52  component.o(.data)
    .data                                    0x200000f4   Section        5  delayactivity.o(.data)
    anchor                                   0x200000f8   Data           1  delayactivity.o(.data)
    .data                                    0x200000fc   Section        5  switchactivity.o(.data)
    anchor                                   0x20000100   Data           1  switchactivity.o(.data)
    .data                                    0x20000104   Section        5  timeractivity.o(.data)
    anchor                                   0x20000108   Data           1  timeractivity.o(.data)
    .data                                    0x2000010c   Section       20  activity.o(.data)
    .data                                    0x20000120   Section        9  timeactivity.o(.data)
    anchor                                   0x20000128   Data           1  timeactivity.o(.data)
    .data                                    0x2000012c   Section        9  pwdactivity.o(.data)
    anchor                                   0x20000134   Data           1  pwdactivity.o(.data)
    .data                                    0x20000138   Section        9  ipactivity.o(.data)
    anchor                                   0x20000140   Data           1  ipactivity.o(.data)
    .data                                    0x20000144   Section        9  auzactivity.o(.data)
    anchor                                   0x2000014c   Data           1  auzactivity.o(.data)
    .data                                    0x20000150   Section        9  uvovactivity.o(.data)
    anchor                                   0x20000158   Data           1  uvovactivity.o(.data)
    .data                                    0x2000015c   Section       50  pagespinneractivity.o(.data)
    anchor                                   0x2000018c   Data           1  pagespinneractivity.o(.data)
    spinner_0                                0x2000018d   Data           1  pagespinneractivity.o(.data)
    .bss                                     0x20000190   Section      200  usart.o(.bss)
    .bss                                     0x20000258   Section       10  rtc.o(.bss)
    .bss                                     0x20000264   Section       96  libspace.o(.bss)
    HEAP                                     0x200002c8   Section      512  startup_stm32f10x_hd.o(HEAP)
    Heap_Mem                                 0x200002c8   Data         512  startup_stm32f10x_hd.o(HEAP)
    STACK                                    0x200004c8   Section     1024  startup_stm32f10x_hd.o(STACK)
    Stack_Mem                                0x200004c8   Data        1024  startup_stm32f10x_hd.o(STACK)
    __initial_sp                             0x200008c8   Data           0  startup_stm32f10x_hd.o(STACK)

    Global Symbols

    Symbol Name                              Value     Ov Type        Size  Object(Section)

    BuildAttributes$$THM_ISAv4$P$D$K$B$S$PE$A:L22UL41UL21$X:L11$S22US41US21$IEEE1$IW$USESV6$~STKCKD$USESV7$~SHL$OTIME$ROPI$IEEEJ$EBA8$UX$STANDARDLIB$REQ8$PRES8$EABIv2 0x00000000   Number         0  anon$$obj.o ABSOLUTE
    __ARM_use_no_argv                        0x00000000   Number         0  main.o ABSOLUTE
    __ARM_exceptions_init                     - Undefined Weak Reference
    __alloca_initialize                       - Undefined Weak Reference
    __arm_preinit_                            - Undefined Weak Reference
    __cpp_initialize__aeabi_                  - Undefined Weak Reference
    __cxa_finalize                            - Undefined Weak Reference
    __rt_locale                               - Undefined Weak Reference
    __sigvec_lookup                           - Undefined Weak Reference
    _atexit_init                              - Undefined Weak Reference
    _call_atexit_fns                          - Undefined Weak Reference
    _clock_init                               - Undefined Weak Reference
    _fp_trap_init                             - Undefined Weak Reference
    _fp_trap_shutdown                         - Undefined Weak Reference
    _get_lc_collate                           - Undefined Weak Reference
    _get_lc_ctype                             - Undefined Weak Reference
    _get_lc_monetary                          - Undefined Weak Reference
    _get_lc_numeric                           - Undefined Weak Reference
    _get_lc_time                              - Undefined Weak Reference
    _getenv_init                              - Undefined Weak Reference
    _handle_redirection                       - Undefined Weak Reference
    _init_alloc                               - Undefined Weak Reference
    _init_user_alloc                          - Undefined Weak Reference
    _initio                                   - Undefined Weak Reference
    _rand_init                                - Undefined Weak Reference
    _signal_finish                            - Undefined Weak Reference
    _signal_init                              - Undefined Weak Reference
    _terminate_alloc                          - Undefined Weak Reference
    _terminate_user_alloc                     - Undefined Weak Reference
    _terminateio                              - Undefined Weak Reference
    __Vectors_Size                           0x00000130   Number         0  startup_stm32f10x_hd.o ABSOLUTE
    __Vectors                                0x08000000   Data           4  startup_stm32f10x_hd.o(RESET)
    __Vectors_End                            0x08000130   Data           0  startup_stm32f10x_hd.o(RESET)
    __main                                   0x08000131   Thumb Code     8  __main.o(!!!main)
    __scatterload                            0x08000139   Thumb Code     0  __scatter.o(!!!scatter)
    __scatterload_rt2                        0x08000139   Thumb Code    44  __scatter.o(!!!scatter)
    __scatterload_rt2_thumb_only             0x08000139   Thumb Code     0  __scatter.o(!!!scatter)
    __scatterload_null                       0x08000147   Thumb Code     0  __scatter.o(!!!scatter)
    __decompress                             0x0800016d   Thumb Code    90  __dczerorl2.o(!!dczerorl2)
    __decompress1                            0x0800016d   Thumb Code     0  __dczerorl2.o(!!dczerorl2)
    __scatterload_zeroinit                   0x080001c9   Thumb Code    28  __scatter_zi.o(!!handler_zi)
    __rt_lib_init                            0x080001e5   Thumb Code     0  libinit.o(.ARM.Collect$$libinit$$00000000)
    __rt_lib_init_alloca_1                   0x080001e7   Thumb Code     0  libinit2.o(.ARM.Collect$$libinit$$0000002E)
    __rt_lib_init_argv_1                     0x080001e7   Thumb Code     0  libinit2.o(.ARM.Collect$$libinit$$0000002C)
    __rt_lib_init_atexit_1                   0x080001e7   Thumb Code     0  libinit2.o(.ARM.Collect$$libinit$$0000001B)
    __rt_lib_init_clock_1                    0x080001e7   Thumb Code     0  libinit2.o(.ARM.Collect$$libinit$$00000021)
    __rt_lib_init_cpp_1                      0x080001e7   Thumb Code     0  libinit2.o(.ARM.Collect$$libinit$$00000032)
    __rt_lib_init_exceptions_1               0x080001e7   Thumb Code     0  libinit2.o(.ARM.Collect$$libinit$$00000030)
    __rt_lib_init_fp_1                       0x080001e7   Thumb Code     0  libinit2.o(.ARM.Collect$$libinit$$00000002)
    __rt_lib_init_fp_trap_1                  0x080001e7   Thumb Code     0  libinit2.o(.ARM.Collect$$libinit$$0000001F)
    __rt_lib_init_getenv_1                   0x080001e7   Thumb Code     0  libinit2.o(.ARM.Collect$$libinit$$00000023)
    __rt_lib_init_heap_1                     0x080001e7   Thumb Code     0  libinit2.o(.ARM.Collect$$libinit$$0000000A)
    __rt_lib_init_lc_collate_1               0x080001e7   Thumb Code     0  libinit2.o(.ARM.Collect$$libinit$$00000011)
    __rt_lib_init_lc_ctype_1                 0x080001e7   Thumb Code     0  libinit2.o(.ARM.Collect$$libinit$$00000013)
    __rt_lib_init_lc_monetary_1              0x080001e7   Thumb Code     0  libinit2.o(.ARM.Collect$$libinit$$00000015)
    __rt_lib_init_lc_numeric_1               0x080001e7   Thumb Code     0  libinit2.o(.ARM.Collect$$libinit$$00000017)
    __rt_lib_init_lc_time_1                  0x080001e7   Thumb Code     0  libinit2.o(.ARM.Collect$$libinit$$00000019)
    __rt_lib_init_preinit_1                  0x080001e7   Thumb Code     0  libinit2.o(.ARM.Collect$$libinit$$00000004)
    __rt_lib_init_rand_1                     0x080001e7   Thumb Code     0  libinit2.o(.ARM.Collect$$libinit$$0000000E)
    __rt_lib_init_return                     0x080001e7   Thumb Code     0  libinit2.o(.ARM.Collect$$libinit$$00000033)
    __rt_lib_init_signal_1                   0x080001e7   Thumb Code     0  libinit2.o(.ARM.Collect$$libinit$$0000001D)
    __rt_lib_init_stdio_1                    0x080001e7   Thumb Code     0  libinit2.o(.ARM.Collect$$libinit$$00000025)
    __rt_lib_init_user_alloc_1               0x080001e7   Thumb Code     0  libinit2.o(.ARM.Collect$$libinit$$0000000C)
    __rt_lib_shutdown                        0x080001e9   Thumb Code     0  libshutdown.o(.ARM.Collect$$libshutdown$$00000000)
    __rt_lib_shutdown_fp_trap_1              0x080001eb   Thumb Code     0  libshutdown2.o(.ARM.Collect$$libshutdown$$00000006)
    __rt_lib_shutdown_heap_1                 0x080001eb   Thumb Code     0  libshutdown2.o(.ARM.Collect$$libshutdown$$0000000E)
    __rt_lib_shutdown_return                 0x080001eb   Thumb Code     0  libshutdown2.o(.ARM.Collect$$libshutdown$$0000000F)
    __rt_lib_shutdown_signal_1               0x080001eb   Thumb Code     0  libshutdown2.o(.ARM.Collect$$libshutdown$$00000009)
    __rt_lib_shutdown_stdio_1                0x080001eb   Thumb Code     0  libshutdown2.o(.ARM.Collect$$libshutdown$$00000003)
    __rt_lib_shutdown_user_alloc_1           0x080001eb   Thumb Code     0  libshutdown2.o(.ARM.Collect$$libshutdown$$0000000B)
    __rt_entry                               0x080001ed   Thumb Code     0  __rtentry.o(.ARM.Collect$$rtentry$$00000000)
    __rt_entry_presh_1                       0x080001ed   Thumb Code     0  __rtentry2.o(.ARM.Collect$$rtentry$$00000002)
    __rt_entry_sh                            0x080001ed   Thumb Code     0  __rtentry4.o(.ARM.Collect$$rtentry$$00000004)
    __rt_entry_li                            0x080001f3   Thumb Code     0  __rtentry2.o(.ARM.Collect$$rtentry$$0000000A)
    __rt_entry_postsh_1                      0x080001f3   Thumb Code     0  __rtentry2.o(.ARM.Collect$$rtentry$$00000009)
    __rt_entry_main                          0x080001f7   Thumb Code     0  __rtentry2.o(.ARM.Collect$$rtentry$$0000000D)
    __rt_entry_postli_1                      0x080001f7   Thumb Code     0  __rtentry2.o(.ARM.Collect$$rtentry$$0000000C)
    __rt_exit                                0x080001ff   Thumb Code     0  rtexit.o(.ARM.Collect$$rtexit$$00000000)
    __rt_exit_ls                             0x08000201   Thumb Code     0  rtexit2.o(.ARM.Collect$$rtexit$$00000003)
    __rt_exit_prels_1                        0x08000201   Thumb Code     0  rtexit2.o(.ARM.Collect$$rtexit$$00000002)
    __rt_exit_exit                           0x08000205   Thumb Code     0  rtexit2.o(.ARM.Collect$$rtexit$$00000004)
    Reset_Handler                            0x0800020d   Thumb Code     8  startup_stm32f10x_hd.o(.text)
    ADC1_2_IRQHandler                        0x08000227   Thumb Code     0  startup_stm32f10x_hd.o(.text)
    ADC3_IRQHandler                          0x08000227   Thumb Code     0  startup_stm32f10x_hd.o(.text)
    CAN1_RX1_IRQHandler                      0x08000227   Thumb Code     0  startup_stm32f10x_hd.o(.text)
    CAN1_SCE_IRQHandler                      0x08000227   Thumb Code     0  startup_stm32f10x_hd.o(.text)
    DMA1_Channel1_IRQHandler                 0x08000227   Thumb Code     0  startup_stm32f10x_hd.o(.text)
    DMA1_Channel2_IRQHandler                 0x08000227   Thumb Code     0  startup_stm32f10x_hd.o(.text)
    DMA1_Channel3_IRQHandler                 0x08000227   Thumb Code     0  startup_stm32f10x_hd.o(.text)
    DMA1_Channel4_IRQHandler                 0x08000227   Thumb Code     0  startup_stm32f10x_hd.o(.text)
    DMA1_Channel5_IRQHandler                 0x08000227   Thumb Code     0  startup_stm32f10x_hd.o(.text)
    DMA1_Channel6_IRQHandler                 0x08000227   Thumb Code     0  startup_stm32f10x_hd.o(.text)
    DMA1_Channel7_IRQHandler                 0x08000227   Thumb Code     0  startup_stm32f10x_hd.o(.text)
    DMA2_Channel1_IRQHandler                 0x08000227   Thumb Code     0  startup_stm32f10x_hd.o(.text)
    DMA2_Channel2_IRQHandler                 0x08000227   Thumb Code     0  startup_stm32f10x_hd.o(.text)
    DMA2_Channel3_IRQHandler                 0x08000227   Thumb Code     0  startup_stm32f10x_hd.o(.text)
    DMA2_Channel4_5_IRQHandler               0x08000227   Thumb Code     0  startup_stm32f10x_hd.o(.text)
    EXTI0_IRQHandler                         0x08000227   Thumb Code     0  startup_stm32f10x_hd.o(.text)
    EXTI15_10_IRQHandler                     0x08000227   Thumb Code     0  startup_stm32f10x_hd.o(.text)
    EXTI1_IRQHandler                         0x08000227   Thumb Code     0  startup_stm32f10x_hd.o(.text)
    EXTI2_IRQHandler                         0x08000227   Thumb Code     0  startup_stm32f10x_hd.o(.text)
    EXTI3_IRQHandler                         0x08000227   Thumb Code     0  startup_stm32f10x_hd.o(.text)
    EXTI4_IRQHandler                         0x08000227   Thumb Code     0  startup_stm32f10x_hd.o(.text)
    EXTI9_5_IRQHandler                       0x08000227   Thumb Code     0  startup_stm32f10x_hd.o(.text)
    FLASH_IRQHandler                         0x08000227   Thumb Code     0  startup_stm32f10x_hd.o(.text)
    FSMC_IRQHandler                          0x08000227   Thumb Code     0  startup_stm32f10x_hd.o(.text)
    I2C1_ER_IRQHandler                       0x08000227   Thumb Code     0  startup_stm32f10x_hd.o(.text)
    I2C1_EV_IRQHandler                       0x08000227   Thumb Code     0  startup_stm32f10x_hd.o(.text)
    I2C2_ER_IRQHandler                       0x08000227   Thumb Code     0  startup_stm32f10x_hd.o(.text)
    I2C2_EV_IRQHandler                       0x08000227   Thumb Code     0  startup_stm32f10x_hd.o(.text)
    PVD_IRQHandler                           0x08000227   Thumb Code     0  startup_stm32f10x_hd.o(.text)
    RCC_IRQHandler                           0x08000227   Thumb Code     0  startup_stm32f10x_hd.o(.text)
    RTCAlarm_IRQHandler                      0x08000227   Thumb Code     0  startup_stm32f10x_hd.o(.text)
    SDIO_IRQHandler                          0x08000227   Thumb Code     0  startup_stm32f10x_hd.o(.text)
    SPI1_IRQHandler                          0x08000227   Thumb Code     0  startup_stm32f10x_hd.o(.text)
    SPI2_IRQHandler                          0x08000227   Thumb Code     0  startup_stm32f10x_hd.o(.text)
    SPI3_IRQHandler                          0x08000227   Thumb Code     0  startup_stm32f10x_hd.o(.text)
    TAMPER_IRQHandler                        0x08000227   Thumb Code     0  startup_stm32f10x_hd.o(.text)
    TIM1_BRK_IRQHandler                      0x08000227   Thumb Code     0  startup_stm32f10x_hd.o(.text)
    TIM1_CC_IRQHandler                       0x08000227   Thumb Code     0  startup_stm32f10x_hd.o(.text)
    TIM1_TRG_COM_IRQHandler                  0x08000227   Thumb Code     0  startup_stm32f10x_hd.o(.text)
    TIM1_UP_IRQHandler                       0x08000227   Thumb Code     0  startup_stm32f10x_hd.o(.text)
    TIM2_IRQHandler                          0x08000227   Thumb Code     0  startup_stm32f10x_hd.o(.text)
    TIM3_IRQHandler                          0x08000227   Thumb Code     0  startup_stm32f10x_hd.o(.text)
    TIM4_IRQHandler                          0x08000227   Thumb Code     0  startup_stm32f10x_hd.o(.text)
    TIM5_IRQHandler                          0x08000227   Thumb Code     0  startup_stm32f10x_hd.o(.text)
    TIM6_IRQHandler                          0x08000227   Thumb Code     0  startup_stm32f10x_hd.o(.text)
    TIM7_IRQHandler                          0x08000227   Thumb Code     0  startup_stm32f10x_hd.o(.text)
    TIM8_BRK_IRQHandler                      0x08000227   Thumb Code     0  startup_stm32f10x_hd.o(.text)
    TIM8_CC_IRQHandler                       0x08000227   Thumb Code     0  startup_stm32f10x_hd.o(.text)
    TIM8_TRG_COM_IRQHandler                  0x08000227   Thumb Code     0  startup_stm32f10x_hd.o(.text)
    TIM8_UP_IRQHandler                       0x08000227   Thumb Code     0  startup_stm32f10x_hd.o(.text)
    UART4_IRQHandler                         0x08000227   Thumb Code     0  startup_stm32f10x_hd.o(.text)
    UART5_IRQHandler                         0x08000227   Thumb Code     0  startup_stm32f10x_hd.o(.text)
    USART2_IRQHandler                        0x08000227   Thumb Code     0  startup_stm32f10x_hd.o(.text)
    USART3_IRQHandler                        0x08000227   Thumb Code     0  startup_stm32f10x_hd.o(.text)
    USBWakeUp_IRQHandler                     0x08000227   Thumb Code     0  startup_stm32f10x_hd.o(.text)
    USB_HP_CAN1_TX_IRQHandler                0x08000227   Thumb Code     0  startup_stm32f10x_hd.o(.text)
    USB_LP_CAN1_RX0_IRQHandler               0x08000227   Thumb Code     0  startup_stm32f10x_hd.o(.text)
    WWDG_IRQHandler                          0x08000227   Thumb Code     0  startup_stm32f10x_hd.o(.text)
    __user_initial_stackheap                 0x08000229   Thumb Code     0  startup_stm32f10x_hd.o(.text)
    __use_no_semihosting                     0x0800024d   Thumb Code     2  use_no_semi_2.o(.text)
    strlen                                   0x0800024f   Thumb Code    62  strlen.o(.text)
    __aeabi_memcpy4                          0x0800028d   Thumb Code     0  rt_memcpy_w.o(.text)
    __aeabi_memcpy8                          0x0800028d   Thumb Code     0  rt_memcpy_w.o(.text)
    __rt_memcpy_w                            0x0800028d   Thumb Code   100  rt_memcpy_w.o(.text)
    _memcpy_lastbytes_aligned                0x080002d5   Thumb Code     0  rt_memcpy_w.o(.text)
    __use_two_region_memory                  0x080002f1   Thumb Code     2  heapauxi.o(.text)
    __rt_heap_escrow$2region                 0x080002f3   Thumb Code     2  heapauxi.o(.text)
    __rt_heap_expand$2region                 0x080002f5   Thumb Code     2  heapauxi.o(.text)
    __I$use$semihosting                      0x080002f7   Thumb Code     0  use_no_semi.o(.text)
    __use_no_semihosting_swi                 0x080002f7   Thumb Code     2  use_no_semi.o(.text)
    __read_errno                             0x080002f9   Thumb Code    10  _rserrno.o(.text)
    __set_errno                              0x08000303   Thumb Code    12  _rserrno.o(.text)
    __aeabi_errno_addr                       0x08000311   Thumb Code     8  rt_errno_addr_intlibspace.o(.text)
    __errno$intlibspace                      0x08000311   Thumb Code     0  rt_errno_addr_intlibspace.o(.text)
    __rt_errno_addr$intlibspace              0x08000311   Thumb Code     0  rt_errno_addr_intlibspace.o(.text)
    __user_libspace                          0x08000319   Thumb Code     8  libspace.o(.text)
    __user_perproc_libspace                  0x08000319   Thumb Code     0  libspace.o(.text)
    __user_perthread_libspace                0x08000319   Thumb Code     0  libspace.o(.text)
    __user_setup_stackheap                   0x08000321   Thumb Code    74  sys_stackheap_outer.o(.text)
    exit                                     0x0800036b   Thumb Code    12  exit.o(.text)
    AT24CXX_Init                             0x08000377   Thumb Code     8  24cxx.o(i.AT24CXX_Init)
    AT24CXX_Read                             0x0800037f   Thumb Code    34  24cxx.o(i.AT24CXX_Read)
    AT24CXX_ReadOneByte                      0x080003a1   Thumb Code    90  24cxx.o(i.AT24CXX_ReadOneByte)
    AT24CXX_Write                            0x080003fb   Thumb Code    36  24cxx.o(i.AT24CXX_Write)
    AT24CXX_WriteOneByte                     0x0800041f   Thumb Code    82  24cxx.o(i.AT24CXX_WriteOneByte)
    BKP_DeInit                               0x08000471   Thumb Code    16  stm32f10x_bkp.o(i.BKP_DeInit)
    BKP_ReadBackupRegister                   0x08000481   Thumb Code    24  stm32f10x_bkp.o(i.BKP_ReadBackupRegister)
    BKP_WriteBackupRegister                  0x0800049d   Thumb Code    22  stm32f10x_bkp.o(i.BKP_WriteBackupRegister)
    BusFault_Handler                         0x080004b9   Thumb Code     4  stm32f10x_it.o(i.BusFault_Handler)
    DebugMon_Handler                         0x080004bd   Thumb Code     2  stm32f10x_it.o(i.DebugMon_Handler)
    EXTI_ClearITPendingBit                   0x080004c1   Thumb Code     6  stm32f10x_exti.o(i.EXTI_ClearITPendingBit)
    EXTI_Init                                0x080004cd   Thumb Code   142  stm32f10x_exti.o(i.EXTI_Init)
    FSMC_NORSRAMCmd                          0x08000561   Thumb Code    46  stm32f10x_fsmc.o(i.FSMC_NORSRAMCmd)
    FSMC_NORSRAMInit                         0x08000595   Thumb Code   230  stm32f10x_fsmc.o(i.FSMC_NORSRAMInit)
    Fill_Fast_Rec                            0x0800067b   Thumb Code   114  dis_api.o(i.Fill_Fast_Rec)
    GPIO_Init                                0x080006ed   Thumb Code   278  stm32f10x_gpio.o(i.GPIO_Init)
    GPIO_ReadOutputDataBit                   0x08000803   Thumb Code    18  stm32f10x_gpio.o(i.GPIO_ReadOutputDataBit)
    GPIO_ResetBits                           0x08000815   Thumb Code     4  stm32f10x_gpio.o(i.GPIO_ResetBits)
    GPIO_SetBits                             0x08000819   Thumb Code     4  stm32f10x_gpio.o(i.GPIO_SetBits)
    HardFault_Handler                        0x0800081d   Thumb Code     4  stm32f10x_it.o(i.HardFault_Handler)
    IIC_Ack                                  0x08000821   Thumb Code    66  myiic.o(i.IIC_Ack)
    IIC_Init                                 0x08000871   Thumb Code    46  myiic.o(i.IIC_Init)
    IIC_NAck                                 0x080008a5   Thumb Code    66  myiic.o(i.IIC_NAck)
    IIC_Read_Byte                            0x080008f5   Thumb Code    98  myiic.o(i.IIC_Read_Byte)
    IIC_Send_Byte                            0x08000965   Thumb Code   104  myiic.o(i.IIC_Send_Byte)
    IIC_Start                                0x080009d9   Thumb Code    64  myiic.o(i.IIC_Start)
    IIC_Stop                                 0x08000a25   Thumb Code    62  myiic.o(i.IIC_Stop)
    IIC_Wait_Ack                             0x08000a71   Thumb Code    86  myiic.o(i.IIC_Wait_Ack)
    IPActivityPage                           0x08000ad5   Thumb Code    84  ipactivity.o(i.IPActivityPage)
    Is_Leap_Year                             0x08000b45   Thumb Code    58  rtc.o(i.Is_Leap_Year)
    LCD_Clear                                0x08000b7f   Thumb Code    20  dis_api.o(i.LCD_Clear)
    LCD_DrawLine                             0x08000b93   Thumb Code   172  dis_api.o(i.LCD_DrawLine)
    LCD_DrawLtrigo                           0x08000c3f   Thumb Code   176  dis_api.o(i.LCD_DrawLtrigo)
    LCD_WR_DATA                              0x08000cf1   Thumb Code    10  fsmc.o(i.LCD_WR_DATA)
    LCD_WR_REG                               0x08000d01   Thumb Code    10  fsmc.o(i.LCD_WR_REG)
    LCD_WR_REG_DATA                          0x08000d11   Thumb Code    20  fsmc.o(i.LCD_WR_REG_DATA)
    MemManage_Handler                        0x08000d25   Thumb Code     4  stm32f10x_it.o(i.MemManage_Handler)
    Mirro_Y                                  0x08000d29   Thumb Code    10  dis_api.o(i.Mirro_Y)
    NMI_Handler                              0x08000d33   Thumb Code     2  stm32f10x_it.o(i.NMI_Handler)
    NVIC_Init                                0x08000d35   Thumb Code   100  misc.o(i.NVIC_Init)
    NVIC_PriorityGroupConfig                 0x08000da5   Thumb Code    10  misc.o(i.NVIC_PriorityGroupConfig)
    OPEN_WINDOW                              0x08000db9   Thumb Code    90  dis_api.o(i.OPEN_WINDOW)
    PWR_BackupAccessCmd                      0x08000e15   Thumb Code     6  stm32f10x_pwr.o(i.PWR_BackupAccessCmd)
    PendSV_Handler                           0x08000e21   Thumb Code     2  stm32f10x_it.o(i.PendSV_Handler)
    RCC_AHBPeriphClockCmd                    0x08000e25   Thumb Code    26  stm32f10x_rcc.o(i.RCC_AHBPeriphClockCmd)
    RCC_APB1PeriphClockCmd                   0x08000e45   Thumb Code    26  stm32f10x_rcc.o(i.RCC_APB1PeriphClockCmd)
    RCC_APB2PeriphClockCmd                   0x08000e65   Thumb Code    26  stm32f10x_rcc.o(i.RCC_APB2PeriphClockCmd)
    RCC_BackupResetCmd                       0x08000e85   Thumb Code     6  stm32f10x_rcc.o(i.RCC_BackupResetCmd)
    RCC_GetFlagStatus                        0x08000e91   Thumb Code    56  stm32f10x_rcc.o(i.RCC_GetFlagStatus)
    RCC_LSEConfig                            0x08000ecd   Thumb Code    46  stm32f10x_rcc.o(i.RCC_LSEConfig)
    RCC_RTCCLKCmd                            0x08000f01   Thumb Code     6  stm32f10x_rcc.o(i.RCC_RTCCLKCmd)
    RCC_RTCCLKConfig                         0x08000f0d   Thumb Code    12  stm32f10x_rcc.o(i.RCC_RTCCLKConfig)
    RTC_ClearITPendingBit                    0x08000f1d   Thumb Code    12  stm32f10x_rtc.o(i.RTC_ClearITPendingBit)
    RTC_EnterConfigMode                      0x08000f2d   Thumb Code    14  stm32f10x_rtc.o(i.RTC_EnterConfigMode)
    RTC_ExitConfigMode                       0x08000f41   Thumb Code    16  stm32f10x_rtc.o(i.RTC_ExitConfigMode)
    RTC_Get                                  0x08000f55   Thumb Code   240  rtc.o(i.RTC_Get)
    RTC_GetCounter                           0x08001055   Thumb Code    16  stm32f10x_rtc.o(i.RTC_GetCounter)
    RTC_GetITStatus                          0x08001069   Thumb Code    32  stm32f10x_rtc.o(i.RTC_GetITStatus)
    RTC_Get_Week                             0x0800108d   Thumb Code   116  rtc.o(i.RTC_Get_Week)
    RTC_IRQHandler                           0x08001105   Thumb Code    36  rtc.o(i.RTC_IRQHandler)
    RTC_ITConfig                             0x0800112d   Thumb Code    26  stm32f10x_rtc.o(i.RTC_ITConfig)
    RTC_Init                                 0x0800114d   Thumb Code   198  rtc.o(i.RTC_Init)
    RTC_Set                                  0x08001279   Thumb Code   184  rtc.o(i.RTC_Set)
    RTC_SetCounter                           0x08001341   Thumb Code    24  stm32f10x_rtc.o(i.RTC_SetCounter)
    RTC_SetPrescaler                         0x0800135d   Thumb Code    26  stm32f10x_rtc.o(i.RTC_SetPrescaler)
    RTC_WaitForLastTask                      0x0800137d   Thumb Code    16  stm32f10x_rtc.o(i.RTC_WaitForLastTask)
    RTC_WaitForSynchro                       0x08001391   Thumb Code    30  stm32f10x_rtc.o(i.RTC_WaitForSynchro)
    SVC_Handler                              0x080013b5   Thumb Code     2  stm32f10x_it.o(i.SVC_Handler)
    ShowpageSpinner                          0x080014a1   Thumb Code   140  component.o(i.ShowpageSpinner)
    SysTick_CLKSourceConfig                  0x08001539   Thumb Code    40  misc.o(i.SysTick_CLKSourceConfig)
    SysTick_Handler                          0x08001561   Thumb Code     2  stm32f10x_it.o(i.SysTick_Handler)
    SystemInit                               0x08001565   Thumb Code    78  system_stm32f10x.o(i.SystemInit)
    TFT_DrawPoint                            0x080015c5   Thumb Code    58  dis_api.o(i.TFT_DrawPoint)
    TFT_Draw_One_Char                        0x08001601   Thumb Code   250  dis_api.o(i.TFT_Draw_One_Char)
    TFT_FSMC_INIT                            0x08001709   Thumb Code   226  fsmc.o(i.TFT_FSMC_INIT)
    TFT_ShowNum                              0x080017f9   Thumb Code   252  dis_api.o(i.TFT_ShowNum)
    TFT_ShowString                           0x080018f9   Thumb Code    64  dis_api.o(i.TFT_ShowString)
    TFT_Show_Any_Picture                     0x08001939   Thumb Code    96  dis_api.o(i.TFT_Show_Any_Picture)
    TFT_init                                 0x08001999   Thumb Code   386  dis_api.o(i.TFT_init)
    TP_Adjust                                0x08001b25   Thumb Code  1374  touch.o(i.TP_Adjust)
    TP_Drow_Touch_Point                      0x080020a1   Thumb Code   130  touch.o(i.TP_Drow_Touch_Point)
    TP_Get_Adjdata                           0x08002129   Thumb Code    44  touch.o(i.TP_Get_Adjdata)
    TP_Init                                  0x08002161   Thumb Code   172  touch.o(i.TP_Init)
    TP_Read_AD                               0x08002215   Thumb Code   136  touch.o(i.TP_Read_AD)
    TP_Read_XOY                              0x080022a5   Thumb Code   120  touch.o(i.TP_Read_XOY)
    TP_Read_XY                               0x0800231d   Thumb Code    38  touch.o(i.TP_Read_XY)
    TP_Read_XY2                              0x0800234d   Thumb Code   192  touch.o(i.TP_Read_XY2)
    TP_Save_Adjdata                          0x0800240d   Thumb Code    22  touch.o(i.TP_Save_Adjdata)
    TP_Scan                                  0x08002429   Thumb Code   262  touch.o(i.TP_Scan)
    TP_Write_Byte                            0x08002539   Thumb Code    66  touch.o(i.TP_Write_Byte)
    USART1_IRQHandler                        0x08002585   Thumb Code   122  usart.o(i.USART1_IRQHandler)
    USART_GetITStatus                        0x0800260d   Thumb Code    84  stm32f10x_usart.o(i.USART_GetITStatus)
    USART_ReceiveData                        0x08002661   Thumb Code    10  stm32f10x_usart.o(i.USART_ReceiveData)
    UsageFault_Handler                       0x0800266b   Thumb Code     4  stm32f10x_it.o(i.UsageFault_Handler)
    Write_Word_Center                        0x0800266f   Thumb Code   100  dis_api.o(i.Write_Word_Center)
    _sys_exit                                0x080026d3   Thumb Code     6  usart.o(i._sys_exit)
    auzActivityAction                        0x080026d9   Thumb Code    22  auzactivity.o(i.auzActivityAction)
    auzActivityItemSelect                    0x080026f5   Thumb Code   170  auzactivity.o(i.auzActivityItemSelect)
    auzActivityPage                          0x080027b1   Thumb Code   116  auzactivity.o(i.auzActivityPage)
    clear                                    0x08002845   Thumb Code    36  component.o(i.clear)
    clearPage                                0x08002869   Thumb Code    18  component.o(i.clearPage)
    clearScreen                              0x0800287b   Thumb Code    18  component.o(i.clearScreen)
    createActivity                           0x0800288d   Thumb Code   224  activity.o(i.createActivity)
    delatPageSelectItem                      0x0800299d   Thumb Code   170  delayactivity.o(i.delatPageSelectItem)
    delayActivityAction                      0x08002a5d   Thumb Code    22  delayactivity.o(i.delayActivityAction)
    delayPage                                0x08002a79   Thumb Code   246  delayactivity.o(i.delayPage)
    delay_init                               0x08002bb9   Thumb Code    50  delay.o(i.delay_init)
    delay_ms                                 0x08002bfd   Thumb Code    72  delay.o(i.delay_ms)
    delay_us                                 0x08002c49   Thumb Code    72  delay.o(i.delay_us)
    encoder                                  0x08002c95   Thumb Code   140  key.o(i.encoder)
    encoder_key                              0x08002d31   Thumb Code    52  key.o(i.encoder_key)
    gui_4_yuanhu_CU_EMPTY                    0x08002d6d   Thumb Code    82  dis_api.o(i.gui_4_yuanhu_CU_EMPTY)
    gui_4_yuanhu_EMPTY                       0x08002dbf   Thumb Code   260  dis_api.o(i.gui_4_yuanhu_EMPTY)
    gui_draw_arc                             0x08002ec3   Thumb Code   112  dis_api.o(i.gui_draw_arc)
    gui_draw_circle8                         0x08002f33   Thumb Code   232  dis_api.o(i.gui_draw_circle8)
    gui_draw_expoint                         0x0800301b   Thumb Code    48  dis_api.o(i.gui_draw_expoint)
    gui_draw_hline                           0x0800304b   Thumb Code    32  dis_api.o(i.gui_draw_hline)
    gui_fill_circle                          0x0800306b   Thumb Code   176  dis_api.o(i.gui_fill_circle)
    homeActivityAction                       0x0800311d   Thumb Code    22  homeactivity.o(i.homeActivityAction)
    homeActivitySelectItem                   0x08003139   Thumb Code  3778  homeactivity.o(i.homeActivitySelectItem)
    horizontaladderSubtracter                0x0800400d   Thumb Code   242  component.o(i.horizontaladderSubtracter)
    initChannel                              0x08004109   Thumb Code    38  channel.o(i.initChannel)
    ipActivityAction                         0x08004135   Thumb Code    22  ipactivity.o(i.ipActivityAction)
    ipActivityItemSelect                     0x08004151   Thumb Code   170  ipactivity.o(i.ipActivityItemSelect)
    key_init                                 0x0800420d   Thumb Code    34  key.o(i.key_init)
    main                                     0x08004235   Thumb Code    68  main.o(i.main)
    mainOpenSplash                           0x0800428d   Thumb Code   150  homeactivity.o(i.mainOpenSplash)
    mainPage                                 0x08004329   Thumb Code   712  homeactivity.o(i.mainPage)
    pageButton                               0x08004639   Thumb Code    58  component.o(i.pageButton)
    pageCheckBox                             0x08004673   Thumb Code    62  component.o(i.pageCheckBox)
    pageCircleButton                         0x080046b1   Thumb Code   170  component.o(i.pageCircleButton)
    pageSpinner                              0x08004761   Thumb Code   128  component.o(i.pageSpinner)
    pageSpinnerActivity                      0x080047e1   Thumb Code    28  pagespinneractivity.o(i.pageSpinnerActivity)
    pageSpinnerActivityAction                0x08004805   Thumb Code    22  pagespinneractivity.o(i.pageSpinnerActivityAction)
    pageSpinnerItem                          0x08004821   Thumb Code   128  component.o(i.pageSpinnerItem)
    pageswitch                               0x080048a1   Thumb Code   114  component.o(i.pageswitch)
    pwdActivityAction                        0x08004921   Thumb Code    22  pwdactivity.o(i.pwdActivityAction)
    pwdActivityItemSelect                    0x0800493d   Thumb Code   170  pwdactivity.o(i.pwdActivityItemSelect)
    pwdActivityPage                          0x080049f9   Thumb Code   174  pwdactivity.o(i.pwdActivityPage)
    showItem                                 0x08004acd   Thumb Code   118  pagespinneractivity.o(i.showItem)
    showVolAndTime                           0x08004b49   Thumb Code   140  homeactivity.o(i.showVolAndTime)
    showotherItem                            0x08004be5   Thumb Code    90  pagespinneractivity.o(i.showotherItem)
    spinnerAction                            0x08004c41   Thumb Code  2096  pagespinneractivity.o(i.spinnerAction)
    sqrt                                     0x0800547d   Thumb Code    76  sqrt.o(i.sqrt)
    switchActivityAction                     0x080054c9   Thumb Code    22  switchactivity.o(i.switchActivityAction)
    switchActivitySelectItem                 0x080054e5   Thumb Code   170  switchactivity.o(i.switchActivitySelectItem)
    switchActivitypage                       0x080055a5   Thumb Code   314  switchactivity.o(i.switchActivitypage)
    timeActivityAction                       0x08005719   Thumb Code    22  timeactivity.o(i.timeActivityAction)
    timeActivityItemSelect                   0x08005735   Thumb Code   170  timeactivity.o(i.timeActivityItemSelect)
    timeActivityPage                         0x080057f5   Thumb Code   440  timeactivity.o(i.timeActivityPage)
    timerActivityAction                      0x080059f9   Thumb Code    22  timeractivity.o(i.timerActivityAction)
    timerActivityPage                        0x08005a15   Thumb Code   902  timeractivity.o(i.timerActivityPage)
    timerActivitySelectItem                  0x08005e21   Thumb Code   170  timeractivity.o(i.timerActivitySelectItem)
    titleBar                                 0x08005ee1   Thumb Code    20  component.o(i.titleBar)
    toucharea                                0x08005ef5   Thumb Code   104  activity.o(i.toucharea)
    uvovActivityAction                       0x08005f61   Thumb Code    22  uvovactivity.o(i.uvovActivityAction)
    uvovActivityItemSelect                   0x08005f7d   Thumb Code   170  uvovactivity.o(i.uvovActivityItemSelect)
    uvovActivityPage                         0x0800603d   Thumb Code   206  uvovactivity.o(i.uvovActivityPage)
    virticleadderSubtracter                  0x08006139   Thumb Code   254  component.o(i.virticleadderSubtracter)
    __fpl_dcmp_Inf                           0x08006241   Thumb Code    24  dcmpi.o(x$fpl$dcmpinf)
    __aeabi_d2uiz                            0x08006259   Thumb Code     0  dfixu.o(x$fpl$dfixu)
    _dfixu                                   0x08006259   Thumb Code    90  dfixu.o(x$fpl$dfixu)
    __aeabi_ui2d                             0x080062b3   Thumb Code     0  dflt_clz.o(x$fpl$dfltu)
    _dfltu                                   0x080062b3   Thumb Code    38  dflt_clz.o(x$fpl$dfltu)
    __aeabi_cdcmple                          0x080062d9   Thumb Code     0  dleqf.o(x$fpl$dleqf)
    _dcmple                                  0x080062d9   Thumb Code   120  dleqf.o(x$fpl$dleqf)
    __fpl_dcmple_InfNaN                      0x0800633b   Thumb Code     0  dleqf.o(x$fpl$dleqf)
    __fpl_dnaninf                            0x08006351   Thumb Code   156  dnaninf.o(x$fpl$dnaninf)
    __fpl_dretinf                            0x080063ed   Thumb Code    12  dretinf.o(x$fpl$dretinf)
    __aeabi_cdrcmple                         0x080063f9   Thumb Code     0  drleqf.o(x$fpl$drleqf)
    _drcmple                                 0x080063f9   Thumb Code   108  drleqf.o(x$fpl$drleqf)
    _dsqrt                                   0x08006465   Thumb Code   456  dsqrt_noumaal.o(x$fpl$dsqrt)
    __aeabi_f2d                              0x08006631   Thumb Code     0  f2d.o(x$fpl$f2d)
    _f2d                                     0x08006631   Thumb Code    86  f2d.o(x$fpl$f2d)
    __aeabi_fadd                             0x08006689   Thumb Code     0  faddsub_clz.o(x$fpl$fadd)
    _fadd                                    0x08006689   Thumb Code   196  faddsub_clz.o(x$fpl$fadd)
    __aeabi_fdiv                             0x0800674d   Thumb Code     0  fdiv.o(x$fpl$fdiv)
    _fdiv                                    0x0800674d   Thumb Code   384  fdiv.o(x$fpl$fdiv)
    __aeabi_f2iz                             0x080068d1   Thumb Code     0  ffix.o(x$fpl$ffix)
    _ffix                                    0x080068d1   Thumb Code    54  ffix.o(x$fpl$ffix)
    __aeabi_f2uiz                            0x08006909   Thumb Code     0  ffixu.o(x$fpl$ffixu)
    _ffixu                                   0x08006909   Thumb Code    62  ffixu.o(x$fpl$ffixu)
    __aeabi_i2f                              0x08006949   Thumb Code     0  fflt_clz.o(x$fpl$fflt)
    _fflt                                    0x08006949   Thumb Code    48  fflt_clz.o(x$fpl$fflt)
    __aeabi_ui2f                             0x08006979   Thumb Code     0  fflt_clz.o(x$fpl$ffltu)
    _ffltu                                   0x08006979   Thumb Code    38  fflt_clz.o(x$fpl$ffltu)
    __aeabi_fmul                             0x080069a1   Thumb Code     0  fmul.o(x$fpl$fmul)
    _fmul                                    0x080069a1   Thumb Code   258  fmul.o(x$fpl$fmul)
    __fpl_fnaninf                            0x08006aa3   Thumb Code   140  fnaninf.o(x$fpl$fnaninf)
    __fpl_fretinf                            0x08006b2f   Thumb Code    10  fretinf.o(x$fpl$fretinf)
    __aeabi_frsub                            0x08006b39   Thumb Code     0  faddsub_clz.o(x$fpl$frsb)
    _frsb                                    0x08006b39   Thumb Code    20  faddsub_clz.o(x$fpl$frsb)
    __aeabi_fsub                             0x08006b4d   Thumb Code     0  faddsub_clz.o(x$fpl$fsub)
    _fsub                                    0x08006b4d   Thumb Code   234  faddsub_clz.o(x$fpl$fsub)
    Font_16X8                                0x08006c36   Data        1520  font.o(.constdata)
    __I$use$fp                               0x08006c36   Number         0  usenofp.o(x$fpl$usenofp)
    Font_24X12                               0x08007226   Data        3420  font.o(.constdata)
    Font_32X16                               0x08007f82   Data        6080  font.o(.constdata)
    LOGO                                     0x08009742   Data         620  font.o(.constdata)
    table_week                               0x080099ae   Data          12  rtc.o(.constdata)
    mon_table                                0x080099ba   Data          12  rtc.o(.constdata)
    Region$$Table$$Base                      0x08009a34   Number         0  anon$$obj.o(Region$$Table)
    Region$$Table$$Limit                     0x08009a54   Number         0  anon$$obj.o(Region$$Table)
    SystemCoreClock                          0x20000000   Data           4  system_stm32f10x.o(.data)
    AHBPrescTable                            0x20000004   Data          16  system_stm32f10x.o(.data)
    __stdout                                 0x20000018   Data           4  usart.o(.data)
    USART_RX_STA                             0x2000001c   Data           2  usart.o(.data)
    DisAPI                                   0x20000020   Data          32  dis_api.o(.data)
    flag_ten_sec                             0x20000040   Data           1  rtc.o(.data)
    relay_key_dev                            0x20000044   Data           1  key.o(.data)
    encoder_dev                              0x20000045   Data           2  key.o(.data)
    back_flag                                0x20000047   Data           1  key.o(.data)
    front_flag                               0x20000048   Data           1  key.o(.data)
    LAST_A_LEVEL                             0x20000049   Data           1  key.o(.data)
    LAST_KEY_LEVEL                           0x2000004a   Data           1  key.o(.data)
    LAST_REKEY_LEVEL                         0x2000004b   Data           1  key.o(.data)
    channel                                  0x20000050   Data           4  channel.o(.data)
    POINT_COLOR_                             0x20000054   Data           2  touch.o(.data)
    BACK_COLOR_                              0x20000056   Data           2  touch.o(.data)
    tp_dev                                   0x20000058   Data          52  touch.o(.data)
    CMD_RDY                                  0x2000008c   Data           1  touch.o(.data)
    CMD_RDX                                  0x2000008d   Data           1  touch.o(.data)
    vol                                      0x20000090   Data          28  homeactivity.o(.data)
    homeActivity                             0x200000ac   Data          16  homeactivity.o(.data)
    component                                0x200000c0   Data          52  component.o(.data)
    delayActivity                            0x200000f4   Data           4  delayactivity.o(.data)
    switchActivity                           0x200000fc   Data           4  switchactivity.o(.data)
    timerActivity                            0x20000104   Data           4  timeractivity.o(.data)
    activity                                 0x2000010c   Data          20  activity.o(.data)
    timeActivity                             0x20000120   Data           8  timeactivity.o(.data)
    pwdActivity                              0x2000012c   Data           8  pwdactivity.o(.data)
    ipActivity                               0x20000138   Data           8  ipactivity.o(.data)
    auzActivity                              0x20000144   Data           8  auzactivity.o(.data)
    uvovActivity                             0x20000150   Data           8  uvovactivity.o(.data)
    SpinnerActivity                          0x2000015c   Data           8  pagespinneractivity.o(.data)
    otherPage                                0x20000164   Data          20  pagespinneractivity.o(.data)
    itemName                                 0x20000178   Data          20  pagespinneractivity.o(.data)
    USART_RX_BUF                             0x20000190   Data         200  usart.o(.bss)
    calendar                                 0x20000258   Data          10  rtc.o(.bss)
    __libspace_start                         0x20000264   Data          96  libspace.o(.bss)
    __temporary_stack_top$libspace           0x200002c4   Data           0  libspace.o(.bss)



==============================================================================

Memory Map of the image

  Image Entry point : 0x0800020d

  Load Region LR_1 (Base: 0x08000000, Size: 0x00009be4, Max: 0xffffffff, ABSOLUTE, COMPRESSED[0x00009b64])

    Execution Region ER_RO (Base: 0x08000000, Size: 0x00009a54, Max: 0xffffffff, ABSOLUTE)

    Base Addr    Size         Type   Attr      Idx    E Section Name        Object

    0x08000000   0x00000130   Data   RO          432    RESET               startup_stm32f10x_hd.o
    0x08000130   0x00000008   Code   RO         3265  * !!!main             c_w.l(__main.o)
    0x08000138   0x00000034   Code   RO         3491    !!!scatter          c_w.l(__scatter.o)
    0x0800016c   0x0000005a   Code   RO         3489    !!dczerorl2         c_w.l(__dczerorl2.o)
    0x080001c6   0x00000002   PAD
    0x080001c8   0x0000001c   Code   RO         3493    !!handler_zi        c_w.l(__scatter_zi.o)
    0x080001e4   0x00000002   Code   RO         3367    .ARM.Collect$$libinit$$00000000  c_w.l(libinit.o)
    0x080001e6   0x00000000   Code   RO         3371    .ARM.Collect$$libinit$$00000002  c_w.l(libinit2.o)
    0x080001e6   0x00000000   Code   RO         3373    .ARM.Collect$$libinit$$00000004  c_w.l(libinit2.o)
    0x080001e6   0x00000000   Code   RO         3376    .ARM.Collect$$libinit$$0000000A  c_w.l(libinit2.o)
    0x080001e6   0x00000000   Code   RO         3378    .ARM.Collect$$libinit$$0000000C  c_w.l(libinit2.o)
    0x080001e6   0x00000000   Code   RO         3380    .ARM.Collect$$libinit$$0000000E  c_w.l(libinit2.o)
    0x080001e6   0x00000000   Code   RO         3383    .ARM.Collect$$libinit$$00000011  c_w.l(libinit2.o)
    0x080001e6   0x00000000   Code   RO         3385    .ARM.Collect$$libinit$$00000013  c_w.l(libinit2.o)
    0x080001e6   0x00000000   Code   RO         3387    .ARM.Collect$$libinit$$00000015  c_w.l(libinit2.o)
    0x080001e6   0x00000000   Code   RO         3389    .ARM.Collect$$libinit$$00000017  c_w.l(libinit2.o)
    0x080001e6   0x00000000   Code   RO         3391    .ARM.Collect$$libinit$$00000019  c_w.l(libinit2.o)
    0x080001e6   0x00000000   Code   RO         3393    .ARM.Collect$$libinit$$0000001B  c_w.l(libinit2.o)
    0x080001e6   0x00000000   Code   RO         3395    .ARM.Collect$$libinit$$0000001D  c_w.l(libinit2.o)
    0x080001e6   0x00000000   Code   RO         3397    .ARM.Collect$$libinit$$0000001F  c_w.l(libinit2.o)
    0x080001e6   0x00000000   Code   RO         3399    .ARM.Collect$$libinit$$00000021  c_w.l(libinit2.o)
    0x080001e6   0x00000000   Code   RO         3401    .ARM.Collect$$libinit$$00000023  c_w.l(libinit2.o)
    0x080001e6   0x00000000   Code   RO         3403    .ARM.Collect$$libinit$$00000025  c_w.l(libinit2.o)
    0x080001e6   0x00000000   Code   RO         3407    .ARM.Collect$$libinit$$0000002C  c_w.l(libinit2.o)
    0x080001e6   0x00000000   Code   RO         3409    .ARM.Collect$$libinit$$0000002E  c_w.l(libinit2.o)
    0x080001e6   0x00000000   Code   RO         3411    .ARM.Collect$$libinit$$00000030  c_w.l(libinit2.o)
    0x080001e6   0x00000000   Code   RO         3413    .ARM.Collect$$libinit$$00000032  c_w.l(libinit2.o)
    0x080001e6   0x00000002   Code   RO         3414    .ARM.Collect$$libinit$$00000033  c_w.l(libinit2.o)
    0x080001e8   0x00000002   Code   RO         3432    .ARM.Collect$$libshutdown$$00000000  c_w.l(libshutdown.o)
    0x080001ea   0x00000000   Code   RO         3443    .ARM.Collect$$libshutdown$$00000003  c_w.l(libshutdown2.o)
    0x080001ea   0x00000000   Code   RO         3446    .ARM.Collect$$libshutdown$$00000006  c_w.l(libshutdown2.o)
    0x080001ea   0x00000000   Code   RO         3449    .ARM.Collect$$libshutdown$$00000009  c_w.l(libshutdown2.o)
    0x080001ea   0x00000000   Code   RO         3451    .ARM.Collect$$libshutdown$$0000000B  c_w.l(libshutdown2.o)
    0x080001ea   0x00000000   Code   RO         3454    .ARM.Collect$$libshutdown$$0000000E  c_w.l(libshutdown2.o)
    0x080001ea   0x00000002   Code   RO         3455    .ARM.Collect$$libshutdown$$0000000F  c_w.l(libshutdown2.o)
    0x080001ec   0x00000000   Code   RO         3319    .ARM.Collect$$rtentry$$00000000  c_w.l(__rtentry.o)
    0x080001ec   0x00000000   Code   RO         3336    .ARM.Collect$$rtentry$$00000002  c_w.l(__rtentry2.o)
    0x080001ec   0x00000006   Code   RO         3348    .ARM.Collect$$rtentry$$00000004  c_w.l(__rtentry4.o)
    0x080001f2   0x00000000   Code   RO         3338    .ARM.Collect$$rtentry$$00000009  c_w.l(__rtentry2.o)
    0x080001f2   0x00000004   Code   RO         3339    .ARM.Collect$$rtentry$$0000000A  c_w.l(__rtentry2.o)
    0x080001f6   0x00000000   Code   RO         3341    .ARM.Collect$$rtentry$$0000000C  c_w.l(__rtentry2.o)
    0x080001f6   0x00000008   Code   RO         3342    .ARM.Collect$$rtentry$$0000000D  c_w.l(__rtentry2.o)
    0x080001fe   0x00000002   Code   RO         3368    .ARM.Collect$$rtexit$$00000000  c_w.l(rtexit.o)
    0x08000200   0x00000000   Code   RO         3416    .ARM.Collect$$rtexit$$00000002  c_w.l(rtexit2.o)
    0x08000200   0x00000004   Code   RO         3417    .ARM.Collect$$rtexit$$00000003  c_w.l(rtexit2.o)
    0x08000204   0x00000006   Code   RO         3418    .ARM.Collect$$rtexit$$00000004  c_w.l(rtexit2.o)
    0x0800020a   0x00000002   PAD
    0x0800020c   0x00000040   Code   RO          433  * .text               startup_stm32f10x_hd.o
    0x0800024c   0x00000002   Code   RO         3257    .text               c_w.l(use_no_semi_2.o)
    0x0800024e   0x0000003e   Code   RO         3259    .text               c_w.l(strlen.o)
    0x0800028c   0x00000064   Code   RO         3261    .text               c_w.l(rt_memcpy_w.o)
    0x080002f0   0x00000006   Code   RO         3263    .text               c_w.l(heapauxi.o)
    0x080002f6   0x00000002   Code   RO         3317    .text               c_w.l(use_no_semi.o)
    0x080002f8   0x00000016   Code   RO         3320    .text               c_w.l(_rserrno.o)
    0x0800030e   0x00000002   PAD
    0x08000310   0x00000008   Code   RO         3353    .text               c_w.l(rt_errno_addr_intlibspace.o)
    0x08000318   0x00000008   Code   RO         3355    .text               c_w.l(libspace.o)
    0x08000320   0x0000004a   Code   RO         3358    .text               c_w.l(sys_stackheap_outer.o)
    0x0800036a   0x0000000c   Code   RO         3360    .text               c_w.l(exit.o)
    0x08000376   0x00000008   Code   RO         2666    i.AT24CXX_Init      24cxx.o
    0x0800037e   0x00000022   Code   RO         2667    i.AT24CXX_Read      24cxx.o
    0x080003a0   0x0000005a   Code   RO         2669    i.AT24CXX_ReadOneByte  24cxx.o
    0x080003fa   0x00000024   Code   RO         2670    i.AT24CXX_Write     24cxx.o
    0x0800041e   0x00000052   Code   RO         2672    i.AT24CXX_WriteOneByte  24cxx.o
    0x08000470   0x00000010   Code   RO         2003    i.BKP_DeInit        stm32f10x_bkp.o
    0x08000480   0x0000001c   Code   RO         2008    i.BKP_ReadBackupRegister  stm32f10x_bkp.o
    0x0800049c   0x0000001c   Code   RO         2012    i.BKP_WriteBackupRegister  stm32f10x_bkp.o
    0x080004b8   0x00000004   Code   RO          201    i.BusFault_Handler  stm32f10x_it.o
    0x080004bc   0x00000002   Code   RO          202    i.DebugMon_Handler  stm32f10x_it.o
    0x080004be   0x00000002   PAD
    0x080004c0   0x0000000c   Code   RO         2080    i.EXTI_ClearITPendingBit  stm32f10x_exti.o
    0x080004cc   0x00000094   Code   RO         2085    i.EXTI_Init         stm32f10x_exti.o
    0x08000560   0x00000034   Code   RO          574    i.FSMC_NORSRAMCmd   stm32f10x_fsmc.o
    0x08000594   0x000000e6   Code   RO          576    i.FSMC_NORSRAMInit  stm32f10x_fsmc.o
    0x0800067a   0x00000072   Code   RO         2196    i.Fill_Fast_Rec     dis_api.o
    0x080006ec   0x00000116   Code   RO          689    i.GPIO_Init         stm32f10x_gpio.o
    0x08000802   0x00000012   Code   RO          695    i.GPIO_ReadOutputDataBit  stm32f10x_gpio.o
    0x08000814   0x00000004   Code   RO          696    i.GPIO_ResetBits    stm32f10x_gpio.o
    0x08000818   0x00000004   Code   RO          697    i.GPIO_SetBits      stm32f10x_gpio.o
    0x0800081c   0x00000004   Code   RO          203    i.HardFault_Handler  stm32f10x_it.o
    0x08000820   0x00000050   Code   RO         2719    i.IIC_Ack           myiic.o
    0x08000870   0x00000034   Code   RO         2720    i.IIC_Init          myiic.o
    0x080008a4   0x00000050   Code   RO         2721    i.IIC_NAck          myiic.o
    0x080008f4   0x00000070   Code   RO         2722    i.IIC_Read_Byte     myiic.o
    0x08000964   0x00000074   Code   RO         2723    i.IIC_Send_Byte     myiic.o
    0x080009d8   0x0000004c   Code   RO         2724    i.IIC_Start         myiic.o
    0x08000a24   0x0000004c   Code   RO         2725    i.IIC_Stop          myiic.o
    0x08000a70   0x00000064   Code   RO         2726    i.IIC_Wait_Ack      myiic.o
    0x08000ad4   0x00000070   Code   RO         3119    i.IPActivityPage    ipactivity.o
    0x08000b44   0x0000003a   Code   RO         2462    i.Is_Leap_Year      rtc.o
    0x08000b7e   0x00000014   Code   RO         2197    i.LCD_Clear         dis_api.o
    0x08000b92   0x000000ac   Code   RO         2198    i.LCD_DrawLine      dis_api.o
    0x08000c3e   0x000000b0   Code   RO         2199    i.LCD_DrawLtrigo    dis_api.o
    0x08000cee   0x00000002   PAD
    0x08000cf0   0x00000010   Code   RO         2427    i.LCD_WR_DATA       fsmc.o
    0x08000d00   0x00000010   Code   RO         2428    i.LCD_WR_REG        fsmc.o
    0x08000d10   0x00000014   Code   RO         2429    i.LCD_WR_REG_DATA   fsmc.o
    0x08000d24   0x00000004   Code   RO          204    i.MemManage_Handler  stm32f10x_it.o
    0x08000d28   0x0000000a   Code   RO         2200    i.Mirro_Y           dis_api.o
    0x08000d32   0x00000002   Code   RO          205    i.NMI_Handler       stm32f10x_it.o
    0x08000d34   0x00000070   Code   RO          437    i.NVIC_Init         misc.o
    0x08000da4   0x00000014   Code   RO          438    i.NVIC_PriorityGroupConfig  misc.o
    0x08000db8   0x0000005a   Code   RO         2201    i.OPEN_WINDOW       dis_api.o
    0x08000e12   0x00000002   PAD
    0x08000e14   0x0000000c   Code   RO         2133    i.PWR_BackupAccessCmd  stm32f10x_pwr.o
    0x08000e20   0x00000002   Code   RO          206    i.PendSV_Handler    stm32f10x_it.o
    0x08000e22   0x00000002   PAD
    0x08000e24   0x00000020   Code   RO         1712    i.RCC_AHBPeriphClockCmd  stm32f10x_rcc.o
    0x08000e44   0x00000020   Code   RO         1713    i.RCC_APB1PeriphClockCmd  stm32f10x_rcc.o
    0x08000e64   0x00000020   Code   RO         1715    i.RCC_APB2PeriphClockCmd  stm32f10x_rcc.o
    0x08000e84   0x0000000c   Code   RO         1718    i.RCC_BackupResetCmd  stm32f10x_rcc.o
    0x08000e90   0x0000003c   Code   RO         1724    i.RCC_GetFlagStatus  stm32f10x_rcc.o
    0x08000ecc   0x00000034   Code   RO         1731    i.RCC_LSEConfig     stm32f10x_rcc.o
    0x08000f00   0x0000000c   Code   RO         1738    i.RCC_RTCCLKCmd     stm32f10x_rcc.o
    0x08000f0c   0x00000010   Code   RO         1739    i.RCC_RTCCLKConfig  stm32f10x_rcc.o
    0x08000f1c   0x00000010   Code   RO         1912    i.RTC_ClearITPendingBit  stm32f10x_rtc.o
    0x08000f2c   0x00000014   Code   RO         1913    i.RTC_EnterConfigMode  stm32f10x_rtc.o
    0x08000f40   0x00000014   Code   RO         1914    i.RTC_ExitConfigMode  stm32f10x_rtc.o
    0x08000f54   0x00000100   Code   RO         2464    i.RTC_Get           rtc.o
    0x08001054   0x00000014   Code   RO         1915    i.RTC_GetCounter    stm32f10x_rtc.o
    0x08001068   0x00000024   Code   RO         1918    i.RTC_GetITStatus   stm32f10x_rtc.o
    0x0800108c   0x00000078   Code   RO         2465    i.RTC_Get_Week      rtc.o
    0x08001104   0x00000028   Code   RO         2466    i.RTC_IRQHandler    rtc.o
    0x0800112c   0x00000020   Code   RO         1919    i.RTC_ITConfig      stm32f10x_rtc.o
    0x0800114c   0x000000c6   Code   RO         2467    i.RTC_Init          rtc.o
    0x08001212   0x00000064   Code   RO         2468    i.RTC_NVIC_Config   rtc.o
    0x08001276   0x00000002   PAD
    0x08001278   0x000000c8   Code   RO         2469    i.RTC_Set           rtc.o
    0x08001340   0x0000001c   Code   RO         1921    i.RTC_SetCounter    stm32f10x_rtc.o
    0x0800135c   0x00000020   Code   RO         1922    i.RTC_SetPrescaler  stm32f10x_rtc.o
    0x0800137c   0x00000014   Code   RO         1923    i.RTC_WaitForLastTask  stm32f10x_rtc.o
    0x08001390   0x00000024   Code   RO         1924    i.RTC_WaitForSynchro  stm32f10x_rtc.o
    0x080013b4   0x00000002   Code   RO          207    i.SVC_Handler       stm32f10x_it.o
    0x080013b6   0x00000008   Code   RO          264    i.SetSysClock       system_stm32f10x.o
    0x080013be   0x00000002   PAD
    0x080013c0   0x000000e0   Code   RO          265    i.SetSysClockTo72   system_stm32f10x.o
    0x080014a0   0x00000098   Code   RO         2843    i.ShowpageSpinner   component.o
    0x08001538   0x00000028   Code   RO          441    i.SysTick_CLKSourceConfig  misc.o
    0x08001560   0x00000002   Code   RO          208    i.SysTick_Handler   stm32f10x_it.o
    0x08001562   0x00000002   PAD
    0x08001564   0x00000060   Code   RO          267    i.SystemInit        system_stm32f10x.o
    0x080015c4   0x0000003a   Code   RO         2203    i.TFT_DrawPoint     dis_api.o
    0x080015fe   0x00000002   PAD
    0x08001600   0x00000108   Code   RO         2204    i.TFT_Draw_One_Char  dis_api.o
    0x08001708   0x000000f0   Code   RO         2430    i.TFT_FSMC_INIT     fsmc.o
    0x080017f8   0x00000100   Code   RO         2206    i.TFT_ShowNum       dis_api.o
    0x080018f8   0x00000040   Code   RO         2207    i.TFT_ShowString    dis_api.o
    0x08001938   0x00000060   Code   RO         2208    i.TFT_Show_Any_Picture  dis_api.o
    0x08001998   0x0000018c   Code   RO         2212    i.TFT_init          dis_api.o
    0x08001b24   0x0000057c   Code   RO         2581    i.TP_Adjust         touch.o
    0x080020a0   0x00000088   Code   RO         2583    i.TP_Drow_Touch_Point  touch.o
    0x08002128   0x00000038   Code   RO         2584    i.TP_Get_Adjdata    touch.o
    0x08002160   0x000000b4   Code   RO         2585    i.TP_Init           touch.o
    0x08002214   0x00000090   Code   RO         2586    i.TP_Read_AD        touch.o
    0x080022a4   0x00000078   Code   RO         2587    i.TP_Read_XOY       touch.o
    0x0800231c   0x00000030   Code   RO         2588    i.TP_Read_XY        touch.o
    0x0800234c   0x000000c0   Code   RO         2589    i.TP_Read_XY2       touch.o
    0x0800240c   0x0000001c   Code   RO         2590    i.TP_Save_Adjdata   touch.o
    0x08002428   0x00000110   Code   RO         2591    i.TP_Scan           touch.o
    0x08002538   0x0000004c   Code   RO         2592    i.TP_Write_Byte     touch.o
    0x08002584   0x00000088   Code   RO          379    i.USART1_IRQHandler  usart.o
    0x0800260c   0x00000054   Code   RO         1497    i.USART_GetITStatus  stm32f10x_usart.o
    0x08002660   0x0000000a   Code   RO         1507    i.USART_ReceiveData  stm32f10x_usart.o
    0x0800266a   0x00000004   Code   RO          209    i.UsageFault_Handler  stm32f10x_it.o
    0x0800266e   0x00000064   Code   RO         2214    i.Write_Word_Center  dis_api.o
    0x080026d2   0x00000006   Code   RO          380    i._sys_exit         usart.o
    0x080026d8   0x0000001c   Code   RO         3149    i.auzActivityAction  auzactivity.o
    0x080026f4   0x000000bc   Code   RO         3150    i.auzActivityItemSelect  auzactivity.o
    0x080027b0   0x00000094   Code   RO         3151    i.auzActivityPage   auzactivity.o
    0x08002844   0x00000024   Code   RO         2844    i.clear             component.o
    0x08002868   0x00000012   Code   RO         2845    i.clearPage         component.o
    0x0800287a   0x00000012   Code   RO         2846    i.clearScreen       component.o
    0x0800288c   0x00000110   Code   RO         3029    i.createActivity    activity.o
    0x0800299c   0x000000c0   Code   RO         2935    i.delatPageSelectItem  delayactivity.o
    0x08002a5c   0x0000001c   Code   RO         2936    i.delayActivityAction  delayactivity.o
    0x08002a78   0x00000140   Code   RO         2937    i.delayPage         delayactivity.o
    0x08002bb8   0x00000044   Code   RO          298    i.delay_init        delay.o
    0x08002bfc   0x0000004c   Code   RO          299    i.delay_ms          delay.o
    0x08002c48   0x0000004c   Code   RO          300    i.delay_us          delay.o
    0x08002c94   0x0000009c   Code   RO         2527    i.encoder           key.o
    0x08002d30   0x0000003c   Code   RO         2528    i.encoder_key       key.o
    0x08002d6c   0x00000052   Code   RO         2216    i.gui_4_yuanhu_CU_EMPTY  dis_api.o
    0x08002dbe   0x00000104   Code   RO         2217    i.gui_4_yuanhu_EMPTY  dis_api.o
    0x08002ec2   0x00000070   Code   RO         2218    i.gui_draw_arc      dis_api.o
    0x08002f32   0x000000e8   Code   RO         2220    i.gui_draw_circle8  dis_api.o
    0x0800301a   0x00000030   Code   RO         2222    i.gui_draw_expoint  dis_api.o
    0x0800304a   0x00000020   Code   RO         2223    i.gui_draw_hline    dis_api.o
    0x0800306a   0x000000b0   Code   RO         2225    i.gui_fill_circle   dis_api.o
    0x0800311a   0x00000002   PAD
    0x0800311c   0x0000001c   Code   RO         2773    i.homeActivityAction  homeactivity.o
    0x08003138   0x00000ed4   Code   RO         2774    i.homeActivitySelectItem  homeactivity.o
    0x0800400c   0x000000fc   Code   RO         2847    i.horizontaladderSubtracter  component.o
    0x08004108   0x0000002c   Code   RO         2563    i.initChannel       channel.o
    0x08004134   0x0000001c   Code   RO         3120    i.ipActivityAction  ipactivity.o
    0x08004150   0x000000bc   Code   RO         3121    i.ipActivityItemSelect  ipactivity.o
    0x0800420c   0x00000028   Code   RO         2529    i.key_init          key.o
    0x08004234   0x00000058   Code   RO            1    i.main              main.o
    0x0800428c   0x0000009c   Code   RO         2775    i.mainOpenSplash    homeactivity.o
    0x08004328   0x00000310   Code   RO         2776    i.mainPage          homeactivity.o
    0x08004638   0x0000003a   Code   RO         2848    i.pageButton        component.o
    0x08004672   0x0000003e   Code   RO         2849    i.pageCheckBox      component.o
    0x080046b0   0x000000b0   Code   RO         2850    i.pageCircleButton  component.o
    0x08004760   0x00000080   Code   RO         2851    i.pageSpinner       component.o
    0x080047e0   0x00000024   Code   RO         3212    i.pageSpinnerActivity  pagespinneractivity.o
    0x08004804   0x0000001c   Code   RO         3213    i.pageSpinnerActivityAction  pagespinneractivity.o
    0x08004820   0x00000080   Code   RO         2852    i.pageSpinnerItem   component.o
    0x080048a0   0x00000080   Code   RO         2853    i.pageswitch        component.o
    0x08004920   0x0000001c   Code   RO         3089    i.pwdActivityAction  pwdactivity.o
    0x0800493c   0x000000bc   Code   RO         3090    i.pwdActivityItemSelect  pwdactivity.o
    0x080049f8   0x000000d4   Code   RO         3091    i.pwdActivityPage   pwdactivity.o
    0x08004acc   0x0000007c   Code   RO         3214    i.showItem          pagespinneractivity.o
    0x08004b48   0x0000009c   Code   RO         2777    i.showVolAndTime    homeactivity.o
    0x08004be4   0x0000005a   Code   RO         3215    i.showotherItem     pagespinneractivity.o
    0x08004c3e   0x00000002   PAD
    0x08004c40   0x0000083c   Code   RO         3216    i.spinnerAction     pagespinneractivity.o
    0x0800547c   0x0000004c   Code   RO         3310    i.sqrt              m_ws.l(sqrt.o)
    0x080054c8   0x0000001c   Code   RO         2965    i.switchActivityAction  switchactivity.o
    0x080054e4   0x000000c0   Code   RO         2966    i.switchActivitySelectItem  switchactivity.o
    0x080055a4   0x00000174   Code   RO         2967    i.switchActivitypage  switchactivity.o
    0x08005718   0x0000001c   Code   RO         3059    i.timeActivityAction  timeactivity.o
    0x08005734   0x000000c0   Code   RO         3060    i.timeActivityItemSelect  timeactivity.o
    0x080057f4   0x00000204   Code   RO         3061    i.timeActivityPage  timeactivity.o
    0x080059f8   0x0000001c   Code   RO         2995    i.timerActivityAction  timeractivity.o
    0x08005a14   0x0000040c   Code   RO         2996    i.timerActivityPage  timeractivity.o
    0x08005e20   0x000000c0   Code   RO         2997    i.timerActivitySelectItem  timeractivity.o
    0x08005ee0   0x00000014   Code   RO         2854    i.titleBar          component.o
    0x08005ef4   0x0000006c   Code   RO         3031    i.toucharea         activity.o
    0x08005f60   0x0000001c   Code   RO         3179    i.uvovActivityAction  uvovactivity.o
    0x08005f7c   0x000000c0   Code   RO         3180    i.uvovActivityItemSelect  uvovactivity.o
    0x0800603c   0x000000fc   Code   RO         3181    i.uvovActivityPage  uvovactivity.o
    0x08006138   0x00000108   Code   RO         2855    i.virticleadderSubtracter  component.o
    0x08006240   0x00000018   Code   RO         3322    x$fpl$dcmpinf       fz_ws.l(dcmpi.o)
    0x08006258   0x0000005a   Code   RO         3267    x$fpl$dfixu         fz_ws.l(dfixu.o)
    0x080062b2   0x00000026   Code   RO         3271    x$fpl$dfltu         fz_ws.l(dflt_clz.o)
    0x080062d8   0x00000078   Code   RO         3277    x$fpl$dleqf         fz_ws.l(dleqf.o)
    0x08006350   0x0000009c   Code   RO         3324    x$fpl$dnaninf       fz_ws.l(dnaninf.o)
    0x080063ec   0x0000000c   Code   RO         3326    x$fpl$dretinf       fz_ws.l(dretinf.o)
    0x080063f8   0x0000006c   Code   RO         3279    x$fpl$drleqf        fz_ws.l(drleqf.o)
    0x08006464   0x000001cc   Code   RO         3328    x$fpl$dsqrt         fz_ws.l(dsqrt_noumaal.o)
    0x08006630   0x00000056   Code   RO         3281    x$fpl$f2d           fz_ws.l(f2d.o)
    0x08006686   0x00000002   PAD
    0x08006688   0x000000c4   Code   RO         3283    x$fpl$fadd          fz_ws.l(faddsub_clz.o)
    0x0800674c   0x00000184   Code   RO         3290    x$fpl$fdiv          fz_ws.l(fdiv.o)
    0x080068d0   0x00000036   Code   RO         3293    x$fpl$ffix          fz_ws.l(ffix.o)
    0x08006906   0x00000002   PAD
    0x08006908   0x0000003e   Code   RO         3297    x$fpl$ffixu         fz_ws.l(ffixu.o)
    0x08006946   0x00000002   PAD
    0x08006948   0x00000030   Code   RO         3302    x$fpl$fflt          fz_ws.l(fflt_clz.o)
    0x08006978   0x00000026   Code   RO         3301    x$fpl$ffltu         fz_ws.l(fflt_clz.o)
    0x0800699e   0x00000002   PAD
    0x080069a0   0x00000102   Code   RO         3307    x$fpl$fmul          fz_ws.l(fmul.o)
    0x08006aa2   0x0000008c   Code   RO         3330    x$fpl$fnaninf       fz_ws.l(fnaninf.o)
    0x08006b2e   0x0000000a   Code   RO         3332    x$fpl$fretinf       fz_ws.l(fretinf.o)
    0x08006b38   0x00000014   Code   RO         3284    x$fpl$frsb          fz_ws.l(faddsub_clz.o)
    0x08006b4c   0x000000ea   Code   RO         3285    x$fpl$fsub          fz_ws.l(faddsub_clz.o)
    0x08006c36   0x00000000   Code   RO         3334    x$fpl$usenofp       fz_ws.l(usenofp.o)
    0x08006c36   0x00002d78   Data   RO         2419    .constdata          font.o
    0x080099ae   0x00000018   Data   RO         2471    .constdata          rtc.o
    0x080099c6   0x00000002   PAD
    0x080099c8   0x00000028   Data   RO         2856    .constdata          component.o
    0x080099f0   0x00000044   Data   RO         2857    .conststring        component.o
    0x08009a34   0x00000020   Data   RO         3487    Region$$Table       anon$$obj.o


    Execution Region ER_RW (Base: 0x20000000, Size: 0x00000190, Max: 0xffffffff, ABSOLUTE, COMPRESSED[0x00000110])

    Base Addr    Size         Type   Attr      Idx    E Section Name        Object

    0x20000000   0x00000014   Data   RW          268    .data               system_stm32f10x.o
    0x20000014   0x00000004   Data   RW          301    .data               delay.o
    0x20000018   0x00000006   Data   RW          384    .data               usart.o
    0x2000001e   0x00000002   PAD
    0x20000020   0x00000020   Data   RW         2228    .data               dis_api.o
    0x20000040   0x00000004   Data   RW         2472    .data               rtc.o
    0x20000044   0x0000000a   Data   RW         2531    .data               key.o
    0x2000004e   0x00000002   PAD
    0x20000050   0x00000004   Data   RW         2564    .data               channel.o
    0x20000054   0x0000003a   Data   RW         2593    .data               touch.o
    0x2000008e   0x00000002   PAD
    0x20000090   0x0000002e   Data   RW         2778    .data               homeactivity.o
    0x200000be   0x00000002   PAD
    0x200000c0   0x00000034   Data   RW         2858    .data               component.o
    0x200000f4   0x00000005   Data   RW         2938    .data               delayactivity.o
    0x200000f9   0x00000003   PAD
    0x200000fc   0x00000005   Data   RW         2968    .data               switchactivity.o
    0x20000101   0x00000003   PAD
    0x20000104   0x00000005   Data   RW         2998    .data               timeractivity.o
    0x20000109   0x00000003   PAD
    0x2000010c   0x00000014   Data   RW         3032    .data               activity.o
    0x20000120   0x00000009   Data   RW         3062    .data               timeactivity.o
    0x20000129   0x00000003   PAD
    0x2000012c   0x00000009   Data   RW         3092    .data               pwdactivity.o
    0x20000135   0x00000003   PAD
    0x20000138   0x00000009   Data   RW         3122    .data               ipactivity.o
    0x20000141   0x00000003   PAD
    0x20000144   0x00000009   Data   RW         3152    .data               auzactivity.o
    0x2000014d   0x00000003   PAD
    0x20000150   0x00000009   Data   RW         3182    .data               uvovactivity.o
    0x20000159   0x00000003   PAD
    0x2000015c   0x00000032   Data   RW         3218    .data               pagespinneractivity.o


    Execution Region ER_ZI (Base: 0x20000190, Size: 0x00000738, Max: 0xffffffff, ABSOLUTE)

    Base Addr    Size         Type   Attr      Idx    E Section Name        Object

    0x20000190   0x000000c8   Zero   RW          383    .bss                usart.o
    0x20000258   0x0000000a   Zero   RW         2470    .bss                rtc.o
    0x20000262   0x00000002   PAD
    0x20000264   0x00000060   Zero   RW         3356    .bss                c_w.l(libspace.o)
    0x200002c4   0x00000004   PAD
    0x200002c8   0x00000200   Zero   RW          431    HEAP                startup_stm32f10x_hd.o
    0x200004c8   0x00000400   Zero   RW          430    STACK               startup_stm32f10x_hd.o


==============================================================================

Image component sizes


      Code (inc. data)   RO Data    RW Data    ZI Data      Debug   Object Name

       250          0          0          0          0       3115   24cxx.o
       380         52          0         20          0       2404   activity.o
       364         56          0          9          0       2068   auzactivity.o
        44          6          0          4          0       2108   channel.o
      1440         52        108         52          0       9701   component.o
       220         26          0          4          0     208539   delay.o
       540        102          0          5          0       2080   delayactivity.o
      2758         28          0         32          0      16758   dis_api.o
         0          0      11640          0          0        563   font.o
       292         26          0          0          0       2141   fsmc.o
      4920        204          0         46          0       4638   homeactivity.o
       328         52          0          9          0       2036   ipactivity.o
       256         30          0         10          0       3113   key.o
        88         20          0          0          0      27235   main.o
       172         22          0          0          0       1985   misc.o
       692        100          0          0          0       4126   myiic.o
      2386         76          0         50          0       4958   pagespinneractivity.o
       428         62          0          9          0       2072   pwdactivity.o
       972         40         24          4         10       5567   rtc.o
        64         26        304          0       1536        780   startup_stm32f10x_hd.o
        72         10          0          0          0       2612   stm32f10x_bkp.o
       160         12          0          0          0       1449   stm32f10x_exti.o
       282          6          0          0          0       1761   stm32f10x_fsmc.o
       304          0          0          0          0       3553   stm32f10x_gpio.o
        26          0          0          0          0       3550   stm32f10x_it.o
        12          6          0          0          0        494   stm32f10x_pwr.o
       248         44          0          0          0       4278   stm32f10x_rcc.o
       260         48          0          0          0       4944   stm32f10x_rtc.o
        94          0          0          0          0       2664   stm32f10x_usart.o
       592         86          0          5          0       2116   switchactivity.o
         0          0          0          0          0         32   sys.o
       328         28          0         20          0       1997   system_stm32f10x.o
       736        104          0          9          0       2152   timeactivity.o
      1256        162          0          5          0       2196   timeractivity.o
      2656        128          0         58          0       8857   touch.o
       142         14          0          6        200       2852   usart.o
       472         74          0          9          0       2120   uvovactivity.o

    ----------------------------------------------------------------------
     24254       1702      12110        400       1748     353614   Object Totals
         0          0         32          0          0          0   (incl. Generated)
        20          0          2         34          2          0   (incl. Padding)

    ----------------------------------------------------------------------

      Code (inc. data)   RO Data    RW Data    ZI Data      Debug   Library Member Name

        90          0          0          0          0          0   __dczerorl2.o
         8          0          0          0          0         68   __main.o
         0          0          0          0          0          0   __rtentry.o
        12          0          0          0          0          0   __rtentry2.o
         6          0          0          0          0          0   __rtentry4.o
        52          8          0          0          0          0   __scatter.o
        28          0          0          0          0          0   __scatter_zi.o
        22          0          0          0          0        100   _rserrno.o
        12          0          0          0          0         72   exit.o
         6          0          0          0          0        152   heapauxi.o
         2          0          0          0          0          0   libinit.o
         2          0          0          0          0          0   libinit2.o
         2          0          0          0          0          0   libshutdown.o
         2          0          0          0          0          0   libshutdown2.o
         8          4          0          0         96         68   libspace.o
         8          4          0          0          0         68   rt_errno_addr_intlibspace.o
       100          0          0          0          0         80   rt_memcpy_w.o
         2          0          0          0          0          0   rtexit.o
        10          0          0          0          0          0   rtexit2.o
        62          0          0          0          0         76   strlen.o
        74          0          0          0          0         80   sys_stackheap_outer.o
         2          0          0          0          0         68   use_no_semi.o
         2          0          0          0          0         68   use_no_semi_2.o
        24          0          0          0          0         68   dcmpi.o
        90          4          0          0          0         92   dfixu.o
        38          0          0          0          0         68   dflt_clz.o
       120          4          0          0          0         92   dleqf.o
       156          4          0          0          0         92   dnaninf.o
        12          0          0          0          0         68   dretinf.o
       108          0          0          0          0         80   drleqf.o
       460         56          0          0          0        120   dsqrt_noumaal.o
        86          4          0          0          0         84   f2d.o
       450          8          0          0          0        236   faddsub_clz.o
       388         76          0          0          0         96   fdiv.o
        54          4          0          0          0         84   ffix.o
        62          4          0          0          0         84   ffixu.o
        86          0          0          0          0        136   fflt_clz.o
       258          4          0          0          0         84   fmul.o
       140          4          0          0          0         84   fnaninf.o
        10          0          0          0          0         68   fretinf.o
         0          0          0          0          0          0   usenofp.o
        76          0          0          0          0         84   sqrt.o

    ----------------------------------------------------------------------
      3144        188          0          0        100       2620   Library Totals
        14          0          0          0          4          0   (incl. Padding)

    ----------------------------------------------------------------------

      Code (inc. data)   RO Data    RW Data    ZI Data      Debug   Library Name

       512         16          0          0         96        900   c_w.l
      2542        172          0          0          0       1636   fz_ws.l
        76          0          0          0          0         84   m_ws.l

    ----------------------------------------------------------------------
      3144        188          0          0        100       2620   Library Totals

    ----------------------------------------------------------------------

==============================================================================


      Code (inc. data)   RO Data    RW Data    ZI Data      Debug   

     27398       1890      12110        400       1848     346714   Grand Totals
     27398       1890      12110        272       1848     346714   ELF Image Totals (compressed)
     27398       1890      12110        272          0          0   ROM Totals

==============================================================================

    Total RO  Size (Code + RO Data)                39508 (  38.58kB)
    Total RW  Size (RW Data + ZI Data)              2248 (   2.20kB)
    Total ROM Size (Code + RO Data + RW Data)      39780 (  38.85kB)

==============================================================================

